Component: Arm Compiler for Embedded 6.18 Tool: armlink [5e4cc100]

==============================================================================

Section Cross References

    main.o(.text) refers (Special) to _printf_percent.o(.ARM.Collect$$_printf_percent$$00000000) for _printf_percent
    main.o(.text) refers (Special) to _printf_pad.o(.text) for _printf_pre_padding
    main.o(.text) refers (Special) to _printf_truncate.o(.text) for _printf_truncate_unsigned
    main.o(.text) refers (Special) to _printf_c.o(.ARM.Collect$$_printf_percent$$00000013) for _printf_c
    main.o(.text) refers (Special) to _printf_x.o(.ARM.Collect$$_printf_percent$$0000000C) for _printf_x
    main.o(.text) refers (Special) to _printf_o.o(.ARM.Collect$$_printf_percent$$0000000B) for _printf_o
    main.o(.text) refers (Special) to _printf_i.o(.ARM.Collect$$_printf_percent$$00000008) for _printf_i
    main.o(.text) refers (Special) to _printf_d.o(.ARM.Collect$$_printf_percent$$00000009) for _printf_d
    main.o(.text) refers (Special) to _printf_u.o(.ARM.Collect$$_printf_percent$$0000000A) for _printf_u
    main.o(.text) refers (Special) to _printf_lc.o(.ARM.Collect$$_printf_percent$$00000015) for _printf_lc
    main.o(.text) refers (Special) to _printf_dec.o(.text) for _printf_int_dec
    main.o(.text) refers (Special) to _printf_oct_int.o(.text) for _printf_longlong_oct
    main.o(.text) refers (Special) to _printf_hex_int.o(.text) for _printf_longlong_hex
    main.o(.text) refers (Special) to _printf_str.o(.text) for _printf_str
    main.o(.text) refers (Special) to _printf_wctomb.o(.text) for _printf_wctomb
    main.o(.text) refers to misc.o(.text) for NVIC_PriorityGroupConfig
    main.o(.text) refers to common.o(.text) for delay_init
    main.o(.text) refers to lcd.o(.text) for LCD_Init
    main.o(.text) refers to touch.o(.text) for Touch_Init
    main.o(.text) refers to valuepack.o(.text) for initValuePack
    main.o(.text) refers to key.o(.text) for KEY_Init
    main.o(.text) refers to adc.o(.text) for ADC1_Init2
    main.o(.text) refers to timer.o(.text) for TIM2_Init2
    main.o(.text) refers to ad9833.o(.text) for AD9833_Init
    main.o(.text) refers to input_event.o(.text) for input_event
    main.o(.text) refers to screen_main.o(.text) for Screen_main
    main.o(.text) refers to timer4.o(.text) for TIM3_Init
    main.o(.text) refers to timer4.o(.bss..L_MergedGlobals) for Frequency
    main.o(.text) refers to noretval__2sprintf.o(.text) for __2sprintf
    main.o(.ARM.exidx) refers (Special) to _printf_percent.o(.ARM.Collect$$_printf_percent$$00000000) for _printf_percent
    main.o(.ARM.exidx) refers (Special) to _printf_pad.o(.text) for _printf_pre_padding
    main.o(.ARM.exidx) refers (Special) to _printf_truncate.o(.text) for _printf_truncate_unsigned
    main.o(.ARM.exidx) refers (Special) to _printf_c.o(.ARM.Collect$$_printf_percent$$00000013) for _printf_c
    main.o(.ARM.exidx) refers (Special) to _printf_x.o(.ARM.Collect$$_printf_percent$$0000000C) for _printf_x
    main.o(.ARM.exidx) refers (Special) to _printf_o.o(.ARM.Collect$$_printf_percent$$0000000B) for _printf_o
    main.o(.ARM.exidx) refers (Special) to _printf_i.o(.ARM.Collect$$_printf_percent$$00000008) for _printf_i
    main.o(.ARM.exidx) refers (Special) to _printf_d.o(.ARM.Collect$$_printf_percent$$00000009) for _printf_d
    main.o(.ARM.exidx) refers (Special) to _printf_u.o(.ARM.Collect$$_printf_percent$$0000000A) for _printf_u
    main.o(.ARM.exidx) refers (Special) to _printf_lc.o(.ARM.Collect$$_printf_percent$$00000015) for _printf_lc
    main.o(.ARM.exidx) refers (Special) to _printf_dec.o(.text) for _printf_int_dec
    main.o(.ARM.exidx) refers (Special) to _printf_oct_int.o(.text) for _printf_longlong_oct
    main.o(.ARM.exidx) refers (Special) to _printf_hex_int.o(.text) for _printf_longlong_hex
    main.o(.ARM.exidx) refers (Special) to _printf_str.o(.text) for _printf_str
    main.o(.ARM.exidx) refers (Special) to _printf_wctomb.o(.text) for _printf_wctomb
    main.o(.ARM.exidx) refers to main.o(.text) for [Anonymous Symbol]
    main.o(.ARM.use_no_argv) refers (Special) to _printf_percent.o(.ARM.Collect$$_printf_percent$$00000000) for _printf_percent
    main.o(.ARM.use_no_argv) refers (Special) to _printf_pad.o(.text) for _printf_pre_padding
    main.o(.ARM.use_no_argv) refers (Special) to _printf_truncate.o(.text) for _printf_truncate_unsigned
    main.o(.ARM.use_no_argv) refers (Special) to _printf_c.o(.ARM.Collect$$_printf_percent$$00000013) for _printf_c
    main.o(.ARM.use_no_argv) refers (Special) to _printf_x.o(.ARM.Collect$$_printf_percent$$0000000C) for _printf_x
    main.o(.ARM.use_no_argv) refers (Special) to _printf_o.o(.ARM.Collect$$_printf_percent$$0000000B) for _printf_o
    main.o(.ARM.use_no_argv) refers (Special) to _printf_i.o(.ARM.Collect$$_printf_percent$$00000008) for _printf_i
    main.o(.ARM.use_no_argv) refers (Special) to _printf_d.o(.ARM.Collect$$_printf_percent$$00000009) for _printf_d
[...]
    I_control                                0x08003e79   Thumb Code     2  19c_main_progress.o(.text)
    dds_sweep                                0x08003e7d   Thumb Code   284  19c_main_progress.o(.text)
    Display_characteristic2                  0x08003f99   Thumb Code  1820  19c_main_progress.o(.text)
    NVIC_PriorityGroupConfig                 0x080046b5   Thumb Code    20  misc.o(.text)
    NVIC_Init                                0x080046c9   Thumb Code   100  misc.o(.text)
    NVIC_SetVectorTable                      0x0800472d   Thumb Code    24  misc.o(.text)
    NVIC_SystemLPConfig                      0x08004745   Thumb Code    24  misc.o(.text)
    SysTick_CLKSourceConfig                  0x0800475d   Thumb Code    24  misc.o(.text)
    GPIO_DeInit                              0x08004775   Thumb Code    48  stm32f4xx_gpio.o(.text)
    GPIO_Init                                0x080047d1   Thumb Code   256  stm32f4xx_gpio.o(.text)
    GPIO_StructInit                          0x080048d1   Thumb Code    12  stm32f4xx_gpio.o(.text)
    GPIO_PinLockConfig                       0x080048dd   Thumb Code    36  stm32f4xx_gpio.o(.text)
    GPIO_ReadInputDataBit                    0x08004901   Thumb Code    10  stm32f4xx_gpio.o(.text)
    GPIO_ReadInputData                       0x0800490d   Thumb Code     6  stm32f4xx_gpio.o(.text)
    GPIO_ReadOutputDataBit                   0x08004915   Thumb Code    10  stm32f4xx_gpio.o(.text)
    GPIO_ReadOutputData                      0x08004921   Thumb Code     6  stm32f4xx_gpio.o(.text)
    GPIO_SetBits                             0x08004929   Thumb Code     4  stm32f4xx_gpio.o(.text)
    GPIO_ResetBits                           0x0800492d   Thumb Code     4  stm32f4xx_gpio.o(.text)
    GPIO_WriteBit                            0x08004931   Thumb Code    10  stm32f4xx_gpio.o(.text)
    GPIO_Write                               0x0800493d   Thumb Code     4  stm32f4xx_gpio.o(.text)
    GPIO_ToggleBits                          0x08004941   Thumb Code     8  stm32f4xx_gpio.o(.text)
    GPIO_PinAFConfig                         0x08004949   Thumb Code    40  stm32f4xx_gpio.o(.text)
    FSMC_NORSRAMDeInit                       0x08004971   Thumb Code    50  stm32f4xx_fsmc.o(.text)
    FSMC_NORSRAMInit                         0x080049a5   Thumb Code   192  stm32f4xx_fsmc.o(.text)
    FSMC_NORSRAMStructInit                   0x08004a65   Thumb Code    52  stm32f4xx_fsmc.o(.text)
    FSMC_NORSRAMCmd                          0x08004a99   Thumb Code    36  stm32f4xx_fsmc.o(.text)
    FSMC_NANDDeInit                          0x08004abd   Thumb Code    58  stm32f4xx_fsmc.o(.text)
    FSMC_NANDInit                            0x08004af9   Thumb Code   124  stm32f4xx_fsmc.o(.text)
    FSMC_NANDStructInit                      0x08004b75   Thumb Code    42  stm32f4xx_fsmc.o(.text)
    FSMC_NANDCmd                             0x08004ba1   Thumb Code    72  stm32f4xx_fsmc.o(.text)
    FSMC_NANDECCCmd                          0x08004be9   Thumb Code    72  stm32f4xx_fsmc.o(.text)
    FSMC_GetECC                              0x08004c31   Thumb Code    22  stm32f4xx_fsmc.o(.text)
    FSMC_PCCARDDeInit                        0x08004c49   Thumb Code    26  stm32f4xx_fsmc.o(.text)
    FSMC_PCCARDInit                          0x08004c65   Thumb Code   110  stm32f4xx_fsmc.o(.text)
    FSMC_PCCARDStructInit                    0x08004cd5   Thumb Code    42  stm32f4xx_fsmc.o(.text)
    FSMC_PCCARDCmd                           0x08004d01   Thumb Code    32  stm32f4xx_fsmc.o(.text)
    FSMC_ITConfig                            0x08004d21   Thumb Code   120  stm32f4xx_fsmc.o(.text)
    FSMC_GetFlagStatus                       0x08004d99   Thumb Code    30  stm32f4xx_fsmc.o(.text)
    FSMC_ClearFlag                           0x08004db9   Thumb Code    28  stm32f4xx_fsmc.o(.text)
    FSMC_GetITStatus                         0x08004dd5   Thumb Code    44  stm32f4xx_fsmc.o(.text)
    FSMC_ClearITPendingBit                   0x08004e01   Thumb Code    30  stm32f4xx_fsmc.o(.text)
    RCC_DeInit                               0x08004e21   Thumb Code    80  stm32f4xx_rcc.o(.text)
    RCC_HSEConfig                            0x08004e71   Thumb Code    16  stm32f4xx_rcc.o(.text)
    RCC_WaitForHSEStartUp                    0x08004e81   Thumb Code   114  stm32f4xx_rcc.o(.text)
    RCC_GetFlagStatus                        0x08004ef5   Thumb Code    38  stm32f4xx_rcc.o(.text)
    RCC_AdjustHSICalibrationValue            0x08004f1d   Thumb Code    22  stm32f4xx_rcc.o(.text)
    RCC_HSICmd                               0x08004f35   Thumb Code    10  stm32f4xx_rcc.o(.text)
    RCC_LSEConfig                            0x08004f41   Thumb Code    38  stm32f4xx_rcc.o(.text)
    RCC_LSICmd                               0x08004f69   Thumb Code    12  stm32f4xx_rcc.o(.text)
    RCC_PLLConfig                            0x08004f75   Thumb Code    46  stm32f4xx_rcc.o(.text)
    RCC_PLLCmd                               0x08004fa5   Thumb Code    10  stm32f4xx_rcc.o(.text)
    RCC_PLLI2SConfig                         0x08004fb1   Thumb Code    18  stm32f4xx_rcc.o(.text)
    RCC_PLLI2SCmd                            0x08004fc5   Thumb Code    10  stm32f4xx_rcc.o(.text)
    RCC_PLLSAIConfig                         0x08004fd1   Thumb Code    22  stm32f4xx_rcc.o(.text)
    RCC_PLLSAICmd                            0x08004fe9   Thumb Code    10  stm32f4xx_rcc.o(.text)
    RCC_ClockSecuritySystemCmd               0x08004ff5   Thumb Code    10  stm32f4xx_rcc.o(.text)
    RCC_MCO1Config                           0x08005001   Thumb Code    22  stm32f4xx_rcc.o(.text)
    RCC_MCO2Config                           0x08005019   Thumb Code    22  stm32f4xx_rcc.o(.text)
    RCC_SYSCLKConfig                         0x08005031   Thumb Code    20  stm32f4xx_rcc.o(.text)
    RCC_GetSYSCLKSource                      0x08005045   Thumb Code    16  stm32f4xx_rcc.o(.text)
    RCC_HCLKConfig                           0x08005055   Thumb Code    20  stm32f4xx_rcc.o(.text)
    RCC_PCLK1Config                          0x08005069   Thumb Code    20  stm32f4xx_rcc.o(.text)
    RCC_PCLK2Config                          0x0800507d   Thumb Code    22  stm32f4xx_rcc.o(.text)
    RCC_GetClocksFreq                        0x08005095   Thumb Code   152  stm32f4xx_rcc.o(.text)
    RCC_RTCCLKConfig                         0x0800512d   Thumb Code    50  stm32f4xx_rcc.o(.text)
    RCC_RTCCLKCmd                            0x08005161   Thumb Code    12  stm32f4xx_rcc.o(.text)
    RCC_BackupResetCmd                       0x0800516d   Thumb Code    12  stm32f4xx_rcc.o(.text)
    RCC_I2SCLKConfig                         0x08005179   Thumb Code    12  stm32f4xx_rcc.o(.text)
    RCC_SAIPLLI2SClkDivConfig                0x08005185   Thumb Code    22  stm32f4xx_rcc.o(.text)
    RCC_SAIPLLSAIClkDivConfig                0x0800519d   Thumb Code    28  stm32f4xx_rcc.o(.text)
    RCC_SAIBlockACLKConfig                   0x080051b9   Thumb Code    20  stm32f4xx_rcc.o(.text)
    RCC_SAIBlockBCLKConfig                   0x080051cd   Thumb Code    20  stm32f4xx_rcc.o(.text)
    RCC_LTDCCLKDivConfig                     0x080051e1   Thumb Code    20  stm32f4xx_rcc.o(.text)
    RCC_TIMCLKPresConfig                     0x080051f5   Thumb Code    12  stm32f4xx_rcc.o(.text)
    RCC_AHB1PeriphClockCmd                   0x08005201   Thumb Code    24  stm32f4xx_rcc.o(.text)
    RCC_AHB2PeriphClockCmd                   0x08005219   Thumb Code    24  stm32f4xx_rcc.o(.text)
    RCC_AHB3PeriphClockCmd                   0x08005231   Thumb Code    24  stm32f4xx_rcc.o(.text)
    RCC_APB1PeriphClockCmd                   0x08005249   Thumb Code    24  stm32f4xx_rcc.o(.text)
    RCC_APB2PeriphClockCmd                   0x08005261   Thumb Code    24  stm32f4xx_rcc.o(.text)
    RCC_AHB1PeriphResetCmd                   0x08005279   Thumb Code    24  stm32f4xx_rcc.o(.text)
    RCC_AHB2PeriphResetCmd                   0x08005291   Thumb Code    24  stm32f4xx_rcc.o(.text)
    RCC_AHB3PeriphResetCmd                   0x080052a9   Thumb Code    24  stm32f4xx_rcc.o(.text)
    RCC_APB1PeriphResetCmd                   0x080052c1   Thumb Code    24  stm32f4xx_rcc.o(.text)
    RCC_APB2PeriphResetCmd                   0x080052d9   Thumb Code    24  stm32f4xx_rcc.o(.text)
    RCC_AHB1PeriphClockLPModeCmd             0x080052f1   Thumb Code    24  stm32f4xx_rcc.o(.text)
    RCC_AHB2PeriphClockLPModeCmd             0x08005309   Thumb Code    24  stm32f4xx_rcc.o(.text)
    RCC_AHB3PeriphClockLPModeCmd             0x08005321   Thumb Code    24  stm32f4xx_rcc.o(.text)
    RCC_APB1PeriphClockLPModeCmd             0x08005339   Thumb Code    24  stm32f4xx_rcc.o(.text)
    RCC_APB2PeriphClockLPModeCmd             0x08005351   Thumb Code    24  stm32f4xx_rcc.o(.text)
    RCC_LSEModeConfig                        0x08005369   Thumb Code    24  stm32f4xx_rcc.o(.text)
    RCC_ITConfig                             0x08005381   Thumb Code    24  stm32f4xx_rcc.o(.text)
    RCC_ClearFlag                            0x08005399   Thumb Code    18  stm32f4xx_rcc.o(.text)
    RCC_GetITStatus                          0x080053ad   Thumb Code    18  stm32f4xx_rcc.o(.text)
    RCC_ClearITPendingBit                    0x080053c1   Thumb Code    12  stm32f4xx_rcc.o(.text)
    USART_DeInit                             0x080053cd   Thumb Code   326  stm32f4xx_usart.o(.text)
    USART_Init                               0x08005515   Thumb Code   186  stm32f4xx_usart.o(.text)
    USART_StructInit                         0x080055d1   Thumb Code    18  stm32f4xx_usart.o(.text)
    USART_ClockInit                          0x080055e5   Thumb Code    34  stm32f4xx_usart.o(.text)
    USART_ClockStructInit                    0x08005609   Thumb Code     8  stm32f4xx_usart.o(.text)
    USART_Cmd                                0x08005611   Thumb Code    20  stm32f4xx_usart.o(.text)
    USART_SetPrescaler                       0x08005625   Thumb Code    16  stm32f4xx_usart.o(.text)
    USART_OverSampling8Cmd                   0x08005635   Thumb Code    20  stm32f4xx_usart.o(.text)
    USART_OneBitMethodCmd                    0x08005649   Thumb Code    20  stm32f4xx_usart.o(.text)
    USART_SendData                           0x0800565d   Thumb Code     8  stm32f4xx_usart.o(.text)
    USART_ReceiveData                        0x08005665   Thumb Code     8  stm32f4xx_usart.o(.text)
    USART_SetAddress                         0x0800566d   Thumb Code    16  stm32f4xx_usart.o(.text)
    USART_ReceiverWakeUpCmd                  0x0800567d   Thumb Code    20  stm32f4xx_usart.o(.text)
    USART_WakeUpConfig                       0x08005691   Thumb Code    16  stm32f4xx_usart.o(.text)
    USART_LINBreakDetectLengthConfig         0x080056a1   Thumb Code    16  stm32f4xx_usart.o(.text)
    USART_LINCmd                             0x080056b1   Thumb Code    20  stm32f4xx_usart.o(.text)
    USART_SendBreak                          0x080056c5   Thumb Code    10  stm32f4xx_usart.o(.text)
    USART_HalfDuplexCmd                      0x080056d1   Thumb Code    20  stm32f4xx_usart.o(.text)
    USART_SetGuardTime                       0x080056e5   Thumb Code    16  stm32f4xx_usart.o(.text)
    USART_SmartCardCmd                       0x080056f5   Thumb Code    20  stm32f4xx_usart.o(.text)
    USART_SmartCardNACKCmd                   0x08005709   Thumb Code    20  stm32f4xx_usart.o(.text)
    USART_IrDAConfig                         0x0800571d   Thumb Code    16  stm32f4xx_usart.o(.text)
    USART_IrDACmd                            0x0800572d   Thumb Code    20  stm32f4xx_usart.o(.text)
    USART_DMACmd                             0x08005741   Thumb Code    16  stm32f4xx_usart.o(.text)
    USART_ITConfig                           0x08005751   Thumb Code    46  stm32f4xx_usart.o(.text)
    USART_GetFlagStatus                      0x08005781   Thumb Code    10  stm32f4xx_usart.o(.text)
    USART_ClearFlag                          0x0800578d   Thumb Code     6  stm32f4xx_usart.o(.text)
    USART_GetITStatus                        0x08005795   Thumb Code    50  stm32f4xx_usart.o(.text)
    USART_ClearITPendingBit                  0x080057c9   Thumb Code    14  stm32f4xx_usart.o(.text)
    ADC_DeInit                               0x080057d9   Thumb Code    26  stm32f4xx_adc.o(.text)
    ADC_Init                                 0x080057f5   Thumb Code    88  stm32f4xx_adc.o(.text)
    ADC_StructInit                           0x0800584d   Thumb Code    18  stm32f4xx_adc.o(.text)
    ADC_CommonInit                           0x08005861   Thumb Code    50  stm32f4xx_adc.o(.text)
    ADC_CommonStructInit                     0x08005895   Thumb Code    12  stm32f4xx_adc.o(.text)
    ADC_Cmd                                  0x080058a1   Thumb Code    16  stm32f4xx_adc.o(.text)
    ADC_AnalogWatchdogCmd                    0x080058b1   Thumb Code    18  stm32f4xx_adc.o(.text)
    ADC_AnalogWatchdogThresholdsConfig       0x080058c5   Thumb Code     6  stm32f4xx_adc.o(.text)
    ADC_AnalogWatchdogSingleChannelConfig    0x080058cd   Thumb Code    12  stm32f4xx_adc.o(.text)
    ADC_TempSensorVrefintCmd                 0x080058d9   Thumb Code    26  stm32f4xx_adc.o(.text)
    ADC_VBATCmd                              0x080058f5   Thumb Code    26  stm32f4xx_adc.o(.text)
    ADC_RegularChannelConfig                 0x08005911   Thumb Code   100  stm32f4xx_adc.o(.text)
    ADC_SoftwareStartConv                    0x08005975   Thumb Code    10  stm32f4xx_adc.o(.text)
    ADC_GetSoftwareStartConvStatus           0x08005981   Thumb Code     8  stm32f4xx_adc.o(.text)
    ADC_EOCOnEachRegularChannelCmd           0x08005989   Thumb Code    18  stm32f4xx_adc.o(.text)
    ADC_ContinuousModeCmd                    0x0800599d   Thumb Code    16  stm32f4xx_adc.o(.text)
    ADC_DiscModeChannelCountConfig           0x080059ad   Thumb Code    24  stm32f4xx_adc.o(.text)
    ADC_DiscModeCmd                          0x080059c5   Thumb Code    18  stm32f4xx_adc.o(.text)
    ADC_GetConversionValue                   0x080059d9   Thumb Code     6  stm32f4xx_adc.o(.text)
    ADC_GetMultiModeConversionValue          0x080059e1   Thumb Code    12  stm32f4xx_adc.o(.text)
    ADC_DMACmd                               0x080059ed   Thumb Code    18  stm32f4xx_adc.o(.text)
    ADC_DMARequestAfterLastTransferCmd       0x08005a01   Thumb Code    18  stm32f4xx_adc.o(.text)
    ADC_MultiModeDMARequestAfterLastTransferCmd 0x08005a15   Thumb Code    26  stm32f4xx_adc.o(.text)
    ADC_InjectedChannelConfig                0x08005a31   Thumb Code    80  stm32f4xx_adc.o(.text)
    ADC_InjectedSequencerLengthConfig        0x08005a81   Thumb Code    22  stm32f4xx_adc.o(.text)
    ADC_SetInjectedOffset                    0x08005a99   Thumb Code    22  stm32f4xx_adc.o(.text)
    ADC_ExternalTrigInjectedConvConfig       0x08005ab1   Thumb Code    12  stm32f4xx_adc.o(.text)
    ADC_ExternalTrigInjectedConvEdgeConfig   0x08005abd   Thumb Code    12  stm32f4xx_adc.o(.text)
    ADC_SoftwareStartInjectedConv            0x08005ac9   Thumb Code    10  stm32f4xx_adc.o(.text)
    ADC_GetSoftwareStartInjectedConvCmdStatus 0x08005ad5   Thumb Code     8  stm32f4xx_adc.o(.text)
    ADC_AutoInjectedConvCmd                  0x08005add   Thumb Code    18  stm32f4xx_adc.o(.text)
    ADC_InjectedDiscModeCmd                  0x08005af1   Thumb Code    18  stm32f4xx_adc.o(.text)
    ADC_GetInjectedConversionValue           0x08005b05   Thumb Code    26  stm32f4xx_adc.o(.text)
    ADC_ITConfig                             0x08005b21   Thumb Code    24  stm32f4xx_adc.o(.text)
    ADC_GetFlagStatus                        0x08005b39   Thumb Code    10  stm32f4xx_adc.o(.text)
    ADC_ClearFlag                            0x08005b45   Thumb Code     6  stm32f4xx_adc.o(.text)
    ADC_GetITStatus                          0x08005b4d   Thumb Code    24  stm32f4xx_adc.o(.text)
    ADC_ClearITPendingBit                    0x08005b65   Thumb Code     8  stm32f4xx_adc.o(.text)
    SPI_Write_Byte                           0x08005b6d   Thumb Code   126  xpt2046.o(.text)
    SPI_Read_AD                              0x08005bed   Thumb Code   220  xpt2046.o(.text)
    RTouch_Read_XorY                         0x08005cc9   Thumb Code   286  xpt2046.o(.text)
    RTouch_Read_XY                           0x08005de9   Thumb Code   104  xpt2046.o(.text)
    RTouch_Read_XY2                          0x08005e51   Thumb Code   244  xpt2046.o(.text)
    XPT2046_Scan                             0x08005f45   Thumb Code   400  xpt2046.o(.text)
    XPT2046_Init                             0x080060d5   Thumb Code   312  xpt2046.o(.text)
    TIM_DeInit                               0x0800620d   Thumb Code   538  stm32f4xx_tim.o(.text)
    TIM_TimeBaseInit                         0x08006429   Thumb Code   148  stm32f4xx_tim.o(.text)
    TIM_TimeBaseStructInit                   0x080064bd   Thumb Code    16  stm32f4xx_tim.o(.text)
    TIM_PrescalerConfig                      0x080064cd   Thumb Code     6  stm32f4xx_tim.o(.text)
    TIM_CounterModeConfig                    0x080064d5   Thumb Code    12  stm32f4xx_tim.o(.text)
    TIM_SetCounter                           0x080064e1   Thumb Code     4  stm32f4xx_tim.o(.text)
    TIM_SetAutoreload                        0x080064e5   Thumb Code     4  stm32f4xx_tim.o(.text)
    TIM_GetCounter                           0x080064e9   Thumb Code     4  stm32f4xx_tim.o(.text)
    TIM_GetPrescaler                         0x080064ed   Thumb Code     4  stm32f4xx_tim.o(.text)
    TIM_UpdateDisableConfig                  0x080064f1   Thumb Code    20  stm32f4xx_tim.o(.text)
    TIM_UpdateRequestConfig                  0x08006505   Thumb Code    20  stm32f4xx_tim.o(.text)
    TIM_ARRPreloadConfig                     0x08006519   Thumb Code    20  stm32f4xx_tim.o(.text)
    TIM_SelectOnePulseMode                   0x0800652d   Thumb Code    16  stm32f4xx_tim.o(.text)
    TIM_SetClockDivision                     0x0800653d   Thumb Code    16  stm32f4xx_tim.o(.text)
    TIM_Cmd                                  0x0800654d   Thumb Code    18  stm32f4xx_tim.o(.text)
    TIM_OC1Init                              0x08006561   Thumb Code   102  stm32f4xx_tim.o(.text)
    TIM_OC2Init                              0x080065c9   Thumb Code   112  stm32f4xx_tim.o(.text)
    TIM_OC3Init                              0x08006639   Thumb Code   112  stm32f4xx_tim.o(.text)
    TIM_OC4Init                              0x080066a9   Thumb Code    84  stm32f4xx_tim.o(.text)
    TIM_OCStructInit                         0x080066fd   Thumb Code    14  stm32f4xx_tim.o(.text)
    TIM_SelectOCxM                           0x0800670d   Thumb Code    90  stm32f4xx_tim.o(.text)
    TIM_SetCompare1                          0x08006769   Thumb Code     4  stm32f4xx_tim.o(.text)
    TIM_SetCompare2                          0x0800676d   Thumb Code     4  stm32f4xx_tim.o(.text)
    TIM_SetCompare3                          0x08006771   Thumb Code     4  stm32f4xx_tim.o(.text)
    TIM_SetCompare4                          0x08006775   Thumb Code     4  stm32f4xx_tim.o(.text)
    TIM_ForcedOC1Config                      0x08006779   Thumb Code    12  stm32f4xx_tim.o(.text)
    TIM_ForcedOC2Config                      0x08006785   Thumb Code    14  stm32f4xx_tim.o(.text)
    TIM_ForcedOC3Config                      0x08006795   Thumb Code    12  stm32f4xx_tim.o(.text)
    TIM_ForcedOC4Config                      0x080067a1   Thumb Code    14  stm32f4xx_tim.o(.text)
    TIM_OC1PreloadConfig                     0x080067b1   Thumb Code    12  stm32f4xx_tim.o(.text)
    TIM_OC2PreloadConfig                     0x080067bd   Thumb Code    14  stm32f4xx_tim.o(.text)
    TIM_OC3PreloadConfig                     0x080067cd   Thumb Code    12  stm32f4xx_tim.o(.text)
    TIM_OC4PreloadConfig                     0x080067d9   Thumb Code    14  stm32f4xx_tim.o(.text)
    TIM_OC1FastConfig                        0x080067e9   Thumb Code    12  stm32f4xx_tim.o(.text)
    TIM_OC2FastConfig                        0x080067f5   Thumb Code    14  stm32f4xx_tim.o(.text)
    TIM_OC3FastConfig                        0x08006805   Thumb Code    12  stm32f4xx_tim.o(.text)
    TIM_OC4FastConfig                        0x08006811   Thumb Code    14  stm32f4xx_tim.o(.text)
    TIM_ClearOC1Ref                          0x08006821   Thumb Code    12  stm32f4xx_tim.o(.text)
    TIM_ClearOC2Ref                          0x0800682d   Thumb Code    14  stm32f4xx_tim.o(.text)
    TIM_ClearOC3Ref                          0x0800683d   Thumb Code    12  stm32f4xx_tim.o(.text)
    TIM_ClearOC4Ref                          0x08006849   Thumb Code    14  stm32f4xx_tim.o(.text)
    TIM_OC1PolarityConfig                    0x08006859   Thumb Code    12  stm32f4xx_tim.o(.text)
    TIM_OC1NPolarityConfig                   0x08006865   Thumb Code    12  stm32f4xx_tim.o(.text)
    TIM_OC2PolarityConfig                    0x08006871   Thumb Code    14  stm32f4xx_tim.o(.text)
    TIM_OC2NPolarityConfig                   0x08006881   Thumb Code    14  stm32f4xx_tim.o(.text)
    TIM_OC3PolarityConfig                    0x08006891   Thumb Code    14  stm32f4xx_tim.o(.text)
    TIM_OC3NPolarityConfig                   0x080068a1   Thumb Code    14  stm32f4xx_tim.o(.text)
    TIM_OC4PolarityConfig                    0x080068b1   Thumb Code    14  stm32f4xx_tim.o(.text)
    TIM_CCxCmd                               0x080068c1   Thumb Code    32  stm32f4xx_tim.o(.text)
    TIM_CCxNCmd                              0x080068e1   Thumb Code    32  stm32f4xx_tim.o(.text)
    TIM_ICInit                               0x08006901   Thumb Code   270  stm32f4xx_tim.o(.text)
    TIM_SetIC1Prescaler                      0x08006a11   Thumb Code    16  stm32f4xx_tim.o(.text)
    TIM_SetIC2Prescaler                      0x08006a21   Thumb Code    18  stm32f4xx_tim.o(.text)
    TIM_SetIC3Prescaler                      0x08006a35   Thumb Code    16  stm32f4xx_tim.o(.text)
    TIM_SetIC4Prescaler                      0x08006a45   Thumb Code    18  stm32f4xx_tim.o(.text)
    TIM_ICStructInit                         0x08006a59   Thumb Code    12  stm32f4xx_tim.o(.text)
    TIM_PWMIConfig                           0x08006a65   Thumb Code   272  stm32f4xx_tim.o(.text)
    TIM_GetCapture1                          0x08006b75   Thumb Code     4  stm32f4xx_tim.o(.text)
    TIM_GetCapture2                          0x08006b79   Thumb Code     4  stm32f4xx_tim.o(.text)
    TIM_GetCapture3                          0x08006b7d   Thumb Code     4  stm32f4xx_tim.o(.text)
    TIM_GetCapture4                          0x08006b81   Thumb Code     4  stm32f4xx_tim.o(.text)
    TIM_BDTRConfig                           0x08006b85   Thumb Code    40  stm32f4xx_tim.o(.text)
    TIM_BDTRStructInit                       0x08006bad   Thumb Code    12  stm32f4xx_tim.o(.text)
    TIM_CtrlPWMOutputs                       0x08006bb9   Thumb Code    24  stm32f4xx_tim.o(.text)
    TIM_SelectCOM                            0x08006bd1   Thumb Code    20  stm32f4xx_tim.o(.text)
    TIM_CCPreloadControl                     0x08006be5   Thumb Code    18  stm32f4xx_tim.o(.text)
    TIM_ITConfig                             0x08006bf9   Thumb Code    16  stm32f4xx_tim.o(.text)
    TIM_GenerateEvent                        0x08006c09   Thumb Code     4  stm32f4xx_tim.o(.text)
    TIM_GetFlagStatus                        0x08006c0d   Thumb Code    10  stm32f4xx_tim.o(.text)
    TIM_ClearFlag                            0x08006c19   Thumb Code     6  stm32f4xx_tim.o(.text)
    TIM_GetITStatus                          0x08006c21   Thumb Code    24  stm32f4xx_tim.o(.text)
    TIM_ClearITPendingBit                    0x08006c39   Thumb Code     6  stm32f4xx_tim.o(.text)
    TIM_DMAConfig                            0x08006c41   Thumb Code     8  stm32f4xx_tim.o(.text)
    TIM_DMACmd                               0x08006c49   Thumb Code    16  stm32f4xx_tim.o(.text)
    TIM_SelectCCDMA                          0x08006c59   Thumb Code    20  stm32f4xx_tim.o(.text)
    TIM_InternalClockConfig                  0x08006c6d   Thumb Code    10  stm32f4xx_tim.o(.text)
    TIM_ITRxExternalClockConfig              0x08006c79   Thumb Code    20  stm32f4xx_tim.o(.text)
    TIM_SelectInputTrigger                   0x08006c8d   Thumb Code    12  stm32f4xx_tim.o(.text)
    TIM_TIxExternalClockConfig               0x08006c99   Thumb Code   118  stm32f4xx_tim.o(.text)
    TIM_ETRClockMode1Config                  0x08006d11   Thumb Code    30  stm32f4xx_tim.o(.text)
    TIM_ETRConfig                            0x08006d31   Thumb Code    22  stm32f4xx_tim.o(.text)
    TIM_ETRClockMode2Config                  0x08006d49   Thumb Code    30  stm32f4xx_tim.o(.text)
    TIM_SelectOutputTrigger                  0x08006d69   Thumb Code    16  stm32f4xx_tim.o(.text)
    TIM_SelectSlaveMode                      0x08006d79   Thumb Code    16  stm32f4xx_tim.o(.text)
    TIM_SelectMasterSlaveMode                0x08006d89   Thumb Code    16  stm32f4xx_tim.o(.text)
    TIM_EncoderInterfaceConfig               0x08006d99   Thumb Code    48  stm32f4xx_tim.o(.text)
    TIM_SelectHallSensor                     0x08006dc9   Thumb Code    20  stm32f4xx_tim.o(.text)
    TIM_RemapConfig                          0x08006ddd   Thumb Code     6  stm32f4xx_tim.o(.text)
    DMA_DeInit                               0x08006de5   Thumb Code   626  stm32f4xx_dma.o(.text)
    DMA_Init                                 0x08007059   Thumb Code   102  stm32f4xx_dma.o(.text)
    DMA_StructInit                           0x080070c1   Thumb Code    10  stm32f4xx_dma.o(.text)
    DMA_Cmd                                  0x080070cd   Thumb Code    16  stm32f4xx_dma.o(.text)
    DMA_PeriphIncOffsetSizeConfig            0x080070dd   Thumb Code    18  stm32f4xx_dma.o(.text)
    DMA_FlowControllerConfig                 0x080070f1   Thumb Code    16  stm32f4xx_dma.o(.text)
    DMA_SetCurrDataCounter                   0x08007101   Thumb Code     4  stm32f4xx_dma.o(.text)
    DMA_GetCurrDataCounter                   0x08007105   Thumb Code     6  stm32f4xx_dma.o(.text)
    DMA_DoubleBufferModeConfig               0x0800710d   Thumb Code    20  stm32f4xx_dma.o(.text)
    DMA_DoubleBufferModeCmd                  0x08007121   Thumb Code    18  stm32f4xx_dma.o(.text)
    DMA_MemoryTargetConfig                   0x08007135   Thumb Code    12  stm32f4xx_dma.o(.text)
    DMA_GetCurrentMemoryTarget               0x08007141   Thumb Code     8  stm32f4xx_dma.o(.text)
    DMA_GetCmdStatus                         0x08007149   Thumb Code     8  stm32f4xx_dma.o(.text)
    DMA_GetFIFOStatus                        0x08007151   Thumb Code     8  stm32f4xx_dma.o(.text)
    DMA_GetFlagStatus                        0x08007159   Thumb Code    68  stm32f4xx_dma.o(.text)
    DMA_ClearFlag                            0x0800719d   Thumb Code    62  stm32f4xx_dma.o(.text)
    DMA_ITConfig                             0x080071dd   Thumb Code    68  stm32f4xx_dma.o(.text)
    DMA_GetITStatus                          0x08007221   Thumb Code   104  stm32f4xx_dma.o(.text)
    DMA_ClearITPendingBit                    0x08007289   Thumb Code    62  stm32f4xx_dma.o(.text)
    GPIO_group_OUT                           0x080072c9   Thumb Code   476  common.o(.text)
    GPIO_bits_OUT                            0x080074a5   Thumb Code   162  common.o(.text)
    WFI_SET                                  0x08007549   Thumb Code     4  common.o(.text)
    INTX_DISABLE                             0x0800754d   Thumb Code     4  common.o(.text)
    INTX_ENABLE                              0x08007551   Thumb Code     4  common.o(.text)
    MSR_MSP                                  0x08007555   Thumb Code     6  common.o(.text)
    delay_init                               0x0800755d   Thumb Code    26  common.o(.text)
    delay_us                                 0x08007579   Thumb Code    94  common.o(.text)
    delay_xms                                0x080075d9   Thumb Code    98  common.o(.text)
    delay_ms                                 0x0800763d   Thumb Code   672  common.o(.text)
    AD9833_Init                              0x080078e1   Thumb Code    48  ad9833.o(.text)
    AD9833_Write                             0x08007911   Thumb Code   100  ad9833.o(.text)
    AD9833_AmpSet                            0x08007975   Thumb Code    70  ad9833.o(.text)
    AD9833_WaveSeting                        0x080079c1   Thumb Code   136  ad9833.o(.text)
    initValuePack                            0x08007a65   Thumb Code   178  valuepack.o(.text)
    USART6_IRQHandler                        0x08007b19   Thumb Code    78  valuepack.o(.text)
    readValuePack                            0x08007b69   Thumb Code   432  valuepack.o(.text)
    sendBuffer                               0x08007d19   Thumb Code    54  valuepack.o(.text)
    sendValuePack                            0x08007d51   Thumb Code   234  valuepack.o(.text)
    USART_OUT                                0x08007e3d   Thumb Code   486  valuepack.o(.text)
    itoa                                     0x08008025   Thumb Code   282  valuepack.o(.text)
    fputc                                    0x08008141   Thumb Code    36  valuepack.o(.text)
    arm_cmplx_mag_f32                        0x08008165   Thumb Code   246  arm_cmplx_mag_f32.o(.text)
    arm_cfft_radix8by2_f32                   0x08008261   Thumb Code   398  arm_cfft_f32.o(.text)
    arm_cfft_radix8by4_f32                   0x080083ef   Thumb Code  1098  arm_cfft_f32.o(.text)
    arm_cfft_f32                             0x08008839   Thumb Code   330  arm_cfft_f32.o(.text)
    arm_radix8_butterfly_f32                 0x08008985   Thumb Code  1244  arm_cfft_radix8_f32.o(.text)
    __2sprintf                               0x08008e61   Thumb Code    34  noretval__2sprintf.o(.text)
    _printf_pre_padding                      0x08008e89   Thumb Code    44  _printf_pad.o(.text)
    _printf_post_padding                     0x08008eb5   Thumb Code    34  _printf_pad.o(.text)
    _printf_truncate_signed                  0x08008ed7   Thumb Code    18  _printf_truncate.o(.text)
    _printf_truncate_unsigned                0x08008ee9   Thumb Code    18  _printf_truncate.o(.text)
    _printf_str                              0x08008efb   Thumb Code    82  _printf_str.o(.text)
    _printf_int_dec                          0x08008f4d   Thumb Code   104  _printf_dec.o(.text)
    _printf_wctomb                           0x08008fc5   Thumb Code   182  _printf_wctomb.o(.text)
    _printf_int_oct                          0x08009081   Thumb Code    74  _printf_oct_int.o(.text)
    _printf_longlong_oct                     0x08009081   Thumb Code     0  _printf_oct_int.o(.text)
    _printf_int_hex                          0x080090d5   Thumb Code    84  _printf_hex_int.o(.text)
    _printf_longlong_hex                     0x080090d5   Thumb Code     0  _printf_hex_int.o(.text)
    __printf                                 0x0800912d   Thumb Code   388  __printf_flags_ss_wp.o(.text)
    abs                                      0x080092b5   Thumb Code     8  abs.o(.text)
    __aeabi_memclr4                          0x080092bd   Thumb Code     0  rt_memclr_w.o(.text)
    __aeabi_memclr8                          0x080092bd   Thumb Code     0  rt_memclr_w.o(.text)
    __rt_memclr_w                            0x080092bd   Thumb Code     0  rt_memclr_w.o(.text)
    _memset_w                                0x080092c1   Thumb Code    74  rt_memclr_w.o(.text)
    __use_two_region_memory                  0x0800930b   Thumb Code     2  heapauxi.o(.text)
    __rt_heap_escrow$2region                 0x0800930d   Thumb Code     2  heapauxi.o(.text)
    __rt_heap_expand$2region                 0x0800930f   Thumb Code     2  heapauxi.o(.text)
    __read_errno                             0x08009311   Thumb Code    10  _rserrno.o(.text)
    __set_errno                              0x0800931b   Thumb Code    12  _rserrno.o(.text)
    _printf_int_common                       0x08009327   Thumb Code   178  _printf_intcommon.o(.text)
    _printf_fp_dec_real                      0x080094b7   Thumb Code   618  _printf_fp_dec_accurate.o(.text)
    _printf_char_common                      0x0800972b   Thumb Code    32  _printf_char_common.o(.text)
    _sputc                                   0x08009751   Thumb Code    10  _sputc.o(.text)
    _printf_cs_common                        0x0800975b   Thumb Code    20  _printf_char.o(.text)
    _printf_char                             0x0800976f   Thumb Code    16  _printf_char.o(.text)
    _printf_string                           0x0800977f   Thumb Code     8  _printf_char.o(.text)
    _printf_lcs_common                       0x08009787   Thumb Code    20  _printf_wchar.o(.text)
    _printf_wchar                            0x0800979b   Thumb Code    16  _printf_wchar.o(.text)
    _printf_wstring                          0x080097ab   Thumb Code     8  _printf_wchar.o(.text)
    _c16rtomb                                0x080097b3   Thumb Code    72  _c16rtomb.o(.text)
    _wcrtomb                                 0x080097b3   Thumb Code     0  _c16rtomb.o(.text)
    __rt_ctype_table                         0x080097fd   Thumb Code    16  rt_ctype_table.o(.text)
    __rt_locale                              0x0800980d   Thumb Code     8  rt_locale_intlibspace.o(.text)
    __aeabi_errno_addr                       0x08009815   Thumb Code     8  rt_errno_addr_intlibspace.o(.text)
    __errno$intlibspace                      0x08009815   Thumb Code     0  rt_errno_addr_intlibspace.o(.text)
    __rt_errno_addr$intlibspace              0x08009815   Thumb Code     0  rt_errno_addr_intlibspace.o(.text)
    _fp_trap                                 0x0800981d   Thumb Code    44  _fptrap.o(.text)
    _printf_fp_infnan                        0x0800984d   Thumb Code   112  _printf_fp_infnan.o(.text)
    _btod_main                               0x080098cd   Thumb Code   422  btod_accurate.o(.text)
    __user_libspace                          0x08009a75   Thumb Code     8  libspace.o(.text)
    __user_perproc_libspace                  0x08009a75   Thumb Code     0  libspace.o(.text)
    __user_perthread_libspace                0x08009a75   Thumb Code     0  libspace.o(.text)
    __user_setup_stackheap                   0x08009a7d   Thumb Code    74  sys_stackheap_outer.o(.text)
    _btod_approx_div10000                    0x08009ac9   Thumb Code    20  btod_accurate_common.o(.text)
    _btod_mul                                0x08009add   Thumb Code   120  btod_accurate_common.o(.text)
    _btod_pow                                0x08009b55   Thumb Code   332  btod_accurate_common.o(.text)
    _bcd2digits                              0x08009ca1   Thumb Code    88  btod_accurate_common.o(.text)
    _btod_common                             0x08009cf9   Thumb Code   238  btod_accurate_common.o(.text)
    exit                                     0x08009ded   Thumb Code    18  exit.o(.text)
    __rt_SIGFPE                              0x08009dff   Thumb Code    14  defsig_fpe_outer.o(.text)
    strcmp                                   0x08009e11   Thumb Code   124  strcmpv7em.o(.text)
    __aeabi_llsr                             0x08009e8d   Thumb Code     0  llushr.o(.text)
    _ll_ushift_r                             0x08009e8d   Thumb Code    38  llushr.o(.text)
    __sig_exit                               0x08009eb3   Thumb Code    10  defsig_exit.o(.text)
    __rt_SIGFPE_inner                        0x08009ebd   Thumb Code    62  defsig_fpe_inner.o(.text)
    _sys_exit                                0x08009f69   Thumb Code     8  sys_exit.o(.text)
    __default_signal_display                 0x08009f75   Thumb Code    50  defsig_general.o(.text)
    _ttywrch                                 0x08009fa7   Thumb Code    14  sys_wrch.o(.text)
    __I$use$semihosting                      0x08009fb5   Thumb Code     0  use_no_semi.o(.text)
    __use_no_semihosting_swi                 0x08009fb5   Thumb Code     2  use_no_semi.o(.text)
    __ARM_fpclassify                         0x08009fb7   Thumb Code    48  fpclassify.o(i.__ARM_fpclassify)
    __semihosting_library_function           0x08009fb7   Thumb Code     0  indicate_semi.o(.text)
    __hardfp_atan                            0x08009fe9   Thumb Code   622  atan.o(i.__hardfp_atan)
    __hardfp_atan2                           0x0800a2c1   Thumb Code   448  atan2.o(i.__hardfp_atan2)
    __hardfp_cos                             0x0800a4c1   Thumb Code   180  cos.o(i.__hardfp_cos)
    __hardfp_sqrtf                           0x0800a589   Thumb Code    58  sqrtf.o(i.__hardfp_sqrtf)
    __ieee754_rem_pio2                       0x0800a5c9   Thumb Code   938  rred.o(i.__ieee754_rem_pio2)
    __kernel_cos                             0x0800aa01   Thumb Code   322  cos_i.o(i.__kernel_cos)
    __kernel_poly                            0x0800ab71   Thumb Code   248  poly.o(i.__kernel_poly)
    __kernel_sin                             0x0800ac69   Thumb Code   280  sin_i.o(i.__kernel_sin)
    __mathlib_dbl_infnan                     0x0800ad99   Thumb Code    20  dunder.o(i.__mathlib_dbl_infnan)
    __mathlib_dbl_infnan2                    0x0800adad   Thumb Code    20  dunder.o(i.__mathlib_dbl_infnan2)
    __mathlib_dbl_invalid                    0x0800adc1   Thumb Code    24  dunder.o(i.__mathlib_dbl_invalid)
    __mathlib_dbl_underflow                  0x0800ade1   Thumb Code    24  dunder.o(i.__mathlib_dbl_underflow)
    _is_digit                                0x0800ae01   Thumb Code    14  __printf_wp.o(i._is_digit)
    atan                                     0x0800ae0f   Thumb Code    16  atan.o(i.atan)
    fabs                                     0x0800ae1f   Thumb Code    24  fabs.o(i.fabs)
    _get_lc_numeric                          0x0800ae39   Thumb Code    44  lc_numeric_c.o(locale$$code)
    _get_lc_ctype                            0x0800ae65   Thumb Code    44  lc_ctype_c.o(locale$$code)
    __aeabi_dneg                             0x0800ae91   Thumb Code     0  basic.o(x$fpl$basic)
    _dneg                                    0x0800ae91   Thumb Code     6  basic.o(x$fpl$basic)
    __aeabi_fneg                             0x0800ae97   Thumb Code     0  basic.o(x$fpl$basic)
    _fneg                                    0x0800ae97   Thumb Code     6  basic.o(x$fpl$basic)
    _dabs                                    0x0800ae9d   Thumb Code     6  basic.o(x$fpl$basic)
    _fabs                                    0x0800aea3   Thumb Code     6  basic.o(x$fpl$basic)
    __aeabi_d2f                              0x0800aea9   Thumb Code     0  d2f_clz.o(x$fpl$d2f)
    _d2f                                     0x0800aea9   Thumb Code   700  d2f_clz.o(x$fpl$d2f)
    __aeabi_dadd                             0x0800b16d   Thumb Code     0  daddsub_clz.o(x$fpl$dadd)
    _dadd                                    0x0800b16d   Thumb Code   580  daddsub_clz.o(x$fpl$dadd)
    __fpl_dcmp_Inf                           0x0800b3b9   Thumb Code    24  dcmpi.o(x$fpl$dcmpinf)
    __aeabi_ddiv                             0x0800b3d1   Thumb Code     0  ddiv_clz.o(x$fpl$ddiv)
    _ddiv                                    0x0800b3d1   Thumb Code   748  ddiv_clz.o(x$fpl$ddiv)
    __aeabi_cdcmpeq                          0x0800b74d   Thumb Code     0  deqf.o(x$fpl$deqf)
    _dcmpeq                                  0x0800b74d   Thumb Code   116  deqf.o(x$fpl$deqf)
    __aeabi_d2iz                             0x0800b7c1   Thumb Code     0  dfix.o(x$fpl$dfix)
    _dfix                                    0x0800b7c1   Thumb Code   192  dfix.o(x$fpl$dfix)
    __aeabi_i2d                              0x0800b889   Thumb Code     0  dflt_clz.o(x$fpl$dflt)
    _dflt                                    0x0800b889   Thumb Code    46  dflt_clz.o(x$fpl$dflt)
    __dflt_normalise                         0x0800b8b7   Thumb Code    26  dflt_clz.o(x$fpl$dfltn)
    __aeabi_ui2d                             0x0800b8d1   Thumb Code     0  dflt_clz.o(x$fpl$dfltu)
    _dfltu                                   0x0800b8d1   Thumb Code    38  dflt_clz.o(x$fpl$dfltu)
    __aeabi_cdcmpge                          0x0800b8f9   Thumb Code     0  dgeqf.o(x$fpl$dgeqf)
    _dcmpge                                  0x0800b8f9   Thumb Code   120  dgeqf.o(x$fpl$dgeqf)
    __aeabi_cdcmple                          0x0800b971   Thumb Code     0  dleqf.o(x$fpl$dleqf)
    _dcmple                                  0x0800b971   Thumb Code   120  dleqf.o(x$fpl$dleqf)
    __fpl_dcmple_InfNaN                      0x0800b9c9   Thumb Code     0  dleqf.o(x$fpl$dleqf)
    __aeabi_dmul                             0x0800b9e9   Thumb Code     0  dmul_clz.o(x$fpl$dmul)
    _dmul                                    0x0800b9e9   Thumb Code   440  dmul_clz.o(x$fpl$dmul)
    __fpl_dnaninf                            0x0800bba9   Thumb Code   262  dnaninf.o(x$fpl$dnaninf)
    __fpl_drenorm2                           0x0800bcaf   Thumb Code   106  drenorm_clz.o(x$fpl$drenorm)
    __fpl_drenorm1                           0x0800bd19   Thumb Code     6  drenorm_clz.o(x$fpl$drenorm)
    __fpl_dretinf                            0x0800bd1f   Thumb Code    12  dretinf.o(x$fpl$dretinf)
    __aeabi_drsub                            0x0800bd2d   Thumb Code     0  daddsub_clz.o(x$fpl$drsb)
    _drsb                                    0x0800bd2d   Thumb Code    74  daddsub_clz.o(x$fpl$drsb)
    __aeabi_dsub                             0x0800bd7d   Thumb Code     0  daddsub_clz.o(x$fpl$dsub)
    _dsub                                    0x0800bd7d   Thumb Code   668  daddsub_clz.o(x$fpl$dsub)
    __dunder                                 0x0800c01d   Thumb Code   314  dunder_clz.o(x$fpl$dunder)
    __dunder_d                               0x0800c157   Thumb Code    64  dunder_clz.o(x$fpl$dunder)
    __fpl_exception                          0x0800c199   Thumb Code   454  except.o(x$fpl$exception)
    __aeabi_f2d                              0x0800c385   Thumb Code     0  f2d.o(x$fpl$f2d)
    _f2d                                     0x0800c385   Thumb Code   122  f2d.o(x$fpl$f2d)
    __aeabi_dcmpeq                           0x0800c3ff   Thumb Code     0  dcmp.o(x$fpl$fcmp)
    _deq                                     0x0800c3ff   Thumb Code    14  dcmp.o(x$fpl$fcmp)
    _dneq                                    0x0800c40d   Thumb Code    14  dcmp.o(x$fpl$fcmp)
    __aeabi_dcmpgt                           0x0800c41b   Thumb Code     0  dcmp.o(x$fpl$fcmp)
    _dgr                                     0x0800c41b   Thumb Code    14  dcmp.o(x$fpl$fcmp)
    __aeabi_dcmpge                           0x0800c429   Thumb Code     0  dcmp.o(x$fpl$fcmp)
    _dgeq                                    0x0800c429   Thumb Code    14  dcmp.o(x$fpl$fcmp)
    __aeabi_dcmple                           0x0800c437   Thumb Code     0  dcmp.o(x$fpl$fcmp)
    _dleq                                    0x0800c437   Thumb Code    14  dcmp.o(x$fpl$fcmp)
    __aeabi_dcmplt                           0x0800c445   Thumb Code     0  dcmp.o(x$fpl$fcmp)
    _dls                                     0x0800c445   Thumb Code    14  dcmp.o(x$fpl$fcmp)
    __fpl_fnaninf                            0x0800c453   Thumb Code   246  fnaninf.o(x$fpl$fnaninf)
    _fp_init                                 0x0800c549   Thumb Code    22  fpinit.o(x$fpl$fpinit)
    __fplib_config_fpu_vfp                   0x0800c55d   Thumb Code     0  fpinit.o(x$fpl$fpinit)
    __fplib_config_pureend_doubles           0x0800c55d   Thumb Code     0  fpinit.o(x$fpl$fpinit)
    __fpl_fretinf                            0x0800c55f   Thumb Code    10  fretinf.o(x$fpl$fretinf)
    __funder                                 0x0800c569   Thumb Code   254  funder_clz.o(x$fpl$funder)
    __funder_d                               0x0800c667   Thumb Code    62  funder_clz.o(x$fpl$funder)
    __ieee_status                            0x0800c6a5   Thumb Code    28  istatus.o(x$fpl$ieeestatus)
    __default_to_accurate_btod               0x0800c6c5   Thumb Code     0  printf1.o(x$fpl$printf1)
    _printf_fp_dec                           0x0800c6c5   Thumb Code     4  printf1.o(x$fpl$printf1)
    __fpl_return_NaN                         0x0800c6c9   Thumb Code   178  retnan.o(x$fpl$retnan)
    _fp_trapveneer                           0x0800c77b   Thumb Code    36  trapv.o(x$fpl$trapveneer)
    __fpl_cmpreturn                          0x0800c79f   Thumb Code    90  trapv.o(x$fpl$trapveneer)
    __I$use$fp                               0x0800c7f8   Number         0  usenofp.o(x$fpl$usenofp)
    arm_cfft_sR_f32_len1024                  0x0800c7f8   Data          16  arm_const_structs.o(.constdata)
    twiddleCoef_1024                         0x0800c808   Data        8192  arm_common_tables.o(.constdata)
    armBitRevIndexTable1024                  0x0800e808   Data        3600  arm_common_tables.o(.constdata)
    __mathlib_zero                           0x0800f728   Data           8  qnan.o(.constdata)
    AHBPrescTable                            0x0800f828   Data          16  system_stm32f4xx.o(.rodata.AHBPrescTable)
    FSMC_DefaultTimingStruct                 0x0800f848   Data          28  stm32f4xx_fsmc.o(.rodata.FSMC_DefaultTimingStruct)
    char_1206                                0x0800f864   Data        1140  lcd.o(.rodata.char_1206)
    char_1608                                0x0800fcd8   Data        1520  lcd.o(.rodata.char_1608)
    char_2412                                0x080102c8   Data        4560  lcd.o(.rodata.char_2412)
    Region$$Table$$Base                      0x080114c0   Number         0  anon$$obj.o(Region$$Table)
    Region$$Table$$Limit                     0x080114e0   Number         0  anon$$obj.o(Region$$Table)
    __ctype                                  0x08011509   Data           0  lc_ctype_c.o(locale$$data)
    BACK_COLOR                               0x20000000   Data           2  lcd.o(.data.BACK_COLOR)
    CMD_RDX                                  0x20000002   Data           1  xpt2046.o(.data.CMD_RDX)
    CMD_RDY                                  0x20000003   Data           1  xpt2046.o(.data.CMD_RDY)
    SystemCoreClock                          0x20000004   Data           4  system_stm32f4xx.o(.data.SystemCoreClock)
    is_show__wave                            0x20000008   Data           4  input_event.o(.data.is_show__wave)
    rx_pack_length                           0x2000000c   Data           2  valuepack.o(.data.rx_pack_length)
    xFactor                                  0x20000010   Data           4  xpt2046.o(.data.xFactor)
    xOffset                                  0x20000014   Data           2  xpt2046.o(.data.xOffset)
    yFactor                                  0x20000018   Data           4  xpt2046.o(.data.yFactor)
    yOffset                                  0x2000001c   Data           2  xpt2046.o(.data.yOffset)
    __libspace_start                         0x20000020   Data          96  libspace.o(.bss)
    __temporary_stack_top$libspace           0x20000080   Data           0  libspace.o(.bss)
    keydown_data                             0x20000080   Data           1  key.o(.bss..L_MergedGlobals)
    keyup_data                               0x20000081   Data           1  key.o(.bss..L_MergedGlobals)
    key_tem                                  0x20000082   Data           1  key.o(.bss..L_MergedGlobals)
    key_bak                                  0x20000083   Data           1  key.o(.bss..L_MergedGlobals)
    key_time                                 0x20000084   Data           2  key.o(.bss..L_MergedGlobals)
    flag_65536                               0x20000088   Data           4  timer4.o(.bss..L_MergedGlobals)
    Frequency                                0x2000008c   Data           4  timer4.o(.bss..L_MergedGlobals)
    Screen_flash_cnt                         0x20000090   Data           2  screen_main.o(.bss..L_MergedGlobals)
    flash                                    0x20000094   Data           4  screen_main.o(.bss..L_MergedGlobals)
    frequency                                0x20000098   Data           8  screen_main.o(.bss..L_MergedGlobals)
    peak_to_peak                             0x200000a0   Data           8  screen_main.o(.bss..L_MergedGlobals)
    average                                  0x200000a8   Data           8  screen_main.o(.bss..L_MergedGlobals)
    sum                                      0x200000b4   Data           1  valuepack.o(.bss..L_MergedGlobals)
    isok                                     0x200000b5   Data           1  valuepack.o(.bss..L_MergedGlobals)
    valuepack_tx_bit_index                   0x200000b6   Data           1  valuepack.o(.bss..L_MergedGlobals)
    valuepack_tx_index                       0x200000b7   Data           1  valuepack.o(.bss..L_MergedGlobals)
    rdi                                      0x200000b8   Data           2  valuepack.o(.bss..L_MergedGlobals)
    rdii                                     0x200000ba   Data           2  valuepack.o(.bss..L_MergedGlobals)
    idl                                      0x200000bc   Data           2  valuepack.o(.bss..L_MergedGlobals)
    idi                                      0x200000be   Data           2  valuepack.o(.bss..L_MergedGlobals)
    loop                                     0x200000c0   Data           2  valuepack.o(.bss..L_MergedGlobals)
    rxIndex                                  0x200000c4   Data           4  valuepack.o(.bss..L_MergedGlobals)
    rdIndex                                  0x200000c8   Data           4  valuepack.o(.bss..L_MergedGlobals)
    vp_circle_rx_index                       0x200000cc   Data           4  valuepack.o(.bss..L_MergedGlobals)
    err                                      0x200000d0   Data           4  valuepack.o(.bss..L_MergedGlobals)
    idc                                      0x200000d4   Data           4  valuepack.o(.bss..L_MergedGlobals)
    vp_txbuff                                0x200000d8   Data           7  valuepack.o(.bss..L_MergedGlobals)
    ADC2_Value                               0x200000e0   Data        2048  adc.o(.bss.ADC2_Value)
    ADC_Value                                0x200008e0   Data        2048  adc.o(.bss.ADC_Value)
    BRUSH_COLOR                              0x200010e0   Data           2  lcd.o(.bss.BRUSH_COLOR)
    Xdown                                    0x200010e2   Data           2  xpt2046.o(.bss.Xdown)
    Xup                                      0x200010e4   Data           2  xpt2046.o(.bss.Xup)
    Ydown                                    0x200010e6   Data           2  xpt2046.o(.bss.Ydown)
    Yup                                      0x200010e8   Data           2  xpt2046.o(.bss.Yup)
    adc1_data_count                          0x200010ea   Data           2  timer.o(.bss.adc1_data_count)
    dir_flag                                 0x200010ec   Data           1  lcd.o(.bss.dir_flag)
    fft_show_idx                             0x200010ee   Data           2  fft.o(.bss.fft_show_idx)
    lBufInArray                              0x200010f0   Data        8192  fft.o(.bss.lBufInArray)
    lBufOutArray                             0x200030f0   Data        4096  fft.o(.bss.lBufOutArray)
    lcd_height                               0x200040f0   Data           2  lcd.o(.bss.lcd_height)
    lcd_id                                   0x200040f2   Data           2  lcd.o(.bss.lcd_id)
    lcd_width                                0x200040f4   Data           2  lcd.o(.bss.lcd_width)
    setxcmd                                  0x200040f6   Data           2  lcd.o(.bss.setxcmd)
    setycmd                                  0x200040f8   Data           2  lcd.o(.bss.setycmd)
    time                                     0x200040fa   Data           1  xpt2046.o(.bss.time)
    vp_rxbuff                                0x200040fb   Data        1024  valuepack.o(.bss.vp_rxbuff)
    write_gramcmd                            0x200044fc   Data           2  lcd.o(.bss.write_gramcmd)
    x                                        0x200044fe   Data           2  xpt2046.o(.bss.x)
    y                                        0x20004500   Data           2  xpt2046.o(.bss.y)



==============================================================================

Memory Map of the image

  Image Entry point : 0x08000189

  Load Region LR_IROM1 (Base: 0x08000000, Size: 0x00011630, Max: 0x00080000, ABSOLUTE)

    Execution Region ER_IROM1 (Exec base: 0x08000000, Load base: 0x08000000, Size: 0x0001160c, Max: 0x00080000, ABSOLUTE)

    Exec Addr    Load Addr    Size         Type   Attr      Idx    E Section Name        Object

    0x08000000   0x08000000   0x00000188   Data   RO           19    RESET               startup_stm32f40_41xxx.o
    0x08000188   0x08000188   0x00000008   Code   RO          738  * !!!main             c_w.l(__main.o)
    0x08000190   0x08000190   0x00000034   Code   RO         1110    !!!scatter          c_w.l(__scatter.o)
    0x080001c4   0x080001c4   0x0000001a   Code   RO         1112    !!handler_copy      c_w.l(__scatter_copy.o)
    0x080001de   0x080001de   0x00000002   PAD
    0x080001e0   0x080001e0   0x0000001c   Code   RO         1114    !!handler_zi        c_w.l(__scatter_zi.o)
    0x080001fc   0x080001fc   0x000000c0   Code   RO          571    . text              arm_cortexM4lf_math.lib(arm_bitreversal2.o)
    0x080002bc   0x080002bc   0x00000000   Code   RO          730    .ARM.Collect$$_printf_percent$$00000000  c_w.l(_printf_percent.o)
    0x080002bc   0x080002bc   0x00000006   Code   RO          729    .ARM.Collect$$_printf_percent$$00000003  c_w.l(_printf_f.o)
    0x080002c2   0x080002c2   0x00000006   Code   RO          726    .ARM.Collect$$_printf_percent$$00000008  c_w.l(_printf_i.o)
    0x080002c8   0x080002c8   0x00000006   Code   RO          727    .ARM.Collect$$_printf_percent$$00000009  c_w.l(_printf_d.o)
    0x080002ce   0x080002ce   0x00000006   Code   RO          728    .ARM.Collect$$_printf_percent$$0000000A  c_w.l(_printf_u.o)
    0x080002d4   0x080002d4   0x00000006   Code   RO          725    .ARM.Collect$$_printf_percent$$0000000B  c_w.l(_printf_o.o)
    0x080002da   0x080002da   0x00000006   Code   RO          724    .ARM.Collect$$_printf_percent$$0000000C  c_w.l(_printf_x.o)
    0x080002e0   0x080002e0   0x0000000a   Code   RO          806    .ARM.Collect$$_printf_percent$$00000012  c_w.l(_printf_l.o)
    0x080002ea   0x080002ea   0x00000006   Code   RO          723    .ARM.Collect$$_printf_percent$$00000013  c_w.l(_printf_c.o)
    0x080002f0   0x080002f0   0x00000006   Code   RO          731    .ARM.Collect$$_printf_percent$$00000015  c_w.l(_printf_lc.o)
    0x080002f6   0x080002f6   0x00000004   Code   RO          805    .ARM.Collect$$_printf_percent$$00000017  c_w.l(_printf_percent_end.o)
    0x080002fa   0x080002fa   0x00000002   Code   RO          973    .ARM.Collect$$libinit$$00000000  c_w.l(libinit.o)
    0x080002fc   0x080002fc   0x00000004   Code   RO          974    .ARM.Collect$$libinit$$00000001  c_w.l(libinit2.o)
    0x08000300   0x08000300   0x00000000   Code   RO          977    .ARM.Collect$$libinit$$00000004  c_w.l(libinit2.o)
    0x08000300   0x08000300   0x00000000   Code   RO          979    .ARM.Collect$$libinit$$00000006  c_w.l(libinit2.o)
    0x08000300   0x08000300   0x00000000   Code   RO          982    .ARM.Collect$$libinit$$0000000C  c_w.l(libinit2.o)
    0x08000300   0x08000300   0x00000000   Code   RO          984    .ARM.Collect$$libinit$$0000000E  c_w.l(libinit2.o)
    0x08000300   0x08000300   0x00000000   Code   RO          986    .ARM.Collect$$libinit$$00000010  c_w.l(libinit2.o)
    0x08000300   0x08000300   0x00000006   Code   RO          987    .ARM.Collect$$libinit$$00000011  c_w.l(libinit2.o)
    0x08000306   0x08000306   0x00000000   Code   RO          989    .ARM.Collect$$libinit$$00000013  c_w.l(libinit2.o)
    0x08000306   0x08000306   0x0000000c   Code   RO          990    .ARM.Collect$$libinit$$00000014  c_w.l(libinit2.o)
    0x08000312   0x08000312   0x00000000   Code   RO          991    .ARM.Collect$$libinit$$00000015  c_w.l(libinit2.o)
    0x08000312   0x08000312   0x00000000   Code   RO          993    .ARM.Collect$$libinit$$00000017  c_w.l(libinit2.o)
    0x08000312   0x08000312   0x0000000a   Code   RO          994    .ARM.Collect$$libinit$$00000018  c_w.l(libinit2.o)
    0x0800031c   0x0800031c   0x00000000   Code   RO          995    .ARM.Collect$$libinit$$00000019  c_w.l(libinit2.o)
    0x0800031c   0x0800031c   0x00000000   Code   RO          997    .ARM.Collect$$libinit$$0000001B  c_w.l(libinit2.o)
    0x0800031c   0x0800031c   0x00000000   Code   RO          999    .ARM.Collect$$libinit$$0000001D  c_w.l(libinit2.o)
    0x0800031c   0x0800031c   0x00000000   Code   RO         1001    .ARM.Collect$$libinit$$0000001F  c_w.l(libinit2.o)
    0x0800031c   0x0800031c   0x00000000   Code   RO         1003    .ARM.Collect$$libinit$$00000021  c_w.l(libinit2.o)
    0x0800031c   0x0800031c   0x00000000   Code   RO         1005    .ARM.Collect$$libinit$$00000023  c_w.l(libinit2.o)
    0x0800031c   0x0800031c   0x00000000   Code   RO         1007    .ARM.Collect$$libinit$$00000025  c_w.l(libinit2.o)
    0x0800031c   0x0800031c   0x00000000   Code   RO         1009    .ARM.Collect$$libinit$$00000027  c_w.l(libinit2.o)
    0x0800031c   0x0800031c   0x00000000   Code   RO         1013    .ARM.Collect$$libinit$$0000002E  c_w.l(libinit2.o)
    0x0800031c   0x0800031c   0x00000000   Code   RO         1015    .ARM.Collect$$libinit$$00000030  c_w.l(libinit2.o)
    0x0800031c   0x0800031c   0x00000000   Code   RO         1017    .ARM.Collect$$libinit$$00000032  c_w.l(libinit2.o)
    0x0800031c   0x0800031c   0x00000000   Code   RO         1019    .ARM.Collect$$libinit$$00000034  c_w.l(libinit2.o)
    0x0800031c   0x0800031c   0x00000002   Code   RO         1020    .ARM.Collect$$libinit$$00000035  c_w.l(libinit2.o)
    0x0800031e   0x0800031e   0x00000002   Code   RO         1075    .ARM.Collect$$libshutdown$$00000000  c_w.l(libshutdown.o)
    0x08000320   0x08000320   0x00000000   Code   RO         1093    .ARM.Collect$$libshutdown$$00000002  c_w.l(libshutdown2.o)
    0x08000320   0x08000320   0x00000000   Code   RO         1095    .ARM.Collect$$libshutdown$$00000004  c_w.l(libshutdown2.o)
    0x08000320   0x08000320   0x00000000   Code   RO         1098    .ARM.Collect$$libshutdown$$00000007  c_w.l(libshutdown2.o)
    0x08000320   0x08000320   0x00000000   Code   RO         1101    .ARM.Collect$$libshutdown$$0000000A  c_w.l(libshutdown2.o)
    0x08000320   0x08000320   0x00000000   Code   RO         1103    .ARM.Collect$$libshutdown$$0000000C  c_w.l(libshutdown2.o)
    0x08000320   0x08000320   0x00000000   Code   RO         1106    .ARM.Collect$$libshutdown$$0000000F  c_w.l(libshutdown2.o)
    0x08000320   0x08000320   0x00000002   Code   RO         1107    .ARM.Collect$$libshutdown$$00000010  c_w.l(libshutdown2.o)
    0x08000322   0x08000322   0x00000000   Code   RO          788    .ARM.Collect$$rtentry$$00000000  c_w.l(__rtentry.o)
    0x08000322   0x08000322   0x00000000   Code   RO          876    .ARM.Collect$$rtentry$$00000002  c_w.l(__rtentry2.o)
    0x08000322   0x08000322   0x00000006   Code   RO          888    .ARM.Collect$$rtentry$$00000004  c_w.l(__rtentry4.o)
    0x08000328   0x08000328   0x00000000   Code   RO          878    .ARM.Collect$$rtentry$$00000009  c_w.l(__rtentry2.o)
    0x08000328   0x08000328   0x00000004   Code   RO          879    .ARM.Collect$$rtentry$$0000000A  c_w.l(__rtentry2.o)
    0x0800032c   0x0800032c   0x00000000   Code   RO          881    .ARM.Collect$$rtentry$$0000000C  c_w.l(__rtentry2.o)
    0x0800032c   0x0800032c   0x00000008   Code   RO          882    .ARM.Collect$$rtentry$$0000000D  c_w.l(__rtentry2.o)
    0x08000334   0x08000334   0x00000002   Code   RO         1021    .ARM.Collect$$rtexit$$00000000  c_w.l(rtexit.o)
    0x08000336   0x08000336   0x00000000   Code   RO         1040    .ARM.Collect$$rtexit$$00000002  c_w.l(rtexit2.o)
    0x08000336   0x08000336   0x00000004   Code   RO         1041    .ARM.Collect$$rtexit$$00000003  c_w.l(rtexit2.o)
    0x0800033a   0x0800033a   0x00000006   Code   RO         1042    .ARM.Collect$$rtexit$$00000004  c_w.l(rtexit2.o)
    0x08000340   0x08000340   0x000000e8   Code   RO            1    .text               main.o
    0x08000428   0x08000428   0x00000022   Code   RO           10    .text               stm32f4xx_it.o
    0x0800044a   0x0800044a   0x00000002   PAD
    0x0800044c   0x0800044c   0x00000040   Code   RO           20    .text               startup_stm32f40_41xxx.o
    0x0800048c   0x0800048c   0x000001a4   Code   RO           26    .text               system_stm32f4xx.o
    0x08000630   0x08000630   0x000015ce   Code   RO           36    .text               lcd.o
    0x08001bfe   0x08001bfe   0x00000002   PAD
    0x08001c00   0x08001c00   0x000000de   Code   RO           63    .text               key.o
    0x08001cde   0x08001cde   0x00000002   PAD
    0x08001ce0   0x08001ce0   0x0000033c   Code   RO           72    .text               adc.o
    0x0800201c   0x0800201c   0x000001a4   Code   RO           83    .text               timer4.o
    0x080021c0   0x080021c0   0x00000198   Code   RO           97    .text               timer.o
    0x08002358   0x08002358   0x00000108   Code   RO          109    .text               input_event.o
    0x08002460   0x08002460   0x00000288   Code   RO          118    .text               fft.o
    0x080026e8   0x080026e8   0x000002a0   Code   RO          129    .text               touch.o
    0x08002988   0x08002988   0x000014ec   Code   RO          138    .text               screen_main.o
    0x08003e74   0x08003e74   0x00000004   PAD
    0x08003e78   0x08003e78   0x0000083c   Code   RO          179    .text               19c_main_progress.o
    0x080046b4   0x080046b4   0x000000c0   Code   RO          188    .text               misc.o
    0x08004774   0x08004774   0x000001fc   Code   RO          196    .text               stm32f4xx_gpio.o
    0x08004970   0x08004970   0x000004ae   Code   RO          204    .text               stm32f4xx_fsmc.o
    0x08004e1e   0x08004e1e   0x00000002   PAD
    0x08004e20   0x08004e20   0x000005ac   Code   RO          213    .text               stm32f4xx_rcc.o
    0x080053cc   0x080053cc   0x0000040a   Code   RO          223    .text               stm32f4xx_usart.o
    0x080057d6   0x080057d6   0x00000002   PAD
    0x080057d8   0x080057d8   0x00000394   Code   RO          231    .text               stm32f4xx_adc.o
    0x08005b6c   0x08005b6c   0x000006a0   Code   RO          239    .text               xpt2046.o
    0x0800620c   0x0800620c   0x00000bd6   Code   RO          267    .text               stm32f4xx_tim.o
    0x08006de2   0x08006de2   0x00000002   PAD
    0x08006de4   0x08006de4   0x000004e2   Code   RO          292    .text               stm32f4xx_dma.o
    0x080072c6   0x080072c6   0x00000002   PAD
    0x080072c8   0x080072c8   0x00000614   Code   RO          300    .text               common.o
    0x080078dc   0x080078dc   0x00000004   PAD
    0x080078e0   0x080078e0   0x00000184   Code   RO          310    .text               ad9833.o
    0x08007a64   0x08007a64   0x00000700   Code   RO          318    .text               valuepack.o
    0x08008164   0x08008164   0x000000fc   Code   RO          337    .text               arm_cortexM4lf_math.lib(arm_cmplx_mag_f32.o)
    0x08008260   0x08008260   0x00000722   Code   RO          384    .text               arm_cortexM4lf_math.lib(arm_cfft_f32.o)
    0x08008982   0x08008982   0x00000002   PAD
    0x08008984   0x08008984   0x000004dc   Code   RO          550    .text               arm_cortexM4lf_math.lib(arm_cfft_radix8_f32.o)
    0x08008e60   0x08008e60   0x00000028   Code   RO          661    .text               c_w.l(noretval__2sprintf.o)
    0x08008e88   0x08008e88   0x0000004e   Code   RO          665    .text               c_w.l(_printf_pad.o)
    0x08008ed6   0x08008ed6   0x00000024   Code   RO          667    .text               c_w.l(_printf_truncate.o)
    0x08008efa   0x08008efa   0x00000052   Code   RO          669    .text               c_w.l(_printf_str.o)
    0x08008f4c   0x08008f4c   0x00000078   Code   RO          671    .text               c_w.l(_printf_dec.o)
    0x08008fc4   0x08008fc4   0x000000bc   Code   RO          673    .text               c_w.l(_printf_wctomb.o)
    0x08009080   0x08009080   0x00000054   Code   RO          678    .text               c_w.l(_printf_oct_int.o)
    0x080090d4   0x080090d4   0x00000058   Code   RO          685    .text               c_w.l(_printf_hex_int.o)
    0x0800912c   0x0800912c   0x00000188   Code   RO          720    .text               c_w.l(__printf_flags_ss_wp.o)
    0x080092b4   0x080092b4   0x00000008   Code   RO          732    .text               c_w.l(abs.o)
    0x080092bc   0x080092bc   0x0000004e   Code   RO          734    .text               c_w.l(rt_memclr_w.o)
    0x0800930a   0x0800930a   0x00000006   Code   RO          736    .text               c_w.l(heapauxi.o)
    0x08009310   0x08009310   0x00000016   Code   RO          789    .text               c_w.l(_rserrno.o)
    0x08009326   0x08009326   0x000000b2   Code   RO          791    .text               c_w.l(_printf_intcommon.o)
    0x080093d8   0x080093d8   0x00000348   Code   RO          795    .text               c_w.l(_printf_fp_dec_accurate.o)
    0x08009720   0x08009720   0x00000030   Code   RO          797    .text               c_w.l(_printf_char_common.o)
    0x08009750   0x08009750   0x0000000a   Code   RO          799    .text               c_w.l(_sputc.o)
    0x0800975a   0x0800975a   0x0000002c   Code   RO          801    .text               c_w.l(_printf_char.o)
    0x08009786   0x08009786   0x0000002c   Code   RO          803    .text               c_w.l(_printf_wchar.o)
    0x080097b2   0x080097b2   0x00000048   Code   RO          807    .text               c_w.l(_c16rtomb.o)
    0x080097fa   0x080097fa   0x00000002   PAD
    0x080097fc   0x080097fc   0x00000010   Code   RO          890    .text               c_w.l(rt_ctype_table.o)
    0x0800980c   0x0800980c   0x00000008   Code   RO          895    .text               c_w.l(rt_locale_intlibspace.o)
    0x08009814   0x08009814   0x00000008   Code   RO          900    .text               c_w.l(rt_errno_addr_intlibspace.o)
    0x0800981c   0x0800981c   0x00000030   Code   RO          904    .text               c_w.l(_fptrap.o)
    0x0800984c   0x0800984c   0x00000080   Code   RO          906    .text               c_w.l(_printf_fp_infnan.o)
    0x080098cc   0x080098cc   0x000001a6   Code   RO          935    .text               c_w.l(btod_accurate.o)
    0x08009a72   0x08009a72   0x00000002   PAD
    0x08009a74   0x08009a74   0x00000008   Code   RO          950    .text               c_w.l(libspace.o)
    0x08009a7c   0x08009a7c   0x0000004a   Code   RO          953    .text               c_w.l(sys_stackheap_outer.o)
    0x08009ac6   0x08009ac6   0x00000002   PAD
    0x08009ac8   0x08009ac8   0x00000324   Code   RO          955    .text               c_w.l(btod_accurate_common.o)
    0x08009dec   0x08009dec   0x00000012   Code   RO          960    .text               c_w.l(exit.o)
    0x08009dfe   0x08009dfe   0x0000000e   Code   RO          962    .text               c_w.l(defsig_fpe_outer.o)
    0x08009e0c   0x08009e0c   0x00000004   PAD
    0x08009e10   0x08009e10   0x0000007c   Code   RO          966    .text               c_w.l(strcmpv7em.o)
    0x08009e8c   0x08009e8c   0x00000026   Code   RO         1025    .text               c_w.l(llushr.o)
    0x08009eb2   0x08009eb2   0x0000000a   Code   RO         1027    .text               c_w.l(defsig_exit.o)
    0x08009ebc   0x08009ebc   0x000000ac   Code   RO         1029    .text               c_w.l(defsig_fpe_inner.o)
    0x08009f68   0x08009f68   0x0000000c   Code   RO         1035    .text               c_w.l(sys_exit.o)
    0x08009f74   0x08009f74   0x00000032   Code   RO         1048    .text               c_w.l(defsig_general.o)
    0x08009fa6   0x08009fa6   0x0000000e   Code   RO         1054    .text               c_w.l(sys_wrch.o)
    0x08009fb4   0x08009fb4   0x00000002   Code   RO         1062    .text               c_w.l(use_no_semi.o)
    0x08009fb6   0x08009fb6   0x00000000   Code   RO         1064    .text               c_w.l(indicate_semi.o)
    0x08009fb6   0x08009fb6   0x00000030   Code   RO          946    i.__ARM_fpclassify  m_wm.l(fpclassify.o)
    0x08009fe6   0x08009fe6   0x00000002   PAD
    0x08009fe8   0x08009fe8   0x000002d8   Code   RO          836    i.__hardfp_atan     m_wm.l(atan.o)
    0x0800a2c0   0x0800a2c0   0x00000200   Code   RO          770    i.__hardfp_atan2    m_wm.l(atan2.o)
    0x0800a4c0   0x0800a4c0   0x000000c8   Code   RO          776    i.__hardfp_cos      m_wm.l(cos.o)
    0x0800a588   0x0800a588   0x0000003a   Code   RO          782    i.__hardfp_sqrtf    m_wm.l(sqrtf.o)
    0x0800a5c2   0x0800a5c2   0x00000006   PAD
    0x0800a5c8   0x0800a5c8   0x00000438   Code   RO          867    i.__ieee754_rem_pio2  m_wm.l(rred.o)
    0x0800aa00   0x0800aa00   0x00000170   Code   RO          843    i.__kernel_cos      m_wm.l(cos_i.o)
    0x0800ab70   0x0800ab70   0x000000f8   Code   RO          948    i.__kernel_poly     m_wm.l(poly.o)
    0x0800ac68   0x0800ac68   0x00000130   Code   RO          872    i.__kernel_sin      m_wm.l(sin_i.o)
    0x0800ad98   0x0800ad98   0x00000014   Code   RO          847    i.__mathlib_dbl_infnan  m_wm.l(dunder.o)
    0x0800adac   0x0800adac   0x00000014   Code   RO          848    i.__mathlib_dbl_infnan2  m_wm.l(dunder.o)
    0x0800adc0   0x0800adc0   0x00000020   Code   RO          849    i.__mathlib_dbl_invalid  m_wm.l(dunder.o)
    0x0800ade0   0x0800ade0   0x00000020   Code   RO          852    i.__mathlib_dbl_underflow  m_wm.l(dunder.o)
    0x0800ae00   0x0800ae00   0x0000000e   Code   RO          713    i._is_digit         c_w.l(__printf_wp.o)
    0x0800ae0e   0x0800ae0e   0x00000010   Code   RO          838    i.atan              m_wm.l(atan.o)
    0x0800ae1e   0x0800ae1e   0x00000018   Code   RO          862    i.fabs              m_wm.l(fabs.o)
    0x0800ae36   0x0800ae36   0x00000002   PAD
    0x0800ae38   0x0800ae38   0x0000002c   Code   RO          938    locale$$code        c_w.l(lc_numeric_c.o)
    0x0800ae64   0x0800ae64   0x0000002c   Code   RO          958    locale$$code        c_w.l(lc_ctype_c.o)
    0x0800ae90   0x0800ae90   0x00000018   Code   RO          809    x$fpl$basic         g_wm.l(basic.o)
    0x0800aea8   0x0800aea8   0x000002c4   Code   RO          740    x$fpl$d2f           g_wm.l(d2f_clz.o)
    0x0800b16c   0x0800b16c   0x0000024c   Code   RO          742    x$fpl$dadd          g_wm.l(daddsub_clz.o)
    0x0800b3b8   0x0800b3b8   0x00000018   Code   RO          940    x$fpl$dcmpinf       g_wm.l(dcmpi.o)
    0x0800b3d0   0x0800b3d0   0x0000037c   Code   RO          751    x$fpl$ddiv          g_wm.l(ddiv_clz.o)
    0x0800b74c   0x0800b74c   0x00000074   Code   RO          811    x$fpl$deqf          g_wm.l(deqf.o)
    0x0800b7c0   0x0800b7c0   0x000000c8   Code   RO          754    x$fpl$dfix          g_wm.l(dfix.o)
    0x0800b888   0x0800b888   0x0000002e   Code   RO          759    x$fpl$dflt          g_wm.l(dflt_clz.o)
    0x0800b8b6   0x0800b8b6   0x0000001a   Code   RO          760    x$fpl$dfltn         g_wm.l(dflt_clz.o)
    0x0800b8d0   0x0800b8d0   0x00000026   Code   RO          758    x$fpl$dfltu         g_wm.l(dflt_clz.o)
    0x0800b8f6   0x0800b8f6   0x00000002   PAD
    0x0800b8f8   0x0800b8f8   0x00000078   Code   RO          813    x$fpl$dgeqf         g_wm.l(dgeqf.o)
    0x0800b970   0x0800b970   0x00000078   Code   RO          815    x$fpl$dleqf         g_wm.l(dleqf.o)
    0x0800b9e8   0x0800b9e8   0x000001c0   Code   RO          764    x$fpl$dmul          g_wm.l(dmul_clz.o)
    0x0800bba8   0x0800bba8   0x00000106   Code   RO          817    x$fpl$dnaninf       g_wm.l(dnaninf.o)
    0x0800bcae   0x0800bcae   0x00000070   Code   RO          819    x$fpl$drenorm       g_wm.l(drenorm_clz.o)
    0x0800bd1e   0x0800bd1e   0x0000000c   Code   RO          821    x$fpl$dretinf       g_wm.l(dretinf.o)
    0x0800bd2a   0x0800bd2a   0x00000002   PAD
    0x0800bd2c   0x0800bd2c   0x00000050   Code   RO          743    x$fpl$drsb          g_wm.l(daddsub_clz.o)
    0x0800bd7c   0x0800bd7c   0x000002a0   Code   RO          744    x$fpl$dsub          g_wm.l(daddsub_clz.o)
    0x0800c01c   0x0800c01c   0x0000017a   Code   RO          823    x$fpl$dunder        g_wm.l(dunder_clz.o)
    0x0800c196   0x0800c196   0x00000002   PAD
    0x0800c198   0x0800c198   0x000001ec   Code   RO          825    x$fpl$exception     g_wm.l(except.o)
    0x0800c384   0x0800c384   0x0000007a   Code   RO          766    x$fpl$f2d           g_wm.l(f2d.o)
    0x0800c3fe   0x0800c3fe   0x00000054   Code   RO          748    x$fpl$fcmp          g_wm.l(dcmp.o)
    0x0800c452   0x0800c452   0x000000f6   Code   RO          827    x$fpl$fnaninf       g_wm.l(fnaninf.o)
    0x0800c548   0x0800c548   0x00000016   Code   RO         1033    x$fpl$fpinit        g_wm.l(fpinit.o)
    0x0800c55e   0x0800c55e   0x0000000a   Code   RO          829    x$fpl$fretinf       g_wm.l(fretinf.o)
    0x0800c568   0x0800c568   0x0000013c   Code   RO          831    x$fpl$funder        g_wm.l(funder_clz.o)
    0x0800c6a4   0x0800c6a4   0x00000020   Code   RO          942    x$fpl$ieeestatus    g_wm.l(istatus.o)
    0x0800c6c4   0x0800c6c4   0x00000004   Code   RO          768    x$fpl$printf1       g_wm.l(printf1.o)
    0x0800c6c8   0x0800c6c8   0x000000b2   Code   RO          944    x$fpl$retnan        g_wm.l(retnan.o)
    0x0800c77a   0x0800c77a   0x0000007e   Code   RO          833    x$fpl$trapveneer    g_wm.l(trapv.o)
    0x0800c7f8   0x0800c7f8   0x00000000   Code   RO          835    x$fpl$usenofp       g_wm.l(usenofp.o)
    0x0800c7f8   0x0800c7f8   0x00000010   Data   RO          421    .constdata          arm_cortexM4lf_math.lib(arm_const_structs.o)
    0x0800c808   0x0800c808   0x00002000   Data   RO          585    .constdata          arm_cortexM4lf_math.lib(arm_common_tables.o)
    0x0800e808   0x0800e808   0x00000e10   Data   RO          614    .constdata          arm_cortexM4lf_math.lib(arm_common_tables.o)
    0x0800f618   0x0800f618   0x00000008   Data   RO          674    .constdata          c_w.l(_printf_wctomb.o)
    0x0800f620   0x0800f620   0x00000028   Data   RO          686    .constdata          c_w.l(_printf_hex_int.o)
    0x0800f648   0x0800f648   0x00000011   Data   RO          721    .constdata          c_w.l(__printf_flags_ss_wp.o)
    0x0800f659   0x0800f659   0x00000007   PAD
    0x0800f660   0x0800f660   0x00000098   Data   RO          839    .constdata          m_wm.l(atan.o)
    0x0800f6f8   0x0800f6f8   0x00000030   Data   RO          844    .constdata          m_wm.l(cos_i.o)
    0x0800f728   0x0800f728   0x00000008   Data   RO          866    .constdata          m_wm.l(qnan.o)
    0x0800f730   0x0800f730   0x000000cc   Data   RO          869    .constdata          m_wm.l(rred.o)
    0x0800f7fc   0x0800f7fc   0x00000004   PAD
    0x0800f800   0x0800f800   0x00000028   Data   RO          873    .constdata          m_wm.l(sin_i.o)
    0x0800f828   0x0800f828   0x00000010   Data   RO           29    .rodata.AHBPrescTable  system_stm32f4xx.o
    0x0800f838   0x0800f838   0x00000010   Data   RO          215    .rodata.APBAHBPrescTable  stm32f4xx_rcc.o
    0x0800f848   0x0800f848   0x0000001c   Data   RO          206    .rodata.FSMC_DefaultTimingStruct  stm32f4xx_fsmc.o
    0x0800f864   0x0800f864   0x00000474   Data   RO           38    .rodata.char_1206   lcd.o
    0x0800fcd8   0x0800fcd8   0x000005f0   Data   RO           39    .rodata.char_1608   lcd.o
    0x080102c8   0x080102c8   0x000011d0   Data   RO           40    .rodata.char_2412   lcd.o
    0x08011498   0x08011498   0x00000006   Data   RO           50    .rodata.str1.1      lcd.o
    0x0801149e   0x0801149e   0x00000006   Data   RO          131    .rodata.str1.1      touch.o
    0x080114a4   0x080114a4   0x0000001c   Data   RO          140    .rodata.str1.1      screen_main.o
    0x080114c0   0x080114c0   0x00000020   Data   RO         1109    Region$$Table       anon$$obj.o
    0x080114e0   0x080114e0   0x0000001c   Data   RO          937    locale$$data        c_w.l(lc_numeric_c.o)
    0x080114fc   0x080114fc   0x00000110   Data   RO          957    locale$$data        c_w.l(lc_ctype_c.o)


    Execution Region RW_IRAM1 (Exec base: 0x20000000, Load base: 0x08011610, Size: 0x00005608, Max: 0x00020000, ABSOLUTE)

    Exec Addr    Load Addr    Size         Type   Attr      Idx    E Section Name        Object

    0x20000000   0x08011610   0x00000002   Data   RW           42    .data.BACK_COLOR    lcd.o
    0x20000002   0x08011612   0x00000001   Data   RW          245    .data.CMD_RDX       xpt2046.o
    0x20000003   0x08011613   0x00000001   Data   RW          246    .data.CMD_RDY       xpt2046.o
    0x20000004   0x08011614   0x00000004   Data   RW           28    .data.SystemCoreClock  system_stm32f4xx.o
    0x20000008   0x08011618   0x00000004   Data   RW          111    .data.is_show__wave  input_event.o
    0x2000000c   0x0801161c   0x00000002   Data   RW          322    .data.rx_pack_length  valuepack.o
    0x2000000e   0x0801161e   0x00000002   PAD
    0x20000010   0x08011620   0x00000004   Data   RW          247    .data.xFactor       xpt2046.o
    0x20000014   0x08011624   0x00000002   Data   RW          249    .data.xOffset       xpt2046.o
    0x20000016   0x08011626   0x00000002   PAD
    0x20000018   0x08011628   0x00000004   Data   RW          248    .data.yFactor       xpt2046.o
    0x2000001c   0x0801162c   0x00000002   Data   RW          250    .data.yOffset       xpt2046.o
    0x2000001e   0x0801162e   0x00000002   PAD
    0x20000020        -       0x00000060   Zero   RW          951    .bss                c_w.l(libspace.o)
    0x20000080        -       0x00000006   Zero   RW           65    .bss..L_MergedGlobals  key.o
    0x20000086   0x0801162e   0x00000002   PAD
    0x20000088        -       0x00000008   Zero   RW           90    .bss..L_MergedGlobals  timer4.o
    0x20000090        -       0x00000020   Zero   RW          143    .bss..L_MergedGlobals  screen_main.o
    0x200000b0        -       0x00000003   Zero   RW          302    .bss..L_MergedGlobals  common.o
    0x200000b3   0x0801162e   0x00000001   PAD
    0x200000b4        -       0x0000002b   Zero   RW          326    .bss..L_MergedGlobals  valuepack.o
    0x200000df   0x0801162e   0x00000001   PAD
    0x200000e0        -       0x00000800   Zero   RW           75    .bss.ADC2_Value     adc.o
    0x200008e0        -       0x00000800   Zero   RW           74    .bss.ADC_Value      adc.o
    0x200010e0        -       0x00000002   Zero   RW           41    .bss.BRUSH_COLOR    lcd.o
    0x200010e2        -       0x00000002   Zero   RW          241    .bss.Xdown          xpt2046.o
    0x200010e4        -       0x00000002   Zero   RW          243    .bss.Xup            xpt2046.o
    0x200010e6        -       0x00000002   Zero   RW          242    .bss.Ydown          xpt2046.o
    0x200010e8        -       0x00000002   Zero   RW          244    .bss.Yup            xpt2046.o
    0x200010ea        -       0x00000002   Zero   RW           99    .bss.adc1_data_count  timer.o
    0x200010ec        -       0x00000001   Zero   RW           44    .bss.dir_flag       lcd.o
    0x200010ed   0x0801162e   0x00000001   PAD
    0x200010ee        -       0x00000002   Zero   RW          120    .bss.fft_show_idx   fft.o
    0x200010f0        -       0x00002000   Zero   RW          121    .bss.lBufInArray    fft.o
    0x200030f0        -       0x00001000   Zero   RW          122    .bss.lBufOutArray   fft.o
    0x200040f0        -       0x00000002   Zero   RW           49    .bss.lcd_height     lcd.o
    0x200040f2        -       0x00000002   Zero   RW           45    .bss.lcd_id         lcd.o
    0x200040f4        -       0x00000002   Zero   RW           46    .bss.lcd_width      lcd.o
    0x200040f6        -       0x00000002   Zero   RW           47    .bss.setxcmd        lcd.o
    0x200040f8        -       0x00000002   Zero   RW           48    .bss.setycmd        lcd.o
    0x200040fa        -       0x00000001   Zero   RW          253    .bss.time           xpt2046.o
    0x200040fb        -       0x00000400   Zero   RW          323    .bss.vp_rxbuff      valuepack.o
    0x200044fb   0x0801162e   0x00000001   PAD
    0x200044fc        -       0x00000002   Zero   RW           43    .bss.write_gramcmd  lcd.o
    0x200044fe        -       0x00000002   Zero   RW          251    .bss.x              xpt2046.o
    0x20004500        -       0x00000002   Zero   RW          252    .bss.y              xpt2046.o
    0x20004502   0x0801162e   0x00000006   PAD
    0x20004508        -       0x00000200   Zero   RW           18    HEAP                startup_stm32f40_41xxx.o
    0x20004708        -       0x00000f00   Zero   RW           17    STACK               startup_stm32f40_41xxx.o


==============================================================================

Image component sizes


      Code (inc. data)   RO Data    RW Data    ZI Data      Debug   Object Name

      2108        100          0          0          0       6098   19c_main_progress.o
       388         28          0          0          0       3026   ad9833.o
       828          0          0          0       4096       7480   adc.o
      1556         34          0          0          3       4788   common.o
       648         28          0          0      12290       1784   fft.o
       264          0          0          4          0       1075   input_event.o
       222          0          0          0          6       2279   key.o
      5582         16       7226          2         15      10060   lcd.o
       232         44          0          0          0        885   main.o
       192          0          0          0          0       3122   misc.o
      5356        220         28          0         32      10315   screen_main.o
        64         26        392          0       4352        888   startup_stm32f40_41xxx.o
       916          0          0          0          0       8995   stm32f4xx_adc.o
      1250          0          0          0          0       6134   stm32f4xx_dma.o
      1198          0         28          0          0       7373   stm32f4xx_fsmc.o
       508         44          0          0          0       4466   stm32f4xx_gpio.o
        34          0          0          0          0        832   stm32f4xx_it.o
      1452          0         16          0          0      12300   stm32f4xx_rcc.o
      3030          0          0          0          0      23915   stm32f4xx_tim.o
      1034          0          0          0          0       7800   stm32f4xx_usart.o
       420          0         16          4          0       3166   system_stm32f4xx.o
       408         12          0          0          2       5357   timer.o
       420          0          0          0          8       6301   timer4.o
       672          0          6          0          0       1895   touch.o
      1792          0          0          2       1067      10399   valuepack.o
      1696          0          0         14         13       3898   xpt2046.o

    ----------------------------------------------------------------------
     32292        556       7744         32      21896     154631   Object Totals
         0          0         32          0          0          0   (incl. Generated)
        22          4          0          6         12          0   (incl. Padding)

    ----------------------------------------------------------------------

      Code (inc. data)   RO Data    RW Data    ZI Data      Debug   Library Member Name

       192          0          0          0          0        572   arm_bitreversal2.o
      1826          0          0          0          0      17385   arm_cfft_f32.o
      1244          4          0          0          0       3123   arm_cfft_radix8_f32.o
       252          6          0          0          0      19096   arm_cmplx_mag_f32.o
         0          0      11792          0          0       4704   arm_common_tables.o
         0          0         16          0          0       4212   arm_const_structs.o
         8          0          0          0          0         68   __main.o
       392          4         17          0          0         92   __printf_flags_ss_wp.o
        14          0          0          0          0         68   __printf_wp.o
         0          0          0          0          0          0   __rtentry.o
        12          0          0          0          0          0   __rtentry2.o
         6          0          0          0          0          0   __rtentry4.o
        52          8          0          0          0          0   __scatter.o
        26          0          0          0          0          0   __scatter_copy.o
        28          0          0          0          0          0   __scatter_zi.o
        72          0          0          0          0         96   _c16rtomb.o
        48          4          0          0          0         84   _fptrap.o
         6          0          0          0          0          0   _printf_c.o
        44          0          0          0          0        108   _printf_char.o
        48          6          0          0          0         96   _printf_char_common.o
         6          0          0          0          0          0   _printf_d.o
       120         16          0          0          0         92   _printf_dec.o
         6          0          0          0          0          0   _printf_f.o
       840          0          0          0          0        144   _printf_fp_dec_accurate.o
       128         16          0          0          0         84   _printf_fp_infnan.o
        88          4         40          0          0         88   _printf_hex_int.o
         6          0          0          0          0          0   _printf_i.o
       178          0          0          0          0         88   _printf_intcommon.o
        10          0          0          0          0          0   _printf_l.o
         6          0          0          0          0          0   _printf_lc.o
         6          0          0          0          0          0   _printf_o.o
        84         10          0          0          0         88   _printf_oct_int.o
        78          0          0          0          0        108   _printf_pad.o
         0          0          0          0          0          0   _printf_percent.o
         4          0          0          0          0          0   _printf_percent_end.o
        82          0          0          0          0         80   _printf_str.o
        36          0          0          0          0         84   _printf_truncate.o
         6          0          0          0          0          0   _printf_u.o
        44          0          0          0          0        108   _printf_wchar.o
       188          6          8          0          0         92   _printf_wctomb.o
         6          0          0          0          0          0   _printf_x.o
        22          0          0          0          0        100   _rserrno.o
        10          0          0          0          0         68   _sputc.o
         8          0          0          0          0         68   abs.o
       422          0          0          0          0        100   btod_accurate.o
       804          6          0          0          0        236   btod_accurate_common.o
        10          0          0          0          0         68   defsig_exit.o
       172        110          0          0          0         76   defsig_fpe_inner.o
        14          0          0          0          0         80   defsig_fpe_outer.o
        50          0          0          0          0         88   defsig_general.o
        18          0          0          0          0         80   exit.o
         6          0          0          0          0        152   heapauxi.o
         0          0          0          0          0          0   indicate_semi.o
        44         10        272          0          0         76   lc_ctype_c.o
        44         10         28          0          0         76   lc_numeric_c.o
         2          0          0          0          0          0   libinit.o
        34          0          0          0          0          0   libinit2.o
         2          0          0          0          0          0   libshutdown.o
         2          0          0          0          0          0   libshutdown2.o
         8          4          0          0         96         68   libspace.o
        38          0          0          0          0         68   llushr.o
        40          6          0          0          0         84   noretval__2sprintf.o
        16          4          0          0          0         76   rt_ctype_table.o
         8          4          0          0          0         68   rt_errno_addr_intlibspace.o
         8          4          0          0          0         68   rt_locale_intlibspace.o
        78          0          0          0          0         80   rt_memclr_w.o
         2          0          0          0          0          0   rtexit.o
        10          0          0          0          0          0   rtexit2.o
       124          0          0          0          0         88   strcmpv7em.o
        12          4          0          0          0         68   sys_exit.o
        74          0          0          0          0         80   sys_stackheap_outer.o
        14          0          0          0          0         76   sys_wrch.o
         2          0          0          0          0         68   use_no_semi.o
        24          0          0          0          0        164   basic.o
       708         16          0          0          0        140   d2f_clz.o
      1340         32          0          0          0        556   daddsub_clz.o
        84          0          0          0          0        244   dcmp.o
        24          0          0          0          0        116   dcmpi.o
       892        152          0          0          0        300   ddiv_clz.o
       116          8          0          0          0        140   deqf.o
       200         16          0          0          0        188   dfix.o
       110          0          0          0          0        348   dflt_clz.o
       120          8          0          0          0        140   dgeqf.o
       120          8          0          0          0        140   dleqf.o
       448         16          0          0          0        164   dmul_clz.o
       262          4          0          0          0        156   dnaninf.o
       112          0          0          0          0        160   drenorm_clz.o
        12          0          0          0          0        116   dretinf.o
       378          0          0          0          0        168   dunder_clz.o
       492         36          0          0          0        152   except.o
       122          8          0          0          0        132   f2d.o
       246          4          0          0          0        148   fnaninf.o
        22          0          0          0          0        116   fpinit.o
        10          0          0          0          0        116   fretinf.o
       316          0          0          0          0        132   funder_clz.o
        32          4          0          0          0        116   istatus.o
         4          0          0          0          0        116   printf1.o
       178          0          0          0          0        116   retnan.o
       126          0          0          0          0        148   trapv.o
         0          0          0          0          0          0   usenofp.o
       744        106        152          0          0        352   atan.o
       512         64          0          0          0        208   atan2.o
       200         20          0          0          0        164   cos.o
       368         46         48          0          0        200   cos_i.o
       104         16          0          0          0        496   dunder.o
        24          0          0          0          0        124   fabs.o
        48          0          0          0          0        124   fpclassify.o
       248          0          0          0          0        152   poly.o
         0          0          8          0          0          0   qnan.o
      1080        142        204          0          0        188   rred.o
       304         24         40          0          0        208   sin_i.o
        58          0          0          0          0        136   sqrtf.o

    ----------------------------------------------------------------------
     18508        976      12636          0         96      59804   Library Totals
        30          0         11          0          0          0   (incl. Padding)

    ----------------------------------------------------------------------

      Code (inc. data)   RO Data    RW Data    ZI Data      Debug   Library Name

      3514         10      11808          0          0      49092   arm_cortexM4lf_math.lib
      4776        236        365          0         96       3828   c_w.l
      6498        312          0          0          0       4532   g_wm.l
      3690        418        452          0          0       2352   m_wm.l

    ----------------------------------------------------------------------
     18508        976      12636          0         96      59804   Library Totals

    ----------------------------------------------------------------------

==============================================================================


      Code (inc. data)   RO Data    RW Data    ZI Data      Debug   

     50800       1532      20380         32      21992     207327   Grand Totals
     50800       1532      20380         32      21992     207327   ELF Image Totals
     50800       1532      20380         32          0          0   ROM Totals

==============================================================================

    Total RO  Size (Code + RO Data)                71180 (  69.51kB)
    Total RW  Size (RW Data + ZI Data)             22024 (  21.51kB)
    Total ROM Size (Code + RO Data + RW Data)      71212 (  69.54kB)

==============================================================================

