Component: ARM Compiler 5.06 update 7 (build 960) Tool: armlink [4d3601]

==============================================================================

Section Cross References

    main.o(.text) refers to _printf_percent.o(.ARM.Collect$$_printf_percent$$00000000) for _printf_percent
    main.o(.text) refers to _printf_f.o(.ARM.Collect$$_printf_percent$$00000003) for _printf_f
    main.o(.text) refers to printf1.o(x$fpl$printf1) for _printf_fp_dec
    main.o(.text) refers to _printf_d.o(.ARM.Collect$$_printf_percent$$00000009) for _printf_d
    main.o(.text) refers to _printf_dec.o(.text) for _printf_int_dec
    main.o(.text) refers to misc.o(.text) for NVIC_PriorityGroupConfig
    main.o(.text) refers to common.o(.text) for delay_init
    main.o(.text) refers to lcd.o(.text) for LCD_Init
    main.o(.text) refers to touch.o(.text) for Touch_Init
    main.o(.text) refers to valuepack.o(.text) for initValuePack
    main.o(.text) refers to key.o(.text) for KEY_Init
    main.o(.text) refers to adc.o(.text) for ADC1_Init2
    main.o(.text) refers to timer.o(.text) for TIM2_Init2
    main.o(.text) refers to ad9833.o(.text) for AD9833_Init
    main.o(.text) refers to input_event.o(.text) for input_event
    main.o(.text) refers to screen_main.o(.text) for Screen_main
    main.o(.text) refers to timer4.o(.text) for TIM3_Init
    main.o(.text) refers to f2d.o(x$fpl$f2d) for __aeabi_f2d
    main.o(.text) refers to noretval__2sprintf.o(.text) for __2sprintf
    main.o(.text) refers to timer4.o(.data) for Frequency
    main.o(.text) refers to timer.o(.data) for adc_data1
    startup_stm32f40_41xxx.o(STACK) refers (Special) to heapauxi.o(.text) for __use_two_region_memory
    startup_stm32f40_41xxx.o(HEAP) refers (Special) to heapauxi.o(.text) for __use_two_region_memory
    startup_stm32f40_41xxx.o(RESET) refers (Special) to heapauxi.o(.text) for __use_two_region_memory
    startup_stm32f40_41xxx.o(RESET) refers to startup_stm32f40_41xxx.o(STACK) for __initial_sp
    startup_stm32f40_41xxx.o(RESET) refers to startup_stm32f40_41xxx.o(.text) for Reset_Handler
    startup_stm32f40_41xxx.o(RESET) refers to stm32f4xx_it.o(.text) for NMI_Handler
    startup_stm32f40_41xxx.o(RESET) refers to timer.o(.text) for TIM2_IRQHandler
    startup_stm32f40_41xxx.o(RESET) refers to timer4.o(.text) for TIM3_IRQHandler
    startup_stm32f40_41xxx.o(RESET) refers to adc.o(.text) for DMA2_Stream0_IRQHandler
    startup_stm32f40_41xxx.o(RESET) refers to valuepack.o(.text) for USART6_IRQHandler
    startup_stm32f40_41xxx.o(.text) refers (Special) to heapauxi.o(.text) for __use_two_region_memory
    startup_stm32f40_41xxx.o(.text) refers to system_stm32f4xx.o(.text) for SystemInit
    startup_stm32f40_41xxx.o(.text) refers to __main.o(!!!main) for __main
    startup_stm32f40_41xxx.o(.text) refers to startup_stm32f40_41xxx.o(HEAP) for Heap_Mem
    startup_stm32f40_41xxx.o(.text) refers to startup_stm32f40_41xxx.o(STACK) for Stack_Mem
    system_stm32f4xx.o(.text) refers to system_stm32f4xx.o(.data) for SystemCoreClock
    lcd.o(.text) refers to common.o(.text) for delay_us
    lcd.o(.text) refers to lcd.o(.data) for write_gramcmd
    lcd.o(.text) refers to stm32f4xx_rcc.o(.text) for RCC_AHB1PeriphClockCmd
    lcd.o(.text) refers to stm32f4xx_gpio.o(.text) for GPIO_Init
    lcd.o(.text) refers to stm32f4xx_fsmc.o(.text) for FSMC_NORSRAMInit
    lcd.o(.text) refers to lcd.o(.constdata) for char_1206
    led.o(.text) refers to stm32f4xx_rcc.o(.text) for RCC_AHB1PeriphClockCmd
    led.o(.text) refers to stm32f4xx_gpio.o(.text) for GPIO_Init
    key.o(.text) refers to stm32f4xx_rcc.o(.text) for RCC_AHB1PeriphClockCmd
    key.o(.text) refers to stm32f4xx_gpio.o(.text) for GPIO_Init
    key.o(.text) refers to key.o(.data) for keyup_data
    adc.o(.text) refers to stm32f4xx_rcc.o(.text) for RCC_AHB1PeriphClockCmd
    adc.o(.text) refers to stm32f4xx_gpio.o(.text) for GPIO_Init
    adc.o(.text) refers to stm32f4xx_adc.o(.text) for ADC_CommonInit
    adc.o(.text) refers to stm32f4xx_dma.o(.text) for DMA_DeInit
    adc.o(.text) refers to misc.o(.text) for NVIC_Init
    adc.o(.text) refers to stm32f4xx_tim.o(.text) for TIM_Cmd
    adc.o(.text) refers to adc.o(.bss) for ADC_Value
    timer4.o(.text) refers to misc.o(.text) for NVIC_PriorityGroupConfig
    timer4.o(.text) refers to stm32f4xx_rcc.o(.text) for RCC_APB1PeriphClockCmd
    timer4.o(.text) refers to stm32f4xx_tim.o(.text) for TIM_TimeBaseInit
    timer4.o(.text) refers to stm32f4xx_gpio.o(.text) for GPIO_PinAFConfig
    timer4.o(.text) refers to timer4.o(.data) for flag_65536
    timer.o(.text) refers to stm32f4xx_rcc.o(.text) for RCC_APB1PeriphClockCmd
    timer.o(.text) refers to stm32f4xx_tim.o(.text) for TIM_TimeBaseInit
    timer.o(.text) refers to misc.o(.text) for NVIC_Init
    timer.o(.text) refers to f2d.o(x$fpl$f2d) for __aeabi_f2d
    timer.o(.text) refers to fabs.o(i.__hardfp_fabs) for __hardfp_fabs
    timer.o(.text) refers to drleqf.o(x$fpl$drleqf) for __aeabi_cdrcmple
[...]
    OTG_FS_WKUP_IRQHandler                   0x0800045f   Thumb Code     0  startup_stm32f40_41xxx.o(.text)
    OTG_HS_EP1_IN_IRQHandler                 0x0800045f   Thumb Code     0  startup_stm32f40_41xxx.o(.text)
    OTG_HS_EP1_OUT_IRQHandler                0x0800045f   Thumb Code     0  startup_stm32f40_41xxx.o(.text)
    OTG_HS_IRQHandler                        0x0800045f   Thumb Code     0  startup_stm32f40_41xxx.o(.text)
    OTG_HS_WKUP_IRQHandler                   0x0800045f   Thumb Code     0  startup_stm32f40_41xxx.o(.text)
    PVD_IRQHandler                           0x0800045f   Thumb Code     0  startup_stm32f40_41xxx.o(.text)
    RCC_IRQHandler                           0x0800045f   Thumb Code     0  startup_stm32f40_41xxx.o(.text)
    RTC_Alarm_IRQHandler                     0x0800045f   Thumb Code     0  startup_stm32f40_41xxx.o(.text)
    RTC_WKUP_IRQHandler                      0x0800045f   Thumb Code     0  startup_stm32f40_41xxx.o(.text)
    SDIO_IRQHandler                          0x0800045f   Thumb Code     0  startup_stm32f40_41xxx.o(.text)
    SPI1_IRQHandler                          0x0800045f   Thumb Code     0  startup_stm32f40_41xxx.o(.text)
    SPI2_IRQHandler                          0x0800045f   Thumb Code     0  startup_stm32f40_41xxx.o(.text)
    SPI3_IRQHandler                          0x0800045f   Thumb Code     0  startup_stm32f40_41xxx.o(.text)
    TAMP_STAMP_IRQHandler                    0x0800045f   Thumb Code     0  startup_stm32f40_41xxx.o(.text)
    TIM1_BRK_TIM9_IRQHandler                 0x0800045f   Thumb Code     0  startup_stm32f40_41xxx.o(.text)
    TIM1_CC_IRQHandler                       0x0800045f   Thumb Code     0  startup_stm32f40_41xxx.o(.text)
    TIM1_TRG_COM_TIM11_IRQHandler            0x0800045f   Thumb Code     0  startup_stm32f40_41xxx.o(.text)
    TIM1_UP_TIM10_IRQHandler                 0x0800045f   Thumb Code     0  startup_stm32f40_41xxx.o(.text)
    TIM5_IRQHandler                          0x0800045f   Thumb Code     0  startup_stm32f40_41xxx.o(.text)
    TIM6_DAC_IRQHandler                      0x0800045f   Thumb Code     0  startup_stm32f40_41xxx.o(.text)
    TIM7_IRQHandler                          0x0800045f   Thumb Code     0  startup_stm32f40_41xxx.o(.text)
    TIM8_BRK_TIM12_IRQHandler                0x0800045f   Thumb Code     0  startup_stm32f40_41xxx.o(.text)
    TIM8_CC_IRQHandler                       0x0800045f   Thumb Code     0  startup_stm32f40_41xxx.o(.text)
    TIM8_TRG_COM_TIM14_IRQHandler            0x0800045f   Thumb Code     0  startup_stm32f40_41xxx.o(.text)
    TIM8_UP_TIM13_IRQHandler                 0x0800045f   Thumb Code     0  startup_stm32f40_41xxx.o(.text)
    UART4_IRQHandler                         0x0800045f   Thumb Code     0  startup_stm32f40_41xxx.o(.text)
    UART5_IRQHandler                         0x0800045f   Thumb Code     0  startup_stm32f40_41xxx.o(.text)
    USART1_IRQHandler                        0x0800045f   Thumb Code     0  startup_stm32f40_41xxx.o(.text)
    USART2_IRQHandler                        0x0800045f   Thumb Code     0  startup_stm32f40_41xxx.o(.text)
    USART3_IRQHandler                        0x0800045f   Thumb Code     0  startup_stm32f40_41xxx.o(.text)
    WWDG_IRQHandler                          0x0800045f   Thumb Code     0  startup_stm32f40_41xxx.o(.text)
    __user_initial_stackheap                 0x08000461   Thumb Code     0  startup_stm32f40_41xxx.o(.text)
    SystemInit                               0x08000561   Thumb Code    88  system_stm32f4xx.o(.text)
    SystemCoreClockUpdate                    0x080005b9   Thumb Code   174  system_stm32f4xx.o(.text)
    LCD_WriteReg                             0x08000695   Thumb Code    10  lcd.o(.text)
    LCD_ReadReg                              0x0800069f   Thumb Code    22  lcd.o(.text)
    lcdm_delay                               0x080006b5   Thumb Code    14  lcd.o(.text)
    LCD_WriteGRAM                            0x080006c3   Thumb Code    10  lcd.o(.text)
    LCD_DisplayOn                            0x080006cd   Thumb Code     8  lcd.o(.text)
    LCD_DisplayOff                           0x080006d5   Thumb Code     8  lcd.o(.text)
    LCD_Open_Window                          0x080006dd   Thumb Code   166  lcd.o(.text)
    Set_Scan_Direction                       0x08000783   Thumb Code   204  lcd.o(.text)
    Set_Display_Mode                         0x0800084f   Thumb Code   214  lcd.o(.text)
    LCD_SetCursor                            0x08000925   Thumb Code   186  lcd.o(.text)
    LCD_GetPoint                             0x080009df   Thumb Code   116  lcd.o(.text)
    LCD_DrawPoint                            0x08000a53   Thumb Code    66  lcd.o(.text)
    LCD_Color_DrawPoint                      0x08000a95   Thumb Code    30  lcd.o(.text)
    Ssd1963_Set_BackLight                    0x08000ab3   Thumb Code    32  lcd.o(.text)
    LCD_Clear                                0x08000ad3   Thumb Code    50  lcd.o(.text)
    LCD_FSMC_Config                          0x08000b05   Thumb Code   530  lcd.o(.text)
    ILI9341_Read_id                          0x08000d17   Thumb Code    30  lcd.o(.text)
    LCD_Init                                 0x08000d35   Thumb Code   990  lcd.o(.text)
    LCD_Fill_onecolor                        0x08001113   Thumb Code    82  lcd.o(.text)
    LCD_Draw_Picture                         0x08001165   Thumb Code    94  lcd.o(.text)
    LCD_DisplayChar                          0x080011c3   Thumb Code   206  lcd.o(.text)
    LCD_DisplayString                        0x08001291   Thumb Code    64  lcd.o(.text)
    LCD_DisplayString_color                  0x080012d1   Thumb Code    68  lcd.o(.text)
    Counter_Power                            0x08001315   Thumb Code    22  lcd.o(.text)
    LCD_DisplayNum                           0x0800132b   Thumb Code   244  lcd.o(.text)
    LCD_DisplayNum_color                     0x0800141f   Thumb Code    78  lcd.o(.text)
    LCD_DrawLine                             0x0800146d   Thumb Code   136  lcd.o(.text)
    KEY_Init                                 0x080014fd   Thumb Code    44  key.o(.text)
    key_scan                                 0x08001529   Thumb Code   192  key.o(.text)
    ADC1_Init                                0x08001605   Thumb Code   130  adc.o(.text)
    Get_Adc                                  0x08001687   Thumb Code    44  adc.o(.text)
    ADC1_DMA1_Init                           0x080016b3   Thumb Code   150  adc.o(.text)
    ADC1_Init2                               0x08001749   Thumb Code   156  adc.o(.text)
    ADC2_Init2                               0x080017e5   Thumb Code   276  adc.o(.text)
    DMA2_Stream0_IRQHandler                  0x080018f9   Thumb Code    40  adc.o(.text)
    TIM4_Init2                               0x0800196d   Thumb Code   198  timer4.o(.text)
    TIM3_Init                                0x08001a33   Thumb Code    88  timer4.o(.text)
    TIM4_IRQHandler                          0x08001a8b   Thumb Code    50  timer4.o(.text)
    TIM3_IRQHandler                          0x08001abd   Thumb Code    64  timer4.o(.text)
    TIM2_Init                                0x08001b11   Thumb Code    98  timer.o(.text)
    TIM2_Init2                               0x08001b73   Thumb Code    68  timer.o(.text)
    kalman_filter                            0x08001bb7   Thumb Code   242  timer.o(.text)
    TIM2_IRQHandler                          0x08001ca9   Thumb Code    70  timer.o(.text)
    Event_handle                             0x08001d09   Thumb Code    76  input_event.o(.text)
    input_event                              0x08001d55   Thumb Code    80  input_event.o(.text)
    Han_Win                                  0x08001dbd   Thumb Code   134  fft.o(.text)
    FFT                                      0x08001e43   Thumb Code   202  fft.o(.text)
    Touch_Init                               0x08001f31   Thumb Code    20  touch.o(.text)
    Clear_Screen                             0x08001f45   Thumb Code    50  touch.o(.text)
    Draw_Point                               0x08001f77   Thumb Code    78  touch.o(.text)
    R_Touch_test                             0x08001fc5   Thumb Code   118  touch.o(.text)
    fft_value                                0x08002061   Thumb Code   126  screen_main.o(.text)
    drawWaveform                             0x080020df   Thumb Code   390  screen_main.o(.text)
    display_fft                              0x08002265   Thumb Code   636  screen_main.o(.text)
    Screen_main                              0x080024e1   Thumb Code   270  screen_main.o(.text)
    useless_main                             0x080025ef   Thumb Code   144  screen_main.o(.text)
    display_waveform                         0x0800267f   Thumb Code   120  screen_main.o(.text)
    Display_characteristic                   0x080026f7   Thumb Code  2188  screen_main.o(.text)
    Display_characteristic2                  0x08002f95   Thumb Code   950  19c_main_progress.o(.text)
    NVIC_PriorityGroupConfig                 0x0800339d   Thumb Code    10  misc.o(.text)
    NVIC_Init                                0x080033a7   Thumb Code   106  misc.o(.text)
    NVIC_SetVectorTable                      0x08003411   Thumb Code    14  misc.o(.text)
    NVIC_SystemLPConfig                      0x0800341f   Thumb Code    34  misc.o(.text)
    SysTick_CLKSourceConfig                  0x08003441   Thumb Code    40  misc.o(.text)
    GPIO_DeInit                              0x0800347d   Thumb Code   268  stm32f4xx_gpio.o(.text)
    GPIO_Init                                0x08003589   Thumb Code   144  stm32f4xx_gpio.o(.text)
    GPIO_StructInit                          0x08003619   Thumb Code    18  stm32f4xx_gpio.o(.text)
    GPIO_PinLockConfig                       0x0800362b   Thumb Code    34  stm32f4xx_gpio.o(.text)
    GPIO_ReadInputDataBit                    0x0800364d   Thumb Code    18  stm32f4xx_gpio.o(.text)
    GPIO_ReadInputData                       0x0800365f   Thumb Code     8  stm32f4xx_gpio.o(.text)
    GPIO_ReadOutputDataBit                   0x08003667   Thumb Code    18  stm32f4xx_gpio.o(.text)
    GPIO_ReadOutputData                      0x08003679   Thumb Code     8  stm32f4xx_gpio.o(.text)
    GPIO_SetBits                             0x08003681   Thumb Code     4  stm32f4xx_gpio.o(.text)
    GPIO_ResetBits                           0x08003685   Thumb Code     4  stm32f4xx_gpio.o(.text)
    GPIO_WriteBit                            0x08003689   Thumb Code    10  stm32f4xx_gpio.o(.text)
    GPIO_Write                               0x08003693   Thumb Code     4  stm32f4xx_gpio.o(.text)
    GPIO_ToggleBits                          0x08003697   Thumb Code     8  stm32f4xx_gpio.o(.text)
    GPIO_PinAFConfig                         0x0800369f   Thumb Code    70  stm32f4xx_gpio.o(.text)
    FSMC_NORSRAMDeInit                       0x08003711   Thumb Code    54  stm32f4xx_fsmc.o(.text)
    FSMC_NORSRAMInit                         0x08003747   Thumb Code   230  stm32f4xx_fsmc.o(.text)
    FSMC_NORSRAMStructInit                   0x0800382d   Thumb Code    48  stm32f4xx_fsmc.o(.text)
    FSMC_NORSRAMCmd                          0x0800385d   Thumb Code    46  stm32f4xx_fsmc.o(.text)
    FSMC_NANDDeInit                          0x0800388b   Thumb Code    62  stm32f4xx_fsmc.o(.text)
    FSMC_NANDInit                            0x080038c9   Thumb Code   132  stm32f4xx_fsmc.o(.text)
    FSMC_NANDStructInit                      0x0800394d   Thumb Code    54  stm32f4xx_fsmc.o(.text)
    FSMC_NANDCmd                             0x08003983   Thumb Code    86  stm32f4xx_fsmc.o(.text)
    FSMC_NANDECCCmd                          0x080039d9   Thumb Code    86  stm32f4xx_fsmc.o(.text)
    FSMC_GetECC                              0x08003a2f   Thumb Code    24  stm32f4xx_fsmc.o(.text)
    FSMC_PCCARDDeInit                        0x08003a47   Thumb Code    36  stm32f4xx_fsmc.o(.text)
    FSMC_PCCARDInit                          0x08003a6b   Thumb Code   130  stm32f4xx_fsmc.o(.text)
    FSMC_PCCARDStructInit                    0x08003aed   Thumb Code    60  stm32f4xx_fsmc.o(.text)
    FSMC_PCCARDCmd                           0x08003b29   Thumb Code    44  stm32f4xx_fsmc.o(.text)
    FSMC_ITConfig                            0x08003b55   Thumb Code   128  stm32f4xx_fsmc.o(.text)
    FSMC_GetFlagStatus                       0x08003bd5   Thumb Code    54  stm32f4xx_fsmc.o(.text)
    FSMC_ClearFlag                           0x08003c0b   Thumb Code    74  stm32f4xx_fsmc.o(.text)
    FSMC_GetITStatus                         0x08003c55   Thumb Code    62  stm32f4xx_fsmc.o(.text)
    FSMC_ClearITPendingBit                   0x08003c93   Thumb Code    66  stm32f4xx_fsmc.o(.text)
    RCC_DeInit                               0x08003cd9   Thumb Code    82  stm32f4xx_rcc.o(.text)
    RCC_HSEConfig                            0x08003d2b   Thumb Code    14  stm32f4xx_rcc.o(.text)
    RCC_GetFlagStatus                        0x08003d39   Thumb Code    60  stm32f4xx_rcc.o(.text)
    RCC_WaitForHSEStartUp                    0x08003d75   Thumb Code    56  stm32f4xx_rcc.o(.text)
    RCC_AdjustHSICalibrationValue            0x08003dad   Thumb Code    20  stm32f4xx_rcc.o(.text)
    RCC_HSICmd                               0x08003dc1   Thumb Code     6  stm32f4xx_rcc.o(.text)
    RCC_LSEConfig                            0x08003dc7   Thumb Code    46  stm32f4xx_rcc.o(.text)
    RCC_LSICmd                               0x08003df5   Thumb Code     6  stm32f4xx_rcc.o(.text)
    RCC_PLLConfig                            0x08003dfb   Thumb Code    32  stm32f4xx_rcc.o(.text)
    RCC_PLLCmd                               0x08003e1b   Thumb Code     6  stm32f4xx_rcc.o(.text)
    RCC_PLLI2SConfig                         0x08003e21   Thumb Code    14  stm32f4xx_rcc.o(.text)
    RCC_PLLI2SCmd                            0x08003e2f   Thumb Code     6  stm32f4xx_rcc.o(.text)
    RCC_PLLSAIConfig                         0x08003e35   Thumb Code    20  stm32f4xx_rcc.o(.text)
    RCC_PLLSAICmd                            0x08003e49   Thumb Code     6  stm32f4xx_rcc.o(.text)
    RCC_ClockSecuritySystemCmd               0x08003e4f   Thumb Code     6  stm32f4xx_rcc.o(.text)
    RCC_MCO1Config                           0x08003e55   Thumb Code    28  stm32f4xx_rcc.o(.text)
    RCC_MCO2Config                           0x08003e71   Thumb Code    28  stm32f4xx_rcc.o(.text)
    RCC_SYSCLKConfig                         0x08003e8d   Thumb Code    20  stm32f4xx_rcc.o(.text)
    RCC_GetSYSCLKSource                      0x08003ea1   Thumb Code    12  stm32f4xx_rcc.o(.text)
    RCC_HCLKConfig                           0x08003ead   Thumb Code    20  stm32f4xx_rcc.o(.text)
    RCC_PCLK1Config                          0x08003ec1   Thumb Code    20  stm32f4xx_rcc.o(.text)
    RCC_PCLK2Config                          0x08003ed5   Thumb Code    22  stm32f4xx_rcc.o(.text)
    RCC_GetClocksFreq                        0x08003eeb   Thumb Code   222  stm32f4xx_rcc.o(.text)
    RCC_RTCCLKConfig                         0x08003fc9   Thumb Code    54  stm32f4xx_rcc.o(.text)
    RCC_RTCCLKCmd                            0x08003fff   Thumb Code     8  stm32f4xx_rcc.o(.text)
    RCC_BackupResetCmd                       0x08004007   Thumb Code     8  stm32f4xx_rcc.o(.text)
    RCC_I2SCLKConfig                         0x0800400f   Thumb Code     6  stm32f4xx_rcc.o(.text)
    RCC_SAIPLLI2SClkDivConfig                0x08004015   Thumb Code    26  stm32f4xx_rcc.o(.text)
    RCC_SAIPLLSAIClkDivConfig                0x0800402f   Thumb Code    28  stm32f4xx_rcc.o(.text)
    RCC_SAIBlockACLKConfig                   0x0800404b   Thumb Code    20  stm32f4xx_rcc.o(.text)
    RCC_SAIBlockBCLKConfig                   0x0800405f   Thumb Code    20  stm32f4xx_rcc.o(.text)
    RCC_LTDCCLKDivConfig                     0x08004073   Thumb Code    20  stm32f4xx_rcc.o(.text)
    RCC_TIMCLKPresConfig                     0x08004087   Thumb Code     6  stm32f4xx_rcc.o(.text)
    RCC_AHB1PeriphClockCmd                   0x0800408d   Thumb Code    34  stm32f4xx_rcc.o(.text)
    RCC_AHB2PeriphClockCmd                   0x080040af   Thumb Code    78  stm32f4xx_rcc.o(.text)
    RCC_AHB3PeriphClockCmd                   0x080040fd   Thumb Code    34  stm32f4xx_rcc.o(.text)
    RCC_APB1PeriphClockCmd                   0x0800411f   Thumb Code    34  stm32f4xx_rcc.o(.text)
    RCC_APB2PeriphClockCmd                   0x08004141   Thumb Code    34  stm32f4xx_rcc.o(.text)
    RCC_AHB1PeriphResetCmd                   0x08004163   Thumb Code    34  stm32f4xx_rcc.o(.text)
    RCC_AHB2PeriphResetCmd                   0x08004185   Thumb Code    34  stm32f4xx_rcc.o(.text)
    RCC_AHB3PeriphResetCmd                   0x080041a7   Thumb Code    34  stm32f4xx_rcc.o(.text)
    RCC_APB1PeriphResetCmd                   0x080041c9   Thumb Code    34  stm32f4xx_rcc.o(.text)
    RCC_APB2PeriphResetCmd                   0x080041eb   Thumb Code    34  stm32f4xx_rcc.o(.text)
    RCC_AHB1PeriphClockLPModeCmd             0x0800420d   Thumb Code    34  stm32f4xx_rcc.o(.text)
    RCC_AHB2PeriphClockLPModeCmd             0x0800422f   Thumb Code    34  stm32f4xx_rcc.o(.text)
    RCC_AHB3PeriphClockLPModeCmd             0x08004251   Thumb Code    34  stm32f4xx_rcc.o(.text)
    RCC_APB1PeriphClockLPModeCmd             0x08004273   Thumb Code    34  stm32f4xx_rcc.o(.text)
    RCC_APB2PeriphClockLPModeCmd             0x08004295   Thumb Code    34  stm32f4xx_rcc.o(.text)
    RCC_LSEModeConfig                        0x080042b7   Thumb Code    40  stm32f4xx_rcc.o(.text)
    RCC_ITConfig                             0x080042df   Thumb Code    34  stm32f4xx_rcc.o(.text)
    RCC_ClearFlag                            0x08004301   Thumb Code    18  stm32f4xx_rcc.o(.text)
    RCC_GetITStatus                          0x08004313   Thumb Code    22  stm32f4xx_rcc.o(.text)
    RCC_ClearITPendingBit                    0x08004329   Thumb Code     8  stm32f4xx_rcc.o(.text)
    USART_DeInit                             0x08004335   Thumb Code   206  stm32f4xx_usart.o(.text)
    USART_Init                               0x08004403   Thumb Code   204  stm32f4xx_usart.o(.text)
    USART_StructInit                         0x080044cf   Thumb Code    24  stm32f4xx_usart.o(.text)
    USART_ClockInit                          0x080044e7   Thumb Code    32  stm32f4xx_usart.o(.text)
    USART_ClockStructInit                    0x08004507   Thumb Code    12  stm32f4xx_usart.o(.text)
    USART_Cmd                                0x08004513   Thumb Code    24  stm32f4xx_usart.o(.text)
    USART_SetPrescaler                       0x0800452b   Thumb Code    16  stm32f4xx_usart.o(.text)
    USART_OverSampling8Cmd                   0x0800453b   Thumb Code    22  stm32f4xx_usart.o(.text)
    USART_OneBitMethodCmd                    0x08004551   Thumb Code    24  stm32f4xx_usart.o(.text)
    USART_SendData                           0x08004569   Thumb Code     8  stm32f4xx_usart.o(.text)
    USART_ReceiveData                        0x08004571   Thumb Code    10  stm32f4xx_usart.o(.text)
    USART_SetAddress                         0x0800457b   Thumb Code    18  stm32f4xx_usart.o(.text)
    USART_ReceiverWakeUpCmd                  0x0800458d   Thumb Code    24  stm32f4xx_usart.o(.text)
    USART_WakeUpConfig                       0x080045a5   Thumb Code    18  stm32f4xx_usart.o(.text)
    USART_LINBreakDetectLengthConfig         0x080045b7   Thumb Code    18  stm32f4xx_usart.o(.text)
    USART_LINCmd                             0x080045c9   Thumb Code    24  stm32f4xx_usart.o(.text)
    USART_SendBreak                          0x080045e1   Thumb Code    10  stm32f4xx_usart.o(.text)
    USART_HalfDuplexCmd                      0x080045eb   Thumb Code    24  stm32f4xx_usart.o(.text)
    USART_SetGuardTime                       0x08004603   Thumb Code    16  stm32f4xx_usart.o(.text)
    USART_SmartCardCmd                       0x08004613   Thumb Code    24  stm32f4xx_usart.o(.text)
    USART_SmartCardNACKCmd                   0x0800462b   Thumb Code    24  stm32f4xx_usart.o(.text)
    USART_IrDAConfig                         0x08004643   Thumb Code    18  stm32f4xx_usart.o(.text)
    USART_IrDACmd                            0x08004655   Thumb Code    24  stm32f4xx_usart.o(.text)
    USART_DMACmd                             0x0800466d   Thumb Code    18  stm32f4xx_usart.o(.text)
    USART_ITConfig                           0x0800467f   Thumb Code    74  stm32f4xx_usart.o(.text)
    USART_GetFlagStatus                      0x080046c9   Thumb Code    26  stm32f4xx_usart.o(.text)
    USART_ClearFlag                          0x080046e3   Thumb Code    18  stm32f4xx_usart.o(.text)
    USART_GetITStatus                        0x080046f5   Thumb Code   118  stm32f4xx_usart.o(.text)
    USART_ClearITPendingBit                  0x0800476b   Thumb Code    30  stm32f4xx_usart.o(.text)
    ADC_DeInit                               0x08004789   Thumb Code    22  stm32f4xx_adc.o(.text)
    ADC_Init                                 0x0800479f   Thumb Code    74  stm32f4xx_adc.o(.text)
    ADC_StructInit                           0x080047e9   Thumb Code    20  stm32f4xx_adc.o(.text)
    ADC_CommonInit                           0x080047fd   Thumb Code    34  stm32f4xx_adc.o(.text)
    ADC_CommonStructInit                     0x0800481f   Thumb Code    12  stm32f4xx_adc.o(.text)
    ADC_Cmd                                  0x0800482b   Thumb Code    22  stm32f4xx_adc.o(.text)
    ADC_AnalogWatchdogCmd                    0x08004841   Thumb Code    16  stm32f4xx_adc.o(.text)
    ADC_AnalogWatchdogThresholdsConfig       0x08004851   Thumb Code     6  stm32f4xx_adc.o(.text)
    ADC_AnalogWatchdogSingleChannelConfig    0x08004857   Thumb Code    16  stm32f4xx_adc.o(.text)
    ADC_TempSensorVrefintCmd                 0x08004867   Thumb Code    34  stm32f4xx_adc.o(.text)
    ADC_VBATCmd                              0x08004889   Thumb Code    34  stm32f4xx_adc.o(.text)
    ADC_RegularChannelConfig                 0x080048ab   Thumb Code   184  stm32f4xx_adc.o(.text)
    ADC_SoftwareStartConv                    0x08004963   Thumb Code    10  stm32f4xx_adc.o(.text)
    ADC_GetSoftwareStartConvStatus           0x0800496d   Thumb Code    20  stm32f4xx_adc.o(.text)
    ADC_EOCOnEachRegularChannelCmd           0x08004981   Thumb Code    22  stm32f4xx_adc.o(.text)
    ADC_ContinuousModeCmd                    0x08004997   Thumb Code    22  stm32f4xx_adc.o(.text)
    ADC_DiscModeChannelCountConfig           0x080049ad   Thumb Code    24  stm32f4xx_adc.o(.text)
    ADC_DiscModeCmd                          0x080049c5   Thumb Code    22  stm32f4xx_adc.o(.text)
    ADC_GetConversionValue                   0x080049db   Thumb Code     8  stm32f4xx_adc.o(.text)
    ADC_GetMultiModeConversionValue          0x080049e3   Thumb Code     8  stm32f4xx_adc.o(.text)
    ADC_DMACmd                               0x080049eb   Thumb Code    22  stm32f4xx_adc.o(.text)
    ADC_DMARequestAfterLastTransferCmd       0x08004a01   Thumb Code    22  stm32f4xx_adc.o(.text)
    ADC_MultiModeDMARequestAfterLastTransferCmd 0x08004a17   Thumb Code    34  stm32f4xx_adc.o(.text)
    ADC_InjectedChannelConfig                0x08004a39   Thumb Code   130  stm32f4xx_adc.o(.text)
    ADC_InjectedSequencerLengthConfig        0x08004abb   Thumb Code    24  stm32f4xx_adc.o(.text)
    ADC_SetInjectedOffset                    0x08004ad3   Thumb Code    20  stm32f4xx_adc.o(.text)
    ADC_ExternalTrigInjectedConvConfig       0x08004ae7   Thumb Code    16  stm32f4xx_adc.o(.text)
    ADC_ExternalTrigInjectedConvEdgeConfig   0x08004af7   Thumb Code    16  stm32f4xx_adc.o(.text)
    ADC_SoftwareStartInjectedConv            0x08004b07   Thumb Code    10  stm32f4xx_adc.o(.text)
    ADC_GetSoftwareStartInjectedConvCmdStatus 0x08004b11   Thumb Code    20  stm32f4xx_adc.o(.text)
    ADC_AutoInjectedConvCmd                  0x08004b25   Thumb Code    22  stm32f4xx_adc.o(.text)
    ADC_InjectedDiscModeCmd                  0x08004b3b   Thumb Code    22  stm32f4xx_adc.o(.text)
    ADC_GetInjectedConversionValue           0x08004b51   Thumb Code    28  stm32f4xx_adc.o(.text)
    ADC_ITConfig                             0x08004b6d   Thumb Code    56  stm32f4xx_adc.o(.text)
    ADC_GetFlagStatus                        0x08004ba5   Thumb Code    18  stm32f4xx_adc.o(.text)
    ADC_ClearFlag                            0x08004bb7   Thumb Code     6  stm32f4xx_adc.o(.text)
    ADC_GetITStatus                          0x08004bbd   Thumb Code    38  stm32f4xx_adc.o(.text)
    ADC_ClearITPendingBit                    0x08004be3   Thumb Code    10  stm32f4xx_adc.o(.text)
    SPI_Write_Byte                           0x08004bed   Thumb Code    64  xpt2046.o(.text)
    SPI_Read_AD                              0x08004c2d   Thumb Code   136  xpt2046.o(.text)
    RTouch_Read_XorY                         0x08004cb5   Thumb Code   120  xpt2046.o(.text)
    RTouch_Read_XY                           0x08004d2d   Thumb Code    50  xpt2046.o(.text)
    RTouch_Read_XY2                          0x08004d5f   Thumb Code   192  xpt2046.o(.text)
    XPT2046_Scan                             0x08004e1f   Thumb Code   214  xpt2046.o(.text)
    XPT2046_Init                             0x08004ef5   Thumb Code   192  xpt2046.o(.text)
    TIM_DeInit                               0x0800501d   Thumb Code   346  stm32f4xx_tim.o(.text)
    TIM_TimeBaseInit                         0x08005177   Thumb Code   104  stm32f4xx_tim.o(.text)
    TIM_TimeBaseStructInit                   0x080051df   Thumb Code    18  stm32f4xx_tim.o(.text)
    TIM_PrescalerConfig                      0x080051f1   Thumb Code     6  stm32f4xx_tim.o(.text)
    TIM_CounterModeConfig                    0x080051f7   Thumb Code    18  stm32f4xx_tim.o(.text)
    TIM_SetCounter                           0x08005209   Thumb Code     4  stm32f4xx_tim.o(.text)
    TIM_SetAutoreload                        0x0800520d   Thumb Code     4  stm32f4xx_tim.o(.text)
    TIM_GetCounter                           0x08005211   Thumb Code     6  stm32f4xx_tim.o(.text)
    TIM_GetPrescaler                         0x08005217   Thumb Code     6  stm32f4xx_tim.o(.text)
    TIM_UpdateDisableConfig                  0x0800521d   Thumb Code    24  stm32f4xx_tim.o(.text)
    TIM_UpdateRequestConfig                  0x08005235   Thumb Code    24  stm32f4xx_tim.o(.text)
    TIM_ARRPreloadConfig                     0x0800524d   Thumb Code    24  stm32f4xx_tim.o(.text)
    TIM_SelectOnePulseMode                   0x08005265   Thumb Code    18  stm32f4xx_tim.o(.text)
    TIM_SetClockDivision                     0x08005277   Thumb Code    18  stm32f4xx_tim.o(.text)
    TIM_Cmd                                  0x08005289   Thumb Code    24  stm32f4xx_tim.o(.text)
    TIM_OC1Init                              0x080052a1   Thumb Code   114  stm32f4xx_tim.o(.text)
    TIM_OC2Init                              0x08005313   Thumb Code   154  stm32f4xx_tim.o(.text)
    TIM_OC3Init                              0x080053ad   Thumb Code   204  stm32f4xx_tim.o(.text)
    TIM_OC4Init                              0x08005479   Thumb Code   112  stm32f4xx_tim.o(.text)
    TIM_OCStructInit                         0x080054e9   Thumb Code    20  stm32f4xx_tim.o(.text)
    TIM_SelectOCxM                           0x080054fd   Thumb Code    86  stm32f4xx_tim.o(.text)
    TIM_SetCompare1                          0x08005553   Thumb Code     4  stm32f4xx_tim.o(.text)
    TIM_SetCompare2                          0x08005557   Thumb Code     4  stm32f4xx_tim.o(.text)
    TIM_SetCompare3                          0x0800555b   Thumb Code     4  stm32f4xx_tim.o(.text)
    TIM_SetCompare4                          0x0800555f   Thumb Code     4  stm32f4xx_tim.o(.text)
    TIM_ForcedOC1Config                      0x08005563   Thumb Code    18  stm32f4xx_tim.o(.text)
    TIM_ForcedOC2Config                      0x08005575   Thumb Code    26  stm32f4xx_tim.o(.text)
    TIM_ForcedOC3Config                      0x0800558f   Thumb Code    18  stm32f4xx_tim.o(.text)
    TIM_ForcedOC4Config                      0x080055a1   Thumb Code    26  stm32f4xx_tim.o(.text)
    TIM_OC1PreloadConfig                     0x080055bb   Thumb Code    18  stm32f4xx_tim.o(.text)
    TIM_OC2PreloadConfig                     0x080055cd   Thumb Code    26  stm32f4xx_tim.o(.text)
    TIM_OC3PreloadConfig                     0x080055e7   Thumb Code    18  stm32f4xx_tim.o(.text)
    TIM_OC4PreloadConfig                     0x080055f9   Thumb Code    26  stm32f4xx_tim.o(.text)
    TIM_OC1FastConfig                        0x08005613   Thumb Code    18  stm32f4xx_tim.o(.text)
    TIM_OC2FastConfig                        0x08005625   Thumb Code    26  stm32f4xx_tim.o(.text)
    TIM_OC3FastConfig                        0x0800563f   Thumb Code    18  stm32f4xx_tim.o(.text)
    TIM_OC4FastConfig                        0x08005651   Thumb Code    26  stm32f4xx_tim.o(.text)
    TIM_ClearOC1Ref                          0x0800566b   Thumb Code    18  stm32f4xx_tim.o(.text)
    TIM_ClearOC2Ref                          0x0800567d   Thumb Code    24  stm32f4xx_tim.o(.text)
    TIM_ClearOC3Ref                          0x08005695   Thumb Code    18  stm32f4xx_tim.o(.text)
    TIM_ClearOC4Ref                          0x080056a7   Thumb Code    24  stm32f4xx_tim.o(.text)
    TIM_OC1PolarityConfig                    0x080056bf   Thumb Code    18  stm32f4xx_tim.o(.text)
    TIM_OC1NPolarityConfig                   0x080056d1   Thumb Code    18  stm32f4xx_tim.o(.text)
    TIM_OC2PolarityConfig                    0x080056e3   Thumb Code    26  stm32f4xx_tim.o(.text)
    TIM_OC2NPolarityConfig                   0x080056fd   Thumb Code    26  stm32f4xx_tim.o(.text)
    TIM_OC3PolarityConfig                    0x08005717   Thumb Code    26  stm32f4xx_tim.o(.text)
    TIM_OC3NPolarityConfig                   0x08005731   Thumb Code    26  stm32f4xx_tim.o(.text)
    TIM_OC4PolarityConfig                    0x0800574b   Thumb Code    26  stm32f4xx_tim.o(.text)
    TIM_CCxCmd                               0x08005765   Thumb Code    30  stm32f4xx_tim.o(.text)
    TIM_CCxNCmd                              0x08005783   Thumb Code    30  stm32f4xx_tim.o(.text)
    TIM_SetIC4Prescaler                      0x080057a1   Thumb Code    26  stm32f4xx_tim.o(.text)
    TIM_SetIC3Prescaler                      0x0800580b   Thumb Code    18  stm32f4xx_tim.o(.text)
    TIM_SetIC2Prescaler                      0x08005865   Thumb Code    26  stm32f4xx_tim.o(.text)
    TIM_SetIC1Prescaler                      0x080058d9   Thumb Code    18  stm32f4xx_tim.o(.text)
    TIM_ICInit                               0x08005925   Thumb Code   110  stm32f4xx_tim.o(.text)
    TIM_ICStructInit                         0x08005993   Thumb Code    18  stm32f4xx_tim.o(.text)
    TIM_PWMIConfig                           0x080059a5   Thumb Code   124  stm32f4xx_tim.o(.text)
    TIM_GetCapture1                          0x08005a21   Thumb Code     6  stm32f4xx_tim.o(.text)
    TIM_GetCapture2                          0x08005a27   Thumb Code     6  stm32f4xx_tim.o(.text)
    TIM_GetCapture3                          0x08005a2d   Thumb Code     6  stm32f4xx_tim.o(.text)
    TIM_GetCapture4                          0x08005a33   Thumb Code     6  stm32f4xx_tim.o(.text)
    TIM_BDTRConfig                           0x08005a39   Thumb Code    32  stm32f4xx_tim.o(.text)
    TIM_BDTRStructInit                       0x08005a59   Thumb Code    18  stm32f4xx_tim.o(.text)
    TIM_CtrlPWMOutputs                       0x08005a6b   Thumb Code    30  stm32f4xx_tim.o(.text)
    TIM_SelectCOM                            0x08005a89   Thumb Code    24  stm32f4xx_tim.o(.text)
    TIM_CCPreloadControl                     0x08005aa1   Thumb Code    24  stm32f4xx_tim.o(.text)
    TIM_ITConfig                             0x08005ab9   Thumb Code    18  stm32f4xx_tim.o(.text)
    TIM_GenerateEvent                        0x08005acb   Thumb Code     4  stm32f4xx_tim.o(.text)
    TIM_GetFlagStatus                        0x08005acf   Thumb Code    18  stm32f4xx_tim.o(.text)
    TIM_ClearFlag                            0x08005ae1   Thumb Code     6  stm32f4xx_tim.o(.text)
    TIM_GetITStatus                          0x08005ae7   Thumb Code    34  stm32f4xx_tim.o(.text)
    TIM_ClearITPendingBit                    0x08005b09   Thumb Code     6  stm32f4xx_tim.o(.text)
    TIM_DMAConfig                            0x08005b0f   Thumb Code    10  stm32f4xx_tim.o(.text)
    TIM_DMACmd                               0x08005b19   Thumb Code    18  stm32f4xx_tim.o(.text)
    TIM_SelectCCDMA                          0x08005b2b   Thumb Code    24  stm32f4xx_tim.o(.text)
    TIM_InternalClockConfig                  0x08005b43   Thumb Code    12  stm32f4xx_tim.o(.text)
    TIM_SelectInputTrigger                   0x08005b4f   Thumb Code    18  stm32f4xx_tim.o(.text)
    TIM_ITRxExternalClockConfig              0x08005b61   Thumb Code    24  stm32f4xx_tim.o(.text)
    TIM_TIxExternalClockConfig               0x08005b79   Thumb Code    62  stm32f4xx_tim.o(.text)
    TIM_ETRConfig                            0x08005bb7   Thumb Code    28  stm32f4xx_tim.o(.text)
    TIM_ETRClockMode1Config                  0x08005bd3   Thumb Code    54  stm32f4xx_tim.o(.text)
    TIM_ETRClockMode2Config                  0x08005c09   Thumb Code    32  stm32f4xx_tim.o(.text)
    TIM_SelectOutputTrigger                  0x08005c29   Thumb Code    18  stm32f4xx_tim.o(.text)
    TIM_SelectSlaveMode                      0x08005c3b   Thumb Code    18  stm32f4xx_tim.o(.text)
    TIM_SelectMasterSlaveMode                0x08005c4d   Thumb Code    18  stm32f4xx_tim.o(.text)
    TIM_EncoderInterfaceConfig               0x08005c5f   Thumb Code    66  stm32f4xx_tim.o(.text)
    TIM_SelectHallSensor                     0x08005ca1   Thumb Code    24  stm32f4xx_tim.o(.text)
    TIM_RemapConfig                          0x08005cb9   Thumb Code     6  stm32f4xx_tim.o(.text)
    DMA_DeInit                               0x08005cc1   Thumb Code   324  stm32f4xx_dma.o(.text)
    DMA_Init                                 0x08005e05   Thumb Code    82  stm32f4xx_dma.o(.text)
    DMA_StructInit                           0x08005e57   Thumb Code    34  stm32f4xx_dma.o(.text)
    DMA_Cmd                                  0x08005e79   Thumb Code    22  stm32f4xx_dma.o(.text)
    DMA_PeriphIncOffsetSizeConfig            0x08005e8f   Thumb Code    22  stm32f4xx_dma.o(.text)
    DMA_FlowControllerConfig                 0x08005ea5   Thumb Code    22  stm32f4xx_dma.o(.text)
    DMA_SetCurrDataCounter                   0x08005ebb   Thumb Code     4  stm32f4xx_dma.o(.text)
    DMA_GetCurrDataCounter                   0x08005ebf   Thumb Code     8  stm32f4xx_dma.o(.text)
    DMA_DoubleBufferModeConfig               0x08005ec7   Thumb Code    24  stm32f4xx_dma.o(.text)
    DMA_DoubleBufferModeCmd                  0x08005edf   Thumb Code    22  stm32f4xx_dma.o(.text)
    DMA_MemoryTargetConfig                   0x08005ef5   Thumb Code    10  stm32f4xx_dma.o(.text)
    DMA_GetCurrentMemoryTarget               0x08005eff   Thumb Code    20  stm32f4xx_dma.o(.text)
    DMA_GetCmdStatus                         0x08005f13   Thumb Code    20  stm32f4xx_dma.o(.text)
    DMA_GetFIFOStatus                        0x08005f27   Thumb Code    12  stm32f4xx_dma.o(.text)
    DMA_GetFlagStatus                        0x08005f33   Thumb Code    56  stm32f4xx_dma.o(.text)
    DMA_ClearFlag                            0x08005f6b   Thumb Code    40  stm32f4xx_dma.o(.text)
    DMA_ITConfig                             0x08005f93   Thumb Code    58  stm32f4xx_dma.o(.text)
    DMA_GetITStatus                          0x08005fcd   Thumb Code    84  stm32f4xx_dma.o(.text)
    DMA_ClearITPendingBit                    0x08006021   Thumb Code    40  stm32f4xx_dma.o(.text)
    GPIO_group_OUT                           0x08006069   Thumb Code   454  common.o(.text)
    GPIO_bits_OUT                            0x0800622f   Thumb Code    92  common.o(.text)
    delay_init                               0x0800628b   Thumb Code    42  common.o(.text)
    delay_us                                 0x080062b5   Thumb Code    72  common.o(.text)
    delay_xms                                0x080062fd   Thumb Code    72  common.o(.text)
    delay_ms                                 0x08006345   Thumb Code    56  common.o(.text)
    AD9833_Init                              0x08006385   Thumb Code    42  ad9833.o(.text)
    AD9833_Write                             0x080063bb   Thumb Code   100  ad9833.o(.text)
    AD9833_AmpSet                            0x0800641f   Thumb Code    68  ad9833.o(.text)
    AD9833_WaveSeting                        0x08006463   Thumb Code   220  ad9833.o(.text)
    initValuePack                            0x08006555   Thumb Code   220  valuepack.o(.text)
    USART6_IRQHandler                        0x08006631   Thumb Code    74  valuepack.o(.text)
    readValuePack                            0x0800667b   Thumb Code   440  valuepack.o(.text)
    sendBuffer                               0x08006833   Thumb Code    42  valuepack.o(.text)
    sendValuePack                            0x0800685d   Thumb Code   164  valuepack.o(.text)
    itoa                                     0x08006901   Thumb Code    98  valuepack.o(.text)
    USART_OUT                                0x08006963   Thumb Code   338  valuepack.o(.text)
    fputc                                    0x08006ab5   Thumb Code    32  valuepack.o(.text)
    arm_cmplx_mag_f32                        0x08006ad9   Thumb Code   246  arm_cmplx_mag_f32.o(.text)
    arm_cfft_radix8by2_f32                   0x08006bd5   Thumb Code   398  arm_cfft_f32.o(.text)
    arm_cfft_radix8by4_f32                   0x08006d63   Thumb Code  1098  arm_cfft_f32.o(.text)
    arm_cfft_f32                             0x080071ad   Thumb Code   330  arm_cfft_f32.o(.text)
    arm_radix8_butterfly_f32                 0x080072f9   Thumb Code  1244  arm_cfft_radix8_f32.o(.text)
    __aeabi_uldivmod                         0x080077d5   Thumb Code     0  lludivv7m.o(.text)
    _ll_udiv                                 0x080077d5   Thumb Code   238  lludivv7m.o(.text)
    __2sprintf                               0x080078c5   Thumb Code    34  noretval__2sprintf.o(.text)
    _printf_int_dec                          0x080078ed   Thumb Code   104  _printf_dec.o(.text)
    __printf                                 0x08007965   Thumb Code   270  __printf_wp.o(.text)
    __aeabi_memclr4                          0x08007a73   Thumb Code     0  rt_memclr_w.o(.text)
    __aeabi_memclr8                          0x08007a73   Thumb Code     0  rt_memclr_w.o(.text)
    __rt_memclr_w                            0x08007a73   Thumb Code    78  rt_memclr_w.o(.text)
    _memset_w                                0x08007a77   Thumb Code     0  rt_memclr_w.o(.text)
    __use_two_region_memory                  0x08007ac1   Thumb Code     2  heapauxi.o(.text)
    __rt_heap_escrow$2region                 0x08007ac3   Thumb Code     2  heapauxi.o(.text)
    __rt_heap_expand$2region                 0x08007ac5   Thumb Code     2  heapauxi.o(.text)
    __read_errno                             0x08007ac7   Thumb Code    10  _rserrno.o(.text)
    __set_errno                              0x08007ad1   Thumb Code    12  _rserrno.o(.text)
    _printf_int_common                       0x08007add   Thumb Code   178  _printf_intcommon.o(.text)
    __lib_sel_fp_printf                      0x08007b8f   Thumb Code     2  _printf_fp_dec.o(.text)
    _printf_fp_dec_real                      0x08007d41   Thumb Code   620  _printf_fp_dec.o(.text)
    _printf_char_common                      0x08007fb7   Thumb Code    32  _printf_char_common.o(.text)
    _sputc                                   0x08007fdd   Thumb Code    10  _sputc.o(.text)
    __rt_locale                              0x08007fe9   Thumb Code     8  rt_locale_intlibspace.o(.text)
    __aeabi_errno_addr                       0x08007ff1   Thumb Code     8  rt_errno_addr_intlibspace.o(.text)
    __errno$intlibspace                      0x08007ff1   Thumb Code     0  rt_errno_addr_intlibspace.o(.text)
    __rt_errno_addr$intlibspace              0x08007ff1   Thumb Code     0  rt_errno_addr_intlibspace.o(.text)
    _ll_udiv10                               0x08007ff9   Thumb Code   138  lludiv10.o(.text)
    _fp_trap                                 0x08008085   Thumb Code    44  _fptrap.o(.text)
    _printf_fp_infnan                        0x080080b5   Thumb Code   112  _printf_fp_infnan.o(.text)
    _btod_etento                             0x08008135   Thumb Code   224  bigflt0.o(.text)
    __user_libspace                          0x08008219   Thumb Code     8  libspace.o(.text)
    __user_perproc_libspace                  0x08008219   Thumb Code     0  libspace.o(.text)
    __user_perthread_libspace                0x08008219   Thumb Code     0  libspace.o(.text)
    __user_setup_stackheap                   0x08008221   Thumb Code    74  sys_stackheap_outer.o(.text)
    exit                                     0x0800826b   Thumb Code    18  exit.o(.text)
    __rt_SIGFPE                              0x0800827d   Thumb Code    14  defsig_fpe_outer.o(.text)
    strcmp                                   0x0800828d   Thumb Code   128  strcmpv7m.o(.text)
    __sig_exit                               0x0800830d   Thumb Code    10  defsig_exit.o(.text)
    __rt_SIGFPE_inner                        0x08008319   Thumb Code    62  defsig_fpe_inner.o(.text)
    _sys_exit                                0x080083c5   Thumb Code     8  sys_exit.o(.text)
    __default_signal_display                 0x080083d1   Thumb Code    50  defsig_general.o(.text)
    _ttywrch                                 0x08008403   Thumb Code    14  sys_wrch.o(.text)
    __I$use$semihosting                      0x08008411   Thumb Code     0  use_no_semi.o(.text)
    __use_no_semihosting_swi                 0x08008411   Thumb Code     2  use_no_semi.o(.text)
    __semihosting_library_function           0x08008413   Thumb Code     0  indicate_semi.o(.text)
    _btod_d2e                                0x08008413   Thumb Code    62  btod.o(CL$$btod_d2e)
    _d2e_denorm_low                          0x08008451   Thumb Code    70  btod.o(CL$$btod_d2e_denorm_low)
    _d2e_norm_op1                            0x08008497   Thumb Code    96  btod.o(CL$$btod_d2e_norm_op1)
    __btod_div_common                        0x080084f7   Thumb Code   696  btod.o(CL$$btod_div_common)
    _e2e                                     0x0800882f   Thumb Code   220  btod.o(CL$$btod_e2e)
    _btod_ediv                               0x0800890b   Thumb Code    42  btod.o(CL$$btod_ediv)
    _btod_emul                               0x08008935   Thumb Code    42  btod.o(CL$$btod_emul)
    __btod_mult_common                       0x0800895f   Thumb Code   580  btod.o(CL$$btod_mult_common)
    __ARM_fpclassify                         0x08008ba3   Thumb Code    48  fpclassify.o(i.__ARM_fpclassify)
    __hardfp_atan                            0x08008bd9   Thumb Code   622  atan.o(i.__hardfp_atan)
    __hardfp_atan2                           0x08008eb1   Thumb Code   448  atan2.o(i.__hardfp_atan2)
    __hardfp_cos                             0x080090b1   Thumb Code   180  cos.o(i.__hardfp_cos)
    __hardfp_fabs                            0x08009179   Thumb Code    20  fabs.o(i.__hardfp_fabs)
    __hardfp_sqrtf                           0x0800918d   Thumb Code    58  sqrtf_full.o(i.__hardfp_sqrtf)
    __ieee754_rem_pio2                       0x080091c9   Thumb Code   938  rred.o(i.__ieee754_rem_pio2)
    __kernel_cos                             0x08009601   Thumb Code   322  cos_i.o(i.__kernel_cos)
    __kernel_poly                            0x08009771   Thumb Code   248  poly.o(i.__kernel_poly)
    __kernel_sin                             0x08009869   Thumb Code   280  sin_i.o(i.__kernel_sin)
    __mathlib_dbl_infnan                     0x08009999   Thumb Code    20  dunder.o(i.__mathlib_dbl_infnan)
    __mathlib_dbl_infnan2                    0x080099ad   Thumb Code    20  dunder.o(i.__mathlib_dbl_infnan2)
    __mathlib_dbl_invalid                    0x080099c1   Thumb Code    24  dunder.o(i.__mathlib_dbl_invalid)
    __mathlib_dbl_underflow                  0x080099e1   Thumb Code    24  dunder.o(i.__mathlib_dbl_underflow)
    _is_digit                                0x08009a01   Thumb Code    14  __printf_wp.o(i._is_digit)
    atan                                     0x08009a0f   Thumb Code    16  atan.o(i.atan)
    fabs                                     0x08009a1f   Thumb Code    24  fabs.o(i.fabs)
    _get_lc_numeric                          0x08009a39   Thumb Code    44  lc_numeric_c.o(locale$$code)
    __aeabi_dneg                             0x08009a65   Thumb Code     0  basic.o(x$fpl$basic)
    _dneg                                    0x08009a65   Thumb Code     6  basic.o(x$fpl$basic)
    __aeabi_fneg                             0x08009a6b   Thumb Code     0  basic.o(x$fpl$basic)
    _fneg                                    0x08009a6b   Thumb Code     6  basic.o(x$fpl$basic)
    _dabs                                    0x08009a71   Thumb Code     6  basic.o(x$fpl$basic)
    _fabs                                    0x08009a77   Thumb Code     6  basic.o(x$fpl$basic)
    __aeabi_d2f                              0x08009a7d   Thumb Code     0  d2f_clz.o(x$fpl$d2f)
    _d2f                                     0x08009a7d   Thumb Code   700  d2f_clz.o(x$fpl$d2f)
    __aeabi_dadd                             0x08009d41   Thumb Code     0  daddsub_clz.o(x$fpl$dadd)
    _dadd                                    0x08009d41   Thumb Code   580  daddsub_clz.o(x$fpl$dadd)
    __fpl_dcmp_Inf                           0x08009f8d   Thumb Code    24  dcmpi.o(x$fpl$dcmpinf)
    __aeabi_ddiv                             0x08009fa5   Thumb Code     0  ddiv_clz.o(x$fpl$ddiv)
    _ddiv                                    0x08009fa5   Thumb Code   748  ddiv_clz.o(x$fpl$ddiv)
    __aeabi_cdcmpeq                          0x0800a321   Thumb Code     0  deqf.o(x$fpl$deqf)
    _dcmpeq                                  0x0800a321   Thumb Code   116  deqf.o(x$fpl$deqf)
    __aeabi_d2iz                             0x0800a395   Thumb Code     0  dfix.o(x$fpl$dfix)
    _dfix                                    0x0800a395   Thumb Code   192  dfix.o(x$fpl$dfix)
    __aeabi_d2uiz                            0x0800a45d   Thumb Code     0  dfixu.o(x$fpl$dfixu)
    _dfixu                                   0x0800a45d   Thumb Code   212  dfixu.o(x$fpl$dfixu)
    __aeabi_i2d                              0x0800a539   Thumb Code     0  dflt_clz.o(x$fpl$dflt)
    _dflt                                    0x0800a539   Thumb Code    46  dflt_clz.o(x$fpl$dflt)
    __dflt_normalise                         0x0800a567   Thumb Code    26  dflt_clz.o(x$fpl$dfltn)
    __aeabi_ui2d                             0x0800a581   Thumb Code     0  dflt_clz.o(x$fpl$dfltu)
    _dfltu                                   0x0800a581   Thumb Code    38  dflt_clz.o(x$fpl$dfltu)
    __aeabi_cdcmple                          0x0800a5a9   Thumb Code     0  dleqf.o(x$fpl$dleqf)
    _dcmple                                  0x0800a5a9   Thumb Code   120  dleqf.o(x$fpl$dleqf)
    __fpl_dcmple_InfNaN                      0x0800a601   Thumb Code     0  dleqf.o(x$fpl$dleqf)
    __aeabi_dmul                             0x0800a621   Thumb Code     0  dmul_clz.o(x$fpl$dmul)
    _dmul                                    0x0800a621   Thumb Code   440  dmul_clz.o(x$fpl$dmul)
    __fpl_dnaninf                            0x0800a7e1   Thumb Code   258  dnaninf.o(x$fpl$dnaninf)
    __fpl_drenorm2                           0x0800a8e3   Thumb Code   106  drenorm_clz.o(x$fpl$drenorm)
    __fpl_drenorm1                           0x0800a94d   Thumb Code     6  drenorm_clz.o(x$fpl$drenorm)
    __fpl_dretinf                            0x0800a953   Thumb Code    12  dretinf.o(x$fpl$dretinf)
    __aeabi_cdrcmple                         0x0800a95f   Thumb Code     0  drleqf.o(x$fpl$drleqf)
    _drcmple                                 0x0800a95f   Thumb Code    98  drleqf.o(x$fpl$drleqf)
    __aeabi_drsub                            0x0800a9c1   Thumb Code     0  daddsub_clz.o(x$fpl$drsb)
    _drsb                                    0x0800a9c1   Thumb Code    74  daddsub_clz.o(x$fpl$drsb)
    __aeabi_dsub                             0x0800aa11   Thumb Code     0  daddsub_clz.o(x$fpl$dsub)
    _dsub                                    0x0800aa11   Thumb Code   664  daddsub_clz.o(x$fpl$dsub)
    __dunder                                 0x0800acad   Thumb Code   314  dunder_clz.o(x$fpl$dunder)
    __dunder_d                               0x0800ade7   Thumb Code    64  dunder_clz.o(x$fpl$dunder)
    __fpl_exception                          0x0800ae29   Thumb Code   454  except.o(x$fpl$exception)
    __aeabi_f2d                              0x0800b015   Thumb Code     0  f2d.o(x$fpl$f2d)
    _f2d                                     0x0800b015   Thumb Code   122  f2d.o(x$fpl$f2d)
    __fpl_fnaninf                            0x0800b08f   Thumb Code   242  fnaninf.o(x$fpl$fnaninf)
    _fp_init                                 0x0800b181   Thumb Code    10  fpinit.o(x$fpl$fpinit)
    __fplib_config_fpu_vfp                   0x0800b189   Thumb Code     0  fpinit.o(x$fpl$fpinit)
    __fplib_config_pureend_doubles           0x0800b189   Thumb Code     0  fpinit.o(x$fpl$fpinit)
    __fpl_fretinf                            0x0800b18b   Thumb Code    10  fretinf.o(x$fpl$fretinf)
    __funder                                 0x0800b195   Thumb Code   254  funder_clz.o(x$fpl$funder)
    __funder_d                               0x0800b293   Thumb Code    62  funder_clz.o(x$fpl$funder)
    __ieee_status                            0x0800b2d1   Thumb Code    28  istatus.o(x$fpl$ieeestatus)
    _printf_fp_dec                           0x0800b2f1   Thumb Code     4  printf1.o(x$fpl$printf1)
    __fpl_return_NaN                         0x0800b2f5   Thumb Code   178  retnan.o(x$fpl$retnan)
    _fp_trapveneer                           0x0800b3a7   Thumb Code    36  trapv.o(x$fpl$trapveneer)
    __fpl_cmpreturn                          0x0800b3cb   Thumb Code    90  trapv.o(x$fpl$trapveneer)
    __I$use$fp                               0x0800b424   Number         0  usenofp.o(x$fpl$usenofp)
    char_1206                                0x0800b424   Data        1140  lcd.o(.constdata)
    char_1608                                0x0800b898   Data        1520  lcd.o(.constdata)
    char_2412                                0x0800be88   Data        4560  lcd.o(.constdata)
    FSMC_DefaultTimingStruct                 0x0800d058   Data          28  stm32f4xx_fsmc.o(.constdata)
    arm_cfft_sR_f32_len1024                  0x0800d074   Data          16  arm_const_structs.o(.constdata)
    twiddleCoef_1024                         0x0800d084   Data        8192  arm_common_tables.o(.constdata)
    armBitRevIndexTable1024                  0x0800f084   Data        3600  arm_common_tables.o(.constdata)
    __mathlib_zero                           0x0800ff60   Data           8  qnan.o(.constdata)
    Region$$Table$$Base                      0x080100ec   Number         0  anon$$obj.o(Region$$Table)
    Region$$Table$$Limit                     0x0801010c   Number         0  anon$$obj.o(Region$$Table)
    SystemCoreClock                          0x20000000   Data           4  system_stm32f4xx.o(.data)
    AHBPrescTable                            0x20000004   Data          16  system_stm32f4xx.o(.data)
    BRUSH_COLOR                              0x20000014   Data           2  lcd.o(.data)
    BACK_COLOR                               0x20000016   Data           2  lcd.o(.data)
    lcd_id                                   0x20000018   Data           2  lcd.o(.data)
    dir_flag                                 0x2000001a   Data           1  lcd.o(.data)
    lcd_width                                0x2000001c   Data           2  lcd.o(.data)
    lcd_height                               0x2000001e   Data           2  lcd.o(.data)
    write_gramcmd                            0x20000020   Data           2  lcd.o(.data)
    setxcmd                                  0x20000022   Data           2  lcd.o(.data)
    setycmd                                  0x20000024   Data           2  lcd.o(.data)
    keydown_data                             0x20000026   Data           1  key.o(.data)
    keyup_data                               0x20000027   Data           1  key.o(.data)
    key_time                                 0x20000028   Data           2  key.o(.data)
    key_tem                                  0x2000002a   Data           1  key.o(.data)
    key_bak                                  0x2000002b   Data           1  key.o(.data)
    Frequency                                0x2000002c   Data           4  timer4.o(.data)
    Frequency_temp                           0x20000030   Data           4  timer4.o(.data)
    PB0_Counter1                             0x20000034   Data           2  timer4.o(.data)
    ClearPB0Count                            0x20000036   Data           2  timer4.o(.data)
    flag_65536                               0x20000038   Data           4  timer4.o(.data)
    speed_time                               0x2000003c   Data           4  timer4.o(.data)
    get_sign_count                           0x20000040   Data           4  timer4.o(.data)
    adc_data1                                0x20000044   Data           4  timer.o(.data)
    adc_data2                                0x20000048   Data           4  timer.o(.data)
    adc_data1_t                              0x2000004c   Data           4  timer.o(.data)
    adc_data2_t                              0x20000050   Data           4  timer.o(.data)
    adc_data1_t_max                          0x20000054   Data           2  timer.o(.data)
    adc_data1_t_min                          0x20000056   Data           2  timer.o(.data)
    adc_data2_t_max                          0x20000058   Data           2  timer.o(.data)
    adc_data2_t_min                          0x2000005a   Data           2  timer.o(.data)
    adc1_data_count                          0x2000005c   Data           2  timer.o(.data)
    temp                                     0x20000060   Data           4  timer.o(.data)
    adc_count                                0x20000064   Data           4  timer.o(.data)
    adc1_Vref                                0x20000068   Data           4  timer.o(.data)
    adc2_Vref                                0x2000006c   Data           4  timer.o(.data)
    kal1                                     0x20000070   Data          24  timer.o(.data)
    kal2                                     0x20000088   Data          24  timer.o(.data)
    text                                     0x200000a0   Data           4  timer.o(.data)
    is_show__wave                            0x200000a4   Data           4  input_event.o(.data)
    fft_show_idx                             0x200000a8   Data           2  fft.o(.data)
    Screen_flash_cnt                         0x200000aa   Data           2  screen_main.o(.data)
    SPI_data                                 0x200000ac   Data           7  screen_main.o(.data)
    Xdown                                    0x200000c4   Data           2  xpt2046.o(.data)
    Ydown                                    0x200000c6   Data           2  xpt2046.o(.data)
    Xup                                      0x200000c8   Data           2  xpt2046.o(.data)
    Yup                                      0x200000ca   Data           2  xpt2046.o(.data)
    CMD_RDX                                  0x200000cc   Data           1  xpt2046.o(.data)
    CMD_RDY                                  0x200000cd   Data           1  xpt2046.o(.data)
    xFactor                                  0x200000d0   Data           4  xpt2046.o(.data)
    yFactor                                  0x200000d4   Data           4  xpt2046.o(.data)
    xOffset                                  0x200000d8   Data           2  xpt2046.o(.data)
    yOffset                                  0x200000da   Data           2  xpt2046.o(.data)
    x                                        0x200000dc   Data           2  xpt2046.o(.data)
    y                                        0x200000de   Data           2  xpt2046.o(.data)
    time                                     0x200000e0   Data           1  xpt2046.o(.data)
    rx_pack_length                           0x200000e8   Data           2  valuepack.o(.data)
    rxIndex                                  0x200000ec   Data           4  valuepack.o(.data)
    rdIndex                                  0x200000f0   Data           4  valuepack.o(.data)
    vp_txbuff                                0x200000f4   Data           7  valuepack.o(.data)
    vp_circle_rx_index                       0x200000fc   Data           4  valuepack.o(.data)
    rdi                                      0x20000100   Data           2  valuepack.o(.data)
    rdii                                     0x20000102   Data           2  valuepack.o(.data)
    idl                                      0x20000104   Data           2  valuepack.o(.data)
    idi                                      0x20000106   Data           2  valuepack.o(.data)
    bool_index                               0x20000108   Data           2  valuepack.o(.data)
    bool_bit                                 0x2000010a   Data           2  valuepack.o(.data)
    idc                                      0x2000010c   Data           4  valuepack.o(.data)
    err                                      0x20000110   Data           4  valuepack.o(.data)
    sum                                      0x20000114   Data           1  valuepack.o(.data)
    isok                                     0x20000115   Data           1  valuepack.o(.data)
    loop                                     0x20000116   Data           2  valuepack.o(.data)
    valuepack_tx_bit_index                   0x20000118   Data           1  valuepack.o(.data)
    valuepack_tx_index                       0x20000119   Data           1  valuepack.o(.data)
    ADC_Value                                0x2000011c   Data        2048  adc.o(.bss)
    ADC2_Value                               0x2000091c   Data        2048  adc.o(.bss)
    lBufInArray                              0x2000111c   Data        8192  fft.o(.bss)
    lBufOutArray                             0x2000311c   Data        4096  fft.o(.bss)
    vp_rxbuff                                0x2000411c   Data        1024  valuepack.o(.bss)
    __libspace_start                         0x2000451c   Data          96  libspace.o(.bss)
    __temporary_stack_top$libspace           0x2000457c   Data           0  libspace.o(.bss)



==============================================================================

Memory Map of the image

  Image Entry point : 0x08000189

  Load Region LR_IROM1 (Base: 0x08000000, Size: 0x00010244, Max: 0x00080000, ABSOLUTE)

    Execution Region ER_IROM1 (Exec base: 0x08000000, Load base: 0x08000000, Size: 0x00010128, Max: 0x00080000, ABSOLUTE)

    Exec Addr    Load Addr    Size         Type   Attr      Idx    E Section Name        Object

    0x08000000   0x08000000   0x00000188   Data   RO          224    RESET               startup_stm32f40_41xxx.o
    0x08000188   0x08000188   0x00000008   Code   RO         1321  * !!!main             c_w.l(__main.o)
    0x08000190   0x08000190   0x00000034   Code   RO         1703    !!!scatter          c_w.l(__scatter.o)
    0x080001c4   0x080001c4   0x0000001a   Code   RO         1705    !!handler_copy      c_w.l(__scatter_copy.o)
    0x080001de   0x080001de   0x00000002   PAD
    0x080001e0   0x080001e0   0x0000001c   Code   RO         1707    !!handler_zi        c_w.l(__scatter_zi.o)
    0x080001fc   0x080001fc   0x000000c0   Code   RO         1196    . text              arm_cortexM4lf_math.lib(arm_bitreversal2.o)
    0x080002bc   0x080002bc   0x00000000   Code   RO         1316    .ARM.Collect$$_printf_percent$$00000000  c_w.l(_printf_percent.o)
    0x080002bc   0x080002bc   0x00000006   Code   RO         1315    .ARM.Collect$$_printf_percent$$00000003  c_w.l(_printf_f.o)
    0x080002c2   0x080002c2   0x00000006   Code   RO         1314    .ARM.Collect$$_printf_percent$$00000009  c_w.l(_printf_d.o)
    0x080002c8   0x080002c8   0x00000004   Code   RO         1416    .ARM.Collect$$_printf_percent$$00000017  c_w.l(_printf_percent_end.o)
    0x080002cc   0x080002cc   0x00000002   Code   RO         1574    .ARM.Collect$$libinit$$00000000  c_w.l(libinit.o)
    0x080002ce   0x080002ce   0x00000004   Code   RO         1575    .ARM.Collect$$libinit$$00000001  c_w.l(libinit2.o)
    0x080002d2   0x080002d2   0x00000000   Code   RO         1578    .ARM.Collect$$libinit$$00000004  c_w.l(libinit2.o)
    0x080002d2   0x080002d2   0x00000000   Code   RO         1581    .ARM.Collect$$libinit$$0000000A  c_w.l(libinit2.o)
    0x080002d2   0x080002d2   0x00000000   Code   RO         1583    .ARM.Collect$$libinit$$0000000C  c_w.l(libinit2.o)
    0x080002d2   0x080002d2   0x00000000   Code   RO         1585    .ARM.Collect$$libinit$$0000000E  c_w.l(libinit2.o)
    0x080002d2   0x080002d2   0x00000006   Code   RO         1586    .ARM.Collect$$libinit$$0000000F  c_w.l(libinit2.o)
    0x080002d8   0x080002d8   0x00000000   Code   RO         1588    .ARM.Collect$$libinit$$00000011  c_w.l(libinit2.o)
    0x080002d8   0x080002d8   0x00000000   Code   RO         1590    .ARM.Collect$$libinit$$00000013  c_w.l(libinit2.o)
    0x080002d8   0x080002d8   0x00000000   Code   RO         1592    .ARM.Collect$$libinit$$00000015  c_w.l(libinit2.o)
    0x080002d8   0x080002d8   0x0000000a   Code   RO         1593    .ARM.Collect$$libinit$$00000016  c_w.l(libinit2.o)
    0x080002e2   0x080002e2   0x00000000   Code   RO         1594    .ARM.Collect$$libinit$$00000017  c_w.l(libinit2.o)
    0x080002e2   0x080002e2   0x00000000   Code   RO         1596    .ARM.Collect$$libinit$$00000019  c_w.l(libinit2.o)
    0x080002e2   0x080002e2   0x00000000   Code   RO         1598    .ARM.Collect$$libinit$$0000001B  c_w.l(libinit2.o)
    0x080002e2   0x080002e2   0x00000000   Code   RO         1600    .ARM.Collect$$libinit$$0000001D  c_w.l(libinit2.o)
    0x080002e2   0x080002e2   0x00000000   Code   RO         1602    .ARM.Collect$$libinit$$0000001F  c_w.l(libinit2.o)
    0x080002e2   0x080002e2   0x00000000   Code   RO         1604    .ARM.Collect$$libinit$$00000021  c_w.l(libinit2.o)
    0x080002e2   0x080002e2   0x00000000   Code   RO         1606    .ARM.Collect$$libinit$$00000023  c_w.l(libinit2.o)
    0x080002e2   0x080002e2   0x00000000   Code   RO         1608    .ARM.Collect$$libinit$$00000025  c_w.l(libinit2.o)
    0x080002e2   0x080002e2   0x00000000   Code   RO         1612    .ARM.Collect$$libinit$$0000002C  c_w.l(libinit2.o)
    0x080002e2   0x080002e2   0x00000000   Code   RO         1614    .ARM.Collect$$libinit$$0000002E  c_w.l(libinit2.o)
    0x080002e2   0x080002e2   0x00000000   Code   RO         1616    .ARM.Collect$$libinit$$00000030  c_w.l(libinit2.o)
    0x080002e2   0x080002e2   0x00000000   Code   RO         1618    .ARM.Collect$$libinit$$00000032  c_w.l(libinit2.o)
    0x080002e2   0x080002e2   0x00000002   Code   RO         1619    .ARM.Collect$$libinit$$00000033  c_w.l(libinit2.o)
    0x080002e4   0x080002e4   0x00000002   Code   RO         1666    .ARM.Collect$$libshutdown$$00000000  c_w.l(libshutdown.o)
    0x080002e6   0x080002e6   0x00000000   Code   RO         1684    .ARM.Collect$$libshutdown$$00000002  c_w.l(libshutdown2.o)
    0x080002e6   0x080002e6   0x00000000   Code   RO         1686    .ARM.Collect$$libshutdown$$00000004  c_w.l(libshutdown2.o)
    0x080002e6   0x080002e6   0x00000000   Code   RO         1688    .ARM.Collect$$libshutdown$$00000006  c_w.l(libshutdown2.o)
    0x080002e6   0x080002e6   0x00000000   Code   RO         1691    .ARM.Collect$$libshutdown$$00000009  c_w.l(libshutdown2.o)
    0x080002e6   0x080002e6   0x00000000   Code   RO         1694    .ARM.Collect$$libshutdown$$0000000C  c_w.l(libshutdown2.o)
    0x080002e6   0x080002e6   0x00000000   Code   RO         1696    .ARM.Collect$$libshutdown$$0000000E  c_w.l(libshutdown2.o)
    0x080002e6   0x080002e6   0x00000000   Code   RO         1699    .ARM.Collect$$libshutdown$$00000011  c_w.l(libshutdown2.o)
    0x080002e6   0x080002e6   0x00000002   Code   RO         1700    .ARM.Collect$$libshutdown$$00000012  c_w.l(libshutdown2.o)
    0x080002e8   0x080002e8   0x00000000   Code   RO         1401    .ARM.Collect$$rtentry$$00000000  c_w.l(__rtentry.o)
    0x080002e8   0x080002e8   0x00000000   Code   RO         1486    .ARM.Collect$$rtentry$$00000002  c_w.l(__rtentry2.o)
    0x080002e8   0x080002e8   0x00000006   Code   RO         1498    .ARM.Collect$$rtentry$$00000004  c_w.l(__rtentry4.o)
    0x080002ee   0x080002ee   0x00000000   Code   RO         1488    .ARM.Collect$$rtentry$$00000009  c_w.l(__rtentry2.o)
    0x080002ee   0x080002ee   0x00000004   Code   RO         1489    .ARM.Collect$$rtentry$$0000000A  c_w.l(__rtentry2.o)
    0x080002f2   0x080002f2   0x00000000   Code   RO         1491    .ARM.Collect$$rtentry$$0000000C  c_w.l(__rtentry2.o)
    0x080002f2   0x080002f2   0x00000008   Code   RO         1492    .ARM.Collect$$rtentry$$0000000D  c_w.l(__rtentry2.o)
    0x080002fa   0x080002fa   0x00000002   Code   RO         1620    .ARM.Collect$$rtexit$$00000000  c_w.l(rtexit.o)
    0x080002fc   0x080002fc   0x00000000   Code   RO         1635    .ARM.Collect$$rtexit$$00000002  c_w.l(rtexit2.o)
    0x080002fc   0x080002fc   0x00000004   Code   RO         1636    .ARM.Collect$$rtexit$$00000003  c_w.l(rtexit2.o)
    0x08000300   0x08000300   0x00000006   Code   RO         1637    .ARM.Collect$$rtexit$$00000004  c_w.l(rtexit2.o)
    0x08000306   0x08000306   0x00000002   PAD
    0x08000308   0x08000308   0x00000120   Code   RO            3    .text               main.o
    0x08000428   0x08000428   0x0000001a   Code   RO          201    .text               stm32f4xx_it.o
    0x08000442   0x08000442   0x00000002   PAD
    0x08000444   0x08000444   0x00000040   Code   RO          225    .text               startup_stm32f40_41xxx.o
    0x08000484   0x08000484   0x00000210   Code   RO          231    .text               system_stm32f4xx.o
    0x08000694   0x08000694   0x00000e68   Code   RO          257    .text               lcd.o
    0x080014fc   0x080014fc   0x00000108   Code   RO          310    .text               key.o
    0x08001604   0x08001604   0x00000340   Code   RO          336    .text               adc.o
    0x08001944   0x08001944   0x000001cc   Code   RO          366    .text               timer4.o
    0x08001b10   0x08001b10   0x000001f8   Code   RO          392    .text               timer.o
    0x08001d08   0x08001d08   0x000000b4   Code   RO          422    .text               input_event.o
    0x08001dbc   0x08001dbc   0x00000174   Code   RO          456    .text               fft.o
    0x08001f30   0x08001f30   0x00000130   Code   RO          487    .text               touch.o
    0x08002060   0x08002060   0x00000f34   Code   RO          507    .text               screen_main.o
    0x08002f94   0x08002f94   0x00000408   Code   RO          613    .text               19c_main_progress.o
    0x0800339c   0x0800339c   0x000000e0   Code   RO          633    .text               misc.o
    0x0800347c   0x0800347c   0x00000294   Code   RO          653    .text               stm32f4xx_gpio.o
    0x08003710   0x08003710   0x000005c8   Code   RO          673    .text               stm32f4xx_fsmc.o
    0x08003cd8   0x08003cd8   0x0000065c   Code   RO          696    .text               stm32f4xx_rcc.o
    0x08004334   0x08004334   0x00000454   Code   RO          718    .text               stm32f4xx_usart.o
    0x08004788   0x08004788   0x00000464   Code   RO          738    .text               stm32f4xx_adc.o
    0x08004bec   0x08004bec   0x00000430   Code   RO          758    .text               xpt2046.o
    0x0800501c   0x0800501c   0x00000ca2   Code   RO          804    .text               stm32f4xx_tim.o
    0x08005cbe   0x08005cbe   0x00000002   PAD
    0x08005cc0   0x08005cc0   0x000003a8   Code   RO          864    .text               stm32f4xx_dma.o
    0x08006068   0x08006068   0x0000031c   Code   RO          885    .text               common.o
    0x08006384   0x08006384   0x000001d0   Code   RO          910    .text               ad9833.o
    0x08006554   0x08006554   0x00000584   Code   RO          930    .text               valuepack.o
    0x08006ad8   0x08006ad8   0x000000fc   Code   RO          963    .text               arm_cortexM4lf_math.lib(arm_cmplx_mag_f32.o)
    0x08006bd4   0x08006bd4   0x00000722   Code   RO         1009    .text               arm_cortexM4lf_math.lib(arm_cfft_f32.o)
    0x080072f6   0x080072f6   0x00000002   PAD
    0x080072f8   0x080072f8   0x000004dc   Code   RO         1175    .text               arm_cortexM4lf_math.lib(arm_cfft_radix8_f32.o)
    0x080077d4   0x080077d4   0x000000ee   Code   RO         1284    .text               c_w.l(lludivv7m.o)
    0x080078c2   0x080078c2   0x00000002   PAD
    0x080078c4   0x080078c4   0x00000028   Code   RO         1288    .text               c_w.l(noretval__2sprintf.o)
    0x080078ec   0x080078ec   0x00000078   Code   RO         1292    .text               c_w.l(_printf_dec.o)
    0x08007964   0x08007964   0x0000010e   Code   RO         1302    .text               c_w.l(__printf_wp.o)
    0x08007a72   0x08007a72   0x0000004e   Code   RO         1317    .text               c_w.l(rt_memclr_w.o)
    0x08007ac0   0x08007ac0   0x00000006   Code   RO         1319    .text               c_w.l(heapauxi.o)
    0x08007ac6   0x08007ac6   0x00000016   Code   RO         1406    .text               c_w.l(_rserrno.o)
    0x08007adc   0x08007adc   0x000000b2   Code   RO         1408    .text               c_w.l(_printf_intcommon.o)
    0x08007b8e   0x08007b8e   0x0000041e   Code   RO         1410    .text               c_w.l(_printf_fp_dec.o)
    0x08007fac   0x08007fac   0x00000030   Code   RO         1412    .text               c_w.l(_printf_char_common.o)
    0x08007fdc   0x08007fdc   0x0000000a   Code   RO         1414    .text               c_w.l(_sputc.o)
    0x08007fe6   0x08007fe6   0x00000002   PAD
    0x08007fe8   0x08007fe8   0x00000008   Code   RO         1505    .text               c_w.l(rt_locale_intlibspace.o)
    0x08007ff0   0x08007ff0   0x00000008   Code   RO         1510    .text               c_w.l(rt_errno_addr_intlibspace.o)
    0x08007ff8   0x08007ff8   0x0000008a   Code   RO         1512    .text               c_w.l(lludiv10.o)
    0x08008082   0x08008082   0x00000002   PAD
    0x08008084   0x08008084   0x00000030   Code   RO         1514    .text               c_w.l(_fptrap.o)
    0x080080b4   0x080080b4   0x00000080   Code   RO         1516    .text               c_w.l(_printf_fp_infnan.o)
    0x08008134   0x08008134   0x000000e4   Code   RO         1520    .text               c_w.l(bigflt0.o)
    0x08008218   0x08008218   0x00000008   Code   RO         1556    .text               c_w.l(libspace.o)
    0x08008220   0x08008220   0x0000004a   Code   RO         1559    .text               c_w.l(sys_stackheap_outer.o)
    0x0800826a   0x0800826a   0x00000012   Code   RO         1561    .text               c_w.l(exit.o)
    0x0800827c   0x0800827c   0x0000000e   Code   RO         1563    .text               c_w.l(defsig_fpe_outer.o)
    0x0800828a   0x0800828a   0x00000002   PAD
    0x0800828c   0x0800828c   0x00000080   Code   RO         1567    .text               c_w.l(strcmpv7m.o)
    0x0800830c   0x0800830c   0x0000000a   Code   RO         1624    .text               c_w.l(defsig_exit.o)
    0x08008316   0x08008316   0x00000002   PAD
    0x08008318   0x08008318   0x000000ac   Code   RO         1626    .text               c_w.l(defsig_fpe_inner.o)
    0x080083c4   0x080083c4   0x0000000c   Code   RO         1632    .text               c_w.l(sys_exit.o)
    0x080083d0   0x080083d0   0x00000032   Code   RO         1643    .text               c_w.l(defsig_general.o)
    0x08008402   0x08008402   0x0000000e   Code   RO         1649    .text               c_w.l(sys_wrch.o)
    0x08008410   0x08008410   0x00000002   Code   RO         1653    .text               c_w.l(use_no_semi.o)
    0x08008412   0x08008412   0x00000000   Code   RO         1655    .text               c_w.l(indicate_semi.o)
    0x08008412   0x08008412   0x0000003e   Code   RO         1523    CL$$btod_d2e        c_w.l(btod.o)
    0x08008450   0x08008450   0x00000046   Code   RO         1525    CL$$btod_d2e_denorm_low  c_w.l(btod.o)
    0x08008496   0x08008496   0x00000060   Code   RO         1524    CL$$btod_d2e_norm_op1  c_w.l(btod.o)
    0x080084f6   0x080084f6   0x00000338   Code   RO         1533    CL$$btod_div_common  c_w.l(btod.o)
    0x0800882e   0x0800882e   0x000000dc   Code   RO         1530    CL$$btod_e2e        c_w.l(btod.o)
    0x0800890a   0x0800890a   0x0000002a   Code   RO         1527    CL$$btod_ediv       c_w.l(btod.o)
    0x08008934   0x08008934   0x0000002a   Code   RO         1526    CL$$btod_emul       c_w.l(btod.o)
    0x0800895e   0x0800895e   0x00000244   Code   RO         1532    CL$$btod_mult_common  c_w.l(btod.o)
    0x08008ba2   0x08008ba2   0x00000030   Code   RO         1552    i.__ARM_fpclassify  m_wm.l(fpclassify.o)
    0x08008bd2   0x08008bd2   0x00000006   PAD
    0x08008bd8   0x08008bd8   0x000002d8   Code   RO         1442    i.__hardfp_atan     m_wm.l(atan.o)
    0x08008eb0   0x08008eb0   0x00000200   Code   RO         1359    i.__hardfp_atan2    m_wm.l(atan2.o)
    0x080090b0   0x080090b0   0x000000c8   Code   RO         1371    i.__hardfp_cos      m_wm.l(cos.o)
    0x08009178   0x08009178   0x00000014   Code   RO         1383    i.__hardfp_fabs     m_wm.l(fabs.o)
    0x0800918c   0x0800918c   0x0000003a   Code   RO         1389    i.__hardfp_sqrtf    m_wm.l(sqrtf_full.o)
    0x080091c6   0x080091c6   0x00000002   PAD
    0x080091c8   0x080091c8   0x00000438   Code   RO         1474    i.__ieee754_rem_pio2  m_wm.l(rred.o)
    0x08009600   0x08009600   0x00000170   Code   RO         1456    i.__kernel_cos      m_wm.l(cos_i.o)
    0x08009770   0x08009770   0x000000f8   Code   RO         1554    i.__kernel_poly     m_wm.l(poly.o)
    0x08009868   0x08009868   0x00000130   Code   RO         1479    i.__kernel_sin      m_wm.l(sin_i.o)
    0x08009998   0x08009998   0x00000014   Code   RO         1460    i.__mathlib_dbl_infnan  m_wm.l(dunder.o)
    0x080099ac   0x080099ac   0x00000014   Code   RO         1461    i.__mathlib_dbl_infnan2  m_wm.l(dunder.o)
    0x080099c0   0x080099c0   0x00000020   Code   RO         1462    i.__mathlib_dbl_invalid  m_wm.l(dunder.o)
    0x080099e0   0x080099e0   0x00000020   Code   RO         1465    i.__mathlib_dbl_underflow  m_wm.l(dunder.o)
    0x08009a00   0x08009a00   0x0000000e   Code   RO         1304    i._is_digit         c_w.l(__printf_wp.o)
    0x08009a0e   0x08009a0e   0x00000010   Code   RO         1444    i.atan              m_wm.l(atan.o)
    0x08009a1e   0x08009a1e   0x00000018   Code   RO         1385    i.fabs              m_wm.l(fabs.o)
    0x08009a36   0x08009a36   0x00000002   PAD
    0x08009a38   0x08009a38   0x0000002c   Code   RO         1546    locale$$code        c_w.l(lc_numeric_c.o)
    0x08009a64   0x08009a64   0x00000018   Code   RO         1417    x$fpl$basic         g_wm.l(basic.o)
    0x08009a7c   0x08009a7c   0x000002c4   Code   RO         1323    x$fpl$d2f           g_wm.l(d2f_clz.o)
    0x08009d40   0x08009d40   0x0000024c   Code   RO         1325    x$fpl$dadd          g_wm.l(daddsub_clz.o)
    0x08009f8c   0x08009f8c   0x00000018   Code   RO         1419    x$fpl$dcmpinf       g_wm.l(dcmpi.o)
    0x08009fa4   0x08009fa4   0x0000037c   Code   RO         1332    x$fpl$ddiv          g_wm.l(ddiv_clz.o)
    0x0800a320   0x0800a320   0x00000074   Code   RO         1421    x$fpl$deqf          g_wm.l(deqf.o)
    0x0800a394   0x0800a394   0x000000c8   Code   RO         1335    x$fpl$dfix          g_wm.l(dfix.o)
    0x0800a45c   0x0800a45c   0x000000dc   Code   RO         1339    x$fpl$dfixu         g_wm.l(dfixu.o)
    0x0800a538   0x0800a538   0x0000002e   Code   RO         1344    x$fpl$dflt          g_wm.l(dflt_clz.o)
    0x0800a566   0x0800a566   0x0000001a   Code   RO         1345    x$fpl$dfltn         g_wm.l(dflt_clz.o)
    0x0800a580   0x0800a580   0x00000026   Code   RO         1343    x$fpl$dfltu         g_wm.l(dflt_clz.o)
    0x0800a5a6   0x0800a5a6   0x00000002   PAD
    0x0800a5a8   0x0800a5a8   0x00000078   Code   RO         1349    x$fpl$dleqf         g_wm.l(dleqf.o)
    0x0800a620   0x0800a620   0x000001c0   Code   RO         1351    x$fpl$dmul          g_wm.l(dmul_clz.o)
    0x0800a7e0   0x0800a7e0   0x00000102   Code   RO         1423    x$fpl$dnaninf       g_wm.l(dnaninf.o)
    0x0800a8e2   0x0800a8e2   0x00000070   Code   RO         1425    x$fpl$drenorm       g_wm.l(drenorm_clz.o)
    0x0800a952   0x0800a952   0x0000000c   Code   RO         1427    x$fpl$dretinf       g_wm.l(dretinf.o)
    0x0800a95e   0x0800a95e   0x00000062   Code   RO         1353    x$fpl$drleqf        g_wm.l(drleqf.o)
    0x0800a9c0   0x0800a9c0   0x00000050   Code   RO         1326    x$fpl$drsb          g_wm.l(daddsub_clz.o)
    0x0800aa10   0x0800aa10   0x0000029c   Code   RO         1327    x$fpl$dsub          g_wm.l(daddsub_clz.o)
    0x0800acac   0x0800acac   0x0000017a   Code   RO         1429    x$fpl$dunder        g_wm.l(dunder_clz.o)
    0x0800ae26   0x0800ae26   0x00000002   PAD
    0x0800ae28   0x0800ae28   0x000001ec   Code   RO         1431    x$fpl$exception     g_wm.l(except.o)
    0x0800b014   0x0800b014   0x0000007a   Code   RO         1355    x$fpl$f2d           g_wm.l(f2d.o)
    0x0800b08e   0x0800b08e   0x000000f2   Code   RO         1433    x$fpl$fnaninf       g_wm.l(fnaninf.o)
    0x0800b180   0x0800b180   0x0000000a   Code   RO         1630    x$fpl$fpinit        g_wm.l(fpinit.o)
    0x0800b18a   0x0800b18a   0x0000000a   Code   RO         1435    x$fpl$fretinf       g_wm.l(fretinf.o)
    0x0800b194   0x0800b194   0x0000013c   Code   RO         1437    x$fpl$funder        g_wm.l(funder_clz.o)
    0x0800b2d0   0x0800b2d0   0x00000020   Code   RO         1548    x$fpl$ieeestatus    g_wm.l(istatus.o)
    0x0800b2f0   0x0800b2f0   0x00000004   Code   RO         1357    x$fpl$printf1       g_wm.l(printf1.o)
    0x0800b2f4   0x0800b2f4   0x000000b2   Code   RO         1550    x$fpl$retnan        g_wm.l(retnan.o)
    0x0800b3a6   0x0800b3a6   0x0000007e   Code   RO         1439    x$fpl$trapveneer    g_wm.l(trapv.o)
    0x0800b424   0x0800b424   0x00000000   Code   RO         1441    x$fpl$usenofp       g_wm.l(usenofp.o)
    0x0800b424   0x0800b424   0x00001c34   Data   RO          258    .constdata          lcd.o
    0x0800d058   0x0800d058   0x0000001c   Data   RO          674    .constdata          stm32f4xx_fsmc.o
    0x0800d074   0x0800d074   0x00000010   Data   RO         1046    .constdata          arm_cortexM4lf_math.lib(arm_const_structs.o)
    0x0800d084   0x0800d084   0x00002000   Data   RO         1210    .constdata          arm_cortexM4lf_math.lib(arm_common_tables.o)
    0x0800f084   0x0800f084   0x00000e10   Data   RO         1239    .constdata          arm_cortexM4lf_math.lib(arm_common_tables.o)
    0x0800fe94   0x0800fe94   0x00000004   PAD
    0x0800fe98   0x0800fe98   0x00000098   Data   RO         1445    .constdata          m_wm.l(atan.o)
    0x0800ff30   0x0800ff30   0x00000030   Data   RO         1457    .constdata          m_wm.l(cos_i.o)
    0x0800ff60   0x0800ff60   0x00000008   Data   RO         1473    .constdata          m_wm.l(qnan.o)
    0x0800ff68   0x0800ff68   0x000000c8   Data   RO         1476    .constdata          m_wm.l(rred.o)
    0x08010030   0x08010030   0x00000028   Data   RO         1480    .constdata          m_wm.l(sin_i.o)
    0x08010058   0x08010058   0x00000094   Data   RO         1521    .constdata          c_w.l(bigflt0.o)
    0x080100ec   0x080100ec   0x00000020   Data   RO         1701    Region$$Table       anon$$obj.o
    0x0801010c   0x0801010c   0x0000001c   Data   RO         1545    locale$$data        c_w.l(lc_numeric_c.o)


    Execution Region RW_IRAM1 (Exec base: 0x20000000, Load base: 0x08010128, Size: 0x00005680, Max: 0x00020000, ABSOLUTE)

    Exec Addr    Load Addr    Size         Type   Attr      Idx    E Section Name        Object

    0x20000000   0x08010128   0x00000014   Data   RW          232    .data               system_stm32f4xx.o
    0x20000014   0x0801013c   0x00000012   Data   RW          259    .data               lcd.o
    0x20000026   0x0801014e   0x00000006   Data   RW          311    .data               key.o
    0x2000002c   0x08010154   0x00000018   Data   RW          367    .data               timer4.o
    0x20000044   0x0801016c   0x00000060   Data   RW          393    .data               timer.o
    0x200000a4   0x080101cc   0x00000004   Data   RW          423    .data               input_event.o
    0x200000a8   0x080101d0   0x00000002   Data   RW          458    .data               fft.o
    0x200000aa   0x080101d2   0x00000009   Data   RW          508    .data               screen_main.o
    0x200000b3   0x080101db   0x00000010   Data   RW          697    .data               stm32f4xx_rcc.o
    0x200000c3   0x080101eb   0x00000001   PAD
    0x200000c4   0x080101ec   0x0000001d   Data   RW          759    .data               xpt2046.o
    0x200000e1   0x08010209   0x00000001   PAD
    0x200000e2   0x0801020a   0x00000004   Data   RW          886    .data               common.o
    0x200000e6   0x0801020e   0x00000002   PAD
    0x200000e8   0x08010210   0x00000032   Data   RW          933    .data               valuepack.o
    0x2000011a   0x08010242   0x00000002   PAD
    0x2000011c        -       0x00001000   Zero   RW          337    .bss                adc.o
    0x2000111c        -       0x00003000   Zero   RW          457    .bss                fft.o
    0x2000411c        -       0x00000400   Zero   RW          931    .bss                valuepack.o
    0x2000451c        -       0x00000060   Zero   RW         1557    .bss                c_w.l(libspace.o)
    0x2000457c   0x08010242   0x00000004   PAD
    0x20004580        -       0x00000200   Zero   RW          223    HEAP                startup_stm32f40_41xxx.o
    0x20004780        -       0x00000f00   Zero   RW          222    STACK               startup_stm32f40_41xxx.o


==============================================================================

Image component sizes


      Code (inc. data)   RO Data    RW Data    ZI Data      Debug   Object Name

      1032         82          0          0          0       1774   19c_main_progress.o
       464         22          0          0          0       1943   ad9833.o
       832         36          0          0       4096       2724   adc.o
       796         40          0          4          0       2622   common.o
       372         36          0          2      12288       1802   fft.o
       180         24          0          4          0       1063   input_event.o
       264         28          0          6          0       1231   key.o
      3688        146       7220         18          0      11309   lcd.o
       288         66          0          0          0     333116   main.o
       224         20          0          0          0       1861   misc.o
      3892        342          0          9          0       6088   screen_main.o
        64         26        392          0       4352        856   startup_stm32f40_41xxx.o
      1124         24          0          0          0      10734   stm32f4xx_adc.o
       936         32          0          0          0       6437   stm32f4xx_dma.o
      1480         18         28          0          0       5702   stm32f4xx_fsmc.o
       660         44          0          0          0       4201   stm32f4xx_gpio.o
        26          0          0          0          0       1242   stm32f4xx_it.o
      1628         52          0         16          0      13088   stm32f4xx_rcc.o
      3234         60          0          0          0      23060   stm32f4xx_tim.o
      1108         34          0          0          0       7928   stm32f4xx_usart.o
       528         46          0         20          0       1895   system_stm32f4xx.o
       504         26          0         96          0       2917   timer.o
       460         20          0         24          0       2046   timer4.o
       304         38          0          0          0       1094   touch.o
      1412         80          0         50       1024       6625   valuepack.o
      1072        104          0         29          0       3610   xpt2046.o

    ----------------------------------------------------------------------
     26576       1446       7672        284      21760     456968   Object Totals
         0          0         32          0          0          0   (incl. Generated)
         4          0          0          6          0          0   (incl. Padding)

    ----------------------------------------------------------------------

      Code (inc. data)   RO Data    RW Data    ZI Data      Debug   Library Member Name

       192          0          0          0          0        572   arm_bitreversal2.o
      1826          0          0          0          0      17385   arm_cfft_f32.o
      1244          4          0          0          0       3123   arm_cfft_radix8_f32.o
       252          6          0          0          0      17652   arm_cmplx_mag_f32.o
         0          0      11792          0          0       4704   arm_common_tables.o
         0          0         16          0          0       4212   arm_const_structs.o
         8          0          0          0          0         68   __main.o
       284          0          0          0          0        156   __printf_wp.o
         0          0          0          0          0          0   __rtentry.o
        12          0          0          0          0          0   __rtentry2.o
         6          0          0          0          0          0   __rtentry4.o
        52          8          0          0          0          0   __scatter.o
        26          0          0          0          0          0   __scatter_copy.o
        28          0          0          0          0          0   __scatter_zi.o
        48          4          0          0          0         84   _fptrap.o
        48          6          0          0          0         96   _printf_char_common.o
         6          0          0          0          0          0   _printf_d.o
       120         16          0          0          0         92   _printf_dec.o
         6          0          0          0          0          0   _printf_f.o
      1054          0          0          0          0        216   _printf_fp_dec.o
       128         16          0          0          0         84   _printf_fp_infnan.o
       178          0          0          0          0         88   _printf_intcommon.o
         0          0          0          0          0          0   _printf_percent.o
         4          0          0          0          0          0   _printf_percent_end.o
        22          0          0          0          0        100   _rserrno.o
        10          0          0          0          0         68   _sputc.o
       228          4        148          0          0         96   bigflt0.o
      1936        128          0          0          0        672   btod.o
        10          0          0          0          0         68   defsig_exit.o
       172        110          0          0          0         76   defsig_fpe_inner.o
        14          0          0          0          0         80   defsig_fpe_outer.o
        50          0          0          0          0         88   defsig_general.o
        18          0          0          0          0         80   exit.o
         6          0          0          0          0        152   heapauxi.o
         0          0          0          0          0          0   indicate_semi.o
        44         10         28          0          0         76   lc_numeric_c.o
         2          0          0          0          0          0   libinit.o
        22          0          0          0          0          0   libinit2.o
         2          0          0          0          0          0   libshutdown.o
         2          0          0          0          0          0   libshutdown2.o
         8          4          0          0         96         68   libspace.o
       138          0          0          0          0         80   lludiv10.o
       238          0          0          0          0        100   lludivv7m.o
        40          6          0          0          0         84   noretval__2sprintf.o
         8          4          0          0          0         68   rt_errno_addr_intlibspace.o
         8          4          0          0          0         68   rt_locale_intlibspace.o
        78          0          0          0          0         80   rt_memclr_w.o
         2          0          0          0          0          0   rtexit.o
        10          0          0          0          0          0   rtexit2.o
       128          0          0          0          0         68   strcmpv7m.o
        12          4          0          0          0         68   sys_exit.o
        74          0          0          0          0         80   sys_stackheap_outer.o
        14          0          0          0          0         76   sys_wrch.o
         2          0          0          0          0         68   use_no_semi.o
        24          0          0          0          0        164   basic.o
       708         16          0          0          0        140   d2f_clz.o
      1336         32          0          0          0        532   daddsub_clz.o
        24          0          0          0          0        116   dcmpi.o
       892        152          0          0          0        292   ddiv_clz.o
       116          8          0          0          0        140   deqf.o
       200         16          0          0          0        184   dfix.o
       220         16          0          0          0        192   dfixu.o
       110          0          0          0          0        348   dflt_clz.o
       120          8          0          0          0        140   dleqf.o
       448         16          0          0          0        164   dmul_clz.o
       258          4          0          0          0        156   dnaninf.o
       112          0          0          0          0        160   drenorm_clz.o
        12          0          0          0          0        116   dretinf.o
        98          0          0          0          0        128   drleqf.o
       378          0          0          0          0        168   dunder_clz.o
       492         36          0          0          0        148   except.o
       122          8          0          0          0        132   f2d.o
       242          4          0          0          0        144   fnaninf.o
        10          0          0          0          0        116   fpinit.o
        10          0          0          0          0        116   fretinf.o
       316          0          0          0          0        132   funder_clz.o
        32          4          0          0          0        116   istatus.o
         4          0          0          0          0        116   printf1.o
       178          0          0          0          0        116   retnan.o
       126          0          0          0          0        148   trapv.o
         0          0          0          0          0          0   usenofp.o
       744        106        152          0          0        352   atan.o
       512         64          0          0          0        208   atan2.o
       200         20          0          0          0        164   cos.o
       368         46         48          0          0        200   cos_i.o
       104         16          0          0          0        496   dunder.o
        44          0          0          0          0        248   fabs.o
        48          0          0          0          0        124   fpclassify.o
       248          0          0          0          0        152   poly.o
         0          0          8          0          0          0   qnan.o
      1080        142        200          0          0        188   rred.o
       304         24         40          0          0        208   sin_i.o
        58          0          0          0          0        136   sqrtf_full.o

    ----------------------------------------------------------------------
     19148       1072      12436          0        100      57896   Library Totals
        30          0          4          0          4          0   (incl. Padding)

    ----------------------------------------------------------------------

      Code (inc. data)   RO Data    RW Data    ZI Data      Debug   Library Name

      3514         10      11808          0          0      47648   arm_cortexM4lf_math.lib
      5306        324        176          0         96       3348   c_w.l
      6588        320          0          0          0       4424   g_wm.l
      3710        418        448          0          0       2476   m_wm.l

    ----------------------------------------------------------------------
     19148       1072      12436          0        100      57896   Library Totals

    ----------------------------------------------------------------------

==============================================================================


      Code (inc. data)   RO Data    RW Data    ZI Data      Debug   

     45724       2518      20108        284      21860     503392   Grand Totals
     45724       2518      20108        284      21860     503392   ELF Image Totals
     45724       2518      20108        284          0          0   ROM Totals

==============================================================================

    Total RO  Size (Code + RO Data)                65832 (  64.29kB)
    Total RW  Size (RW Data + ZI Data)             22144 (  21.63kB)
    Total ROM Size (Code + RO Data + RW Data)      66116 (  64.57kB)

==============================================================================

