<html>
<body>
<pre>
<h1>µVision Build Log</h1>
<h2>Tool Versions:</h2>
IDE-Version: ¶ÃVision V5.37.0.0
Copyright (C) 2022 ARM Ltd and ARM Germany GmbH. All rights reserved.
License Information: dark arc, arc, LIC=HN0AE-5GPLU-BSKYX-HAR40-S04QW-VKN22
 
Tool Versions:
Toolchain:       MDK-ARM Plus  Version: 5.37.0.0
Toolchain Path:  C:\Works\keilv537\ARM\ARMCLANG\Bin
C Compiler:      ArmClang.exe V6.18
Assembler:       Armasm.exe V6.18
Linker/Locator:  ArmLink.exe V6.18
Library Manager: ArmAr.exe V6.18
Hex Converter:   FromElf.exe V6.18
CPU DLL:         SARMCM3.DLL V5.37.0.0
Dialog DLL:      DCM.DLL V1.17.5.0
Target DLL:      STLink\ST-LINKIII-KEIL_SWO.dll V3.0.9.0
Dialog DLL:      TCM.DLL V1.56.1.0
 
<h2>Project:</h2>
D:\Works\keili\Stm32F407ZGT6¥˙¬ÎøÚº‹ - ∏±±æ\Project\ADC.uvprojx
Project File Date:  07/19/2023

<h2>Output:</h2>
*** Using Compiler 'V6.18', folder: 'C:\Works\keilv537\ARM\ARMCLANG\Bin'
Rebuild target 'Target 1'
assembling startup_stm32f40_41xxx.s...
../Startup_config/system_stm32f4xx.c(657): warning: while loop has empty body [-Wempty-body]
    while ((RCC->CFGR & (uint32_t)RCC_CFGR_SWS ) != RCC_CFGR_SWS_PLL);
                                                                     ^
../Startup_config/system_stm32f4xx.c(657): note: put the semicolon on a separate line to silence this warning
1 warning generated.
compiling system_stm32f4xx.c...
compiling stm32f4xx_it.c...
compiling main.c...
compiling lcd.c...
compiling led.c...
compiling key.c...
compiling timer4.c...
compiling adc.c...
compiling timer.c...
compiling Input_event.c...
compiling fft.c...
compiling touch.c...
compiling dac.c...
../USER/pid.c(47): warning: implicitly declaring library function 'sprintf' with type 'int (char *, const char *, ...)' [-Wimplicit-function-declaration]
        sprintf((char *)display_str, "DAC VOL:%.4f", dac_out); //ÊµÆÁÇπÂûãÊï∞ÊçÆ  e-01  Â∞±ÊòØÈô§‰∫é10      /10  //%06e
        ^
../USER/pid.c(47): note: include the header <stdio.h> or explicitly provide a declaration for 'sprintf'
1 warning generated.
compiling pid.c...
../USER/Screen/Screen_main.c(183): warning: variable length array folded to constant array as an extension [-Wgnu-folding-constant]
    int real_part[show_len] = {0};
        ^
../USER/Screen/Screen_main.c(184): warning: variable length array folded to constant array as an extension [-Wgnu-folding-constant]
    int imag_part[show_len] = {0};
        ^
../USER/Screen/Screen_main.c(185): warning: variable length array folded to constant array as an extension [-Wgnu-folding-constant]
    int key_index[show_len] = {0};
        ^
3 warnings generated.
compiling Screen_main.c...
compiling SPI.c...
compiling misc.c...
../USER/19C_main_progress.c(66): warning: variable length array folded to constant array as an extension [-Wgnu-folding-constant]
    int real_part[show_len] = {0};
        ^
1 warning generated.
compiling 19C_main_progress.c...
compiling stm32f4xx_gpio.c...
compiling stm32f4xx_fsmc.c...
compiling stm32f4xx_usart.c...
compiling stm32f4xx_rcc.c...
compiling xpt2046.c...
compiling stm32f4xx_adc.c...
compiling stm32f4xx_spi.c...
compiling stm32f4xx_dac.c...
compiling stm32f4xx_exti.c...
compiling stm32f4xx_dma.c...
compiling stm32f4xx_tim.c...
compiling common.c...
compiling AD9833.c...
../USER/Uart/valuepack.c(24): warning: variable length array folded to constant array as an extension [-Wgnu-folding-constant]
unsigned char vp_txbuff[TXPACK_BYTE_SIZE+3];
              ^
1 warning generated.
compiling valuepack.c...
linking...
Program Size: Code=50800 RO-data=20380 RW-data=32 ZI-data=21992  
FromELF: creating hex file...
".\OBJ\ADC.axf" - 0 Error(s), 7 Warning(s).

<h2>Software Packages used:</h2>

Package Vendor: ARM
                http://www.keil.com/pack/ARM.CMSIS.5.9.0.pack
                ARM.CMSIS.5.9.0
                CMSIS (Common Microcontroller Software Interface Standard)
   * Component: CORE Version: 5.6.0

Package Vendor: Keil
                http://www.keil.com/pack/Keil.STM32F4xx_DFP.2.16.0.pack
                Keil.STM32F4xx_DFP.2.16.0
                STMicroelectronics STM32F4 Series Device Support, Drivers and Examples

<h2>Collection of Component include folders:</h2>
  ./RTE/_Target_1
  C:/Works/keilv537/ARM/Packs/ARM/CMSIS/5.9.0/CMSIS/Core/Include
  C:/Works/keilv537/ARM/Packs/Keil/STM32F4xx_DFP/2.16.0/Drivers/CMSIS/Device/ST/STM32F4xx/Include

<h2>Collection of Component Files used:</h2>

   * Component: ARM::CMSIS:CORE:5.6.0
Build Time Elapsed:  00:00:03
</pre>
</body>
</html>
